Archive member included to satisfy reference by file (symbol)

/usr/lib/arm-none-eabi/newlib/thumb/v7-m//libc_nano.a(lib_a-errno.o)
                              malloc.o (__errno)
/usr/lib/arm-none-eabi/newlib/thumb/v7-m//libc_nano.a(lib_a-impure.o)
                              /usr/lib/arm-none-eabi/newlib/thumb/v7-m//libc_nano.a(lib_a-errno.o) (_impure_ptr)
/usr/lib/arm-none-eabi/newlib/thumb/v7-m//libc_nano.a(lib_a-memcpy.o)
                              queue.o (memcpy)
/usr/lib/arm-none-eabi/newlib/thumb/v7-m//libc_nano.a(lib_a-memset.o)
                              main.o (memset)
/usr/lib/arm-none-eabi/newlib/thumb/v7-m//libc_nano.a(lib_a-nano-vfprintf_float.o)
                              (_printf_float)
/usr/lib/arm-none-eabi/newlib/thumb/v7-m//libc_nano.a(lib_a-nano-vfprintf_i.o)
                              /usr/lib/arm-none-eabi/newlib/thumb/v7-m//libc_nano.a(lib_a-nano-vfprintf_float.o) (_printf_common)
/usr/lib/arm-none-eabi/newlib/thumb/v7-m//libc_nano.a(lib_a-strlen-stub.o)
                              main.o (strlen)
/usr/lib/arm-none-eabi/newlib/thumb/v7-m//libc_nano.a(lib_a-dtoa.o)
                              /usr/lib/arm-none-eabi/newlib/thumb/v7-m//libc_nano.a(lib_a-nano-vfprintf_float.o) (_dtoa_r)
/usr/lib/arm-none-eabi/newlib/thumb/v7-m//libc_nano.a(lib_a-localeconv.o)
                              /usr/lib/arm-none-eabi/newlib/thumb/v7-m//libc_nano.a(lib_a-nano-vfprintf_float.o) (_localeconv_r)
/usr/lib/arm-none-eabi/newlib/thumb/v7-m//libc_nano.a(lib_a-memchr-stub.o)
                              /usr/lib/arm-none-eabi/newlib/thumb/v7-m//libc_nano.a(lib_a-nano-vfprintf_i.o) (memchr)
/usr/lib/arm-none-eabi/newlib/thumb/v7-m//libc_nano.a(lib_a-mprec.o)
                              /usr/lib/arm-none-eabi/newlib/thumb/v7-m//libc_nano.a(lib_a-dtoa.o) (_Balloc)
/usr/lib/arm-none-eabi/newlib/thumb/v7-m//libc_nano.a(lib_a-nano-callocr.o)
                              /usr/lib/arm-none-eabi/newlib/thumb/v7-m//libc_nano.a(lib_a-mprec.o) (_calloc_r)
/usr/lib/arm-none-eabi/newlib/thumb/v7-m//libc_nano.a(lib_a-nano-mallocr.o)
                              /usr/lib/arm-none-eabi/newlib/thumb/v7-m//libc_nano.a(lib_a-nano-callocr.o) (_malloc_r)
/usr/lib/arm-none-eabi/newlib/thumb/v7-m//libc_nano.a(lib_a-sbrkr.o)
                              /usr/lib/arm-none-eabi/newlib/thumb/v7-m//libc_nano.a(lib_a-nano-mallocr.o) (_sbrk_r)
/usr/lib/arm-none-eabi/newlib/thumb/v7-m//libc_nano.a(lib_a-locale.o)
                              /usr/lib/arm-none-eabi/newlib/thumb/v7-m//libc_nano.a(lib_a-localeconv.o) (__global_locale)
/usr/lib/arm-none-eabi/newlib/thumb/v7-m//libc_nano.a(lib_a-mbtowc_r.o)
                              /usr/lib/arm-none-eabi/newlib/thumb/v7-m//libc_nano.a(lib_a-locale.o) (__ascii_mbtowc)
/usr/lib/arm-none-eabi/newlib/thumb/v7-m//libc_nano.a(lib_a-mlock.o)
                              /usr/lib/arm-none-eabi/newlib/thumb/v7-m//libc_nano.a(lib_a-nano-mallocr.o) (__malloc_lock)
/usr/lib/arm-none-eabi/newlib/thumb/v7-m//libc_nano.a(lib_a-reent.o)
                              /usr/lib/arm-none-eabi/newlib/thumb/v7-m//libc_nano.a(lib_a-sbrkr.o) (errno)
/usr/lib/arm-none-eabi/newlib/thumb/v7-m//libc_nano.a(lib_a-strcmp.o)
                              /usr/lib/arm-none-eabi/newlib/thumb/v7-m//libc_nano.a(lib_a-locale.o) (strcmp)
/usr/lib/arm-none-eabi/newlib/thumb/v7-m//libc_nano.a(lib_a-wctomb_r.o)
                              /usr/lib/arm-none-eabi/newlib/thumb/v7-m//libc_nano.a(lib_a-locale.o) (__ascii_wctomb)
/usr/lib/arm-none-eabi/newlib/thumb/v7-m//libc_nano.a(lib_a-ctype_.o)
                              /usr/lib/arm-none-eabi/newlib/thumb/v7-m//libc_nano.a(lib_a-locale.o) (_ctype_)
/usr/lib/arm-none-eabi/newlib/thumb/v7-m//libc_nano.a(lib_a-nano-freer.o)
                              /usr/lib/arm-none-eabi/newlib/thumb/v7-m//libc_nano.a(lib_a-reent.o) (_free_r)
/usr/lib/gcc/arm-none-eabi/7.3.1/thumb/v7-m/libgcc.a(_arm_addsubdf3.o)
                              /usr/lib/arm-none-eabi/newlib/thumb/v7-m//libc_nano.a(lib_a-dtoa.o) (__aeabi_dsub)
/usr/lib/gcc/arm-none-eabi/7.3.1/thumb/v7-m/libgcc.a(_arm_muldivdf3.o)
                              /usr/lib/arm-none-eabi/newlib/thumb/v7-m//libc_nano.a(lib_a-dtoa.o) (__aeabi_dmul)
/usr/lib/gcc/arm-none-eabi/7.3.1/thumb/v7-m/libgcc.a(_arm_cmpdf2.o)
                              /usr/lib/arm-none-eabi/newlib/thumb/v7-m//libc_nano.a(lib_a-nano-vfprintf_float.o) (__aeabi_dcmpeq)
/usr/lib/gcc/arm-none-eabi/7.3.1/thumb/v7-m/libgcc.a(_arm_unorddf2.o)
                              /usr/lib/arm-none-eabi/newlib/thumb/v7-m//libc_nano.a(lib_a-nano-vfprintf_float.o) (__aeabi_dcmpun)
/usr/lib/gcc/arm-none-eabi/7.3.1/thumb/v7-m/libgcc.a(_arm_fixdfsi.o)
                              /usr/lib/arm-none-eabi/newlib/thumb/v7-m//libc_nano.a(lib_a-dtoa.o) (__aeabi_d2iz)

Allocating common symbols
Common symbol       size              file

errno               0x4               /usr/lib/arm-none-eabi/newlib/thumb/v7-m//libc_nano.a(lib_a-reent.o)

Discarded input sections

 .group         0x0000000000000000        0xc main.o
 .group         0x0000000000000000        0x8 main.o
 .group         0x0000000000000000        0x8 main.o
 .group         0x0000000000000000        0xc main.o
 .group         0x0000000000000000        0x8 main.o
 .group         0x0000000000000000        0xc main.o
 .group         0x0000000000000000        0xc main.o
 .group         0x0000000000000000        0x8 main.o
 .group         0x0000000000000000        0x8 main.o
 .group         0x0000000000000000        0x8 main.o
 .group         0x0000000000000000        0x8 main.o
 .group         0x0000000000000000        0xc main.o
 .group         0x0000000000000000        0xc main.o
 .group         0x0000000000000000        0x8 main.o
 .group         0x0000000000000000        0xc main.o
 .group         0x0000000000000000        0xc main.o
 .group         0x0000000000000000        0xc main.o
 .group         0x0000000000000000        0xc main.o
 .group         0x0000000000000000        0x8 main.o
 .group         0x0000000000000000        0xc main.o
 .group         0x0000000000000000        0x8 main.o
 .group         0x0000000000000000        0xc main.o
 .group         0x0000000000000000        0x8 main.o
 .group         0x0000000000000000        0x8 main.o
 .group         0x0000000000000000        0xc main.o
 .group         0x0000000000000000        0xc main.o
 .group         0x0000000000000000        0xc main.o

Memory Configuration

Name             Origin             Length             Attributes
RAM              0x0000000020000000 0x0000000000005000 xrw
ROM              0x0000000008000000 0x0000000000020000 xr
*default*        0x0000000000000000 0xffffffffffffffff

Linker script and memory map

LOAD startup.o
LOAD malloc.o
LOAD tasks.o
LOAD heap_2.o
LOAD timers.o
LOAD list.o
LOAD port.o
LOAD queue.o
LOAD main.o
LOAD /usr/lib/arm-none-eabi/newlib/thumb/v7-m//libm.a
LOAD /usr/lib/arm-none-eabi/newlib/thumb/v7-m//libc_nano.a
LOAD /usr/lib/gcc/arm-none-eabi/7.3.1/thumb/v7-m/libgcc.a
START GROUP
LOAD /usr/lib/gcc/arm-none-eabi/7.3.1/thumb/v7-m/libgcc.a
LOAD /usr/lib/arm-none-eabi/newlib/thumb/v7-m//libc_nano.a
END GROUP
START GROUP
LOAD /usr/lib/gcc/arm-none-eabi/7.3.1/thumb/v7-m/libgcc.a
LOAD /usr/lib/arm-none-eabi/newlib/thumb/v7-m//libc_nano.a
LOAD /usr/lib/arm-none-eabi/newlib/thumb/v7-m//libnosys.a
END GROUP
START GROUP
LOAD /usr/lib/gcc/arm-none-eabi/7.3.1/thumb/v7-m/libgcc.a
LOAD /usr/lib/arm-none-eabi/newlib/thumb/v7-m//libc_nano.a
LOAD /usr/lib/arm-none-eabi/newlib/thumb/v7-m//libnosys.a
END GROUP
                0x0000000000000800                _Min_Heap_Size = 0x800
                0x0000000000000120                _Min_Stack_Size = 0x120

.text           0x0000000008000000     0x71b8
                0x0000000008000000                . = ALIGN (0x4)
 *(.vectors)
 .vectors       0x0000000008000000      0x130 startup.o
                0x0000000008000000                vectors
 *(.vectors)
 *(.text)
 .text          0x0000000008000130        0x0 startup.o
 .text          0x0000000008000130        0x0 malloc.o
 .text          0x0000000008000130     0x1238 tasks.o
                0x0000000008000234                xTaskCreate
                0x0000000008000404                vTaskDelete
                0x00000000080004c4                uxTaskPriorityGet
                0x00000000080004e4                uxTaskPriorityGetFromISR
                0x0000000008000510                vTaskPrioritySet
                0x00000000080005ec                vTaskResume
                0x0000000008000678                xTaskResumeFromISR
                0x0000000008000718                vTaskStartScheduler
                0x000000000800077c                vTaskEndScheduler
                0x00000000080007a0                vTaskSuspendAll
                0x00000000080007b4                xTaskGetTickCount
                0x00000000080007c0                xTaskGetTickCountFromISR
                0x00000000080007cc                uxTaskGetNumberOfTasks
                0x00000000080007d8                pcTaskGetName
                0x00000000080007f0                xTaskIncrementTick
                0x00000000080008e8                xTaskResumeAll
                0x00000000080009c8                vTaskDelayUntil
                0x0000000008000a2c                vTaskDelay
                0x0000000008000a60                xTaskCatchUpTicks
                0x0000000008000a80                vTaskSwitchContext
                0x0000000008000aec                vTaskSuspend
                0x0000000008000bb8                vTaskPlaceOnEventList
                0x0000000008000bd8                vTaskPlaceOnUnorderedEventList
                0x0000000008000c00                vTaskPlaceOnEventListRestricted
                0x0000000008000c28                xTaskRemoveFromEventList
                0x0000000008000c98                vTaskRemoveFromUnorderedEventList
                0x0000000008000cec                vTaskSetTimeOutState
                0x0000000008000d0c                vTaskInternalSetTimeOutState
                0x0000000008000d20                xTaskCheckForTimeOut
                0x0000000008000d78                vTaskMissedYield
                0x0000000008000d88                xTaskGetCurrentTaskHandle
                0x0000000008000d94                xTaskGetSchedulerState
                0x0000000008000db4                xTaskPriorityInherit
                0x0000000008000e68                xTaskPriorityDisinherit
                0x0000000008000ef0                vTaskPriorityDisinheritAfterTimeout
                0x0000000008000f78                uxTaskResetEventItemValue
                0x0000000008000f98                pvTaskIncrementMutexHeldCount
                0x0000000008000fb8                ulTaskNotifyTake
                0x000000000800103c                xTaskNotifyWait
                0x00000000080010e4                xTaskGenericNotify
                0x0000000008001198                xTaskGenericNotifyFromISR
                0x0000000008001268                vTaskNotifyGiveFromISR
                0x0000000008001304                xTaskNotifyStateClear
                0x0000000008001338                ulTaskNotifyValueClear
 .text          0x0000000008001368      0x118 heap_2.o
                0x0000000008001368                pvPortMalloc
                0x000000000800142c                vPortFree
                0x0000000008001470                xPortGetFreeHeapSize
                0x000000000800147c                vPortInitialiseBlocks
 .text          0x0000000008001480      0x410 timers.o
                0x0000000008001510                xTimerCreateTimerTask
                0x000000000800154c                xTimerCreate
                0x0000000008001592                xTimerGenericCommand
                0x00000000080017f8                xTimerGetTimerDaemonTaskHandle
                0x0000000008001804                xTimerGetPeriod
                0x0000000008001808                vTimerSetReloadMode
                0x0000000008001834                uxTimerGetReloadMode
                0x000000000800184c                xTimerGetExpiryTime
                0x0000000008001850                pcTimerGetName
                0x0000000008001854                xTimerIsTimerActive
                0x000000000800186c                pvTimerGetTimerID
                0x000000000800187e                vTimerSetTimerID
 .text          0x0000000008001890       0x8e list.o
                0x0000000008001890                vListInitialise
                0x00000000080018a6                vListInitialiseItem
                0x00000000080018ac                vListInsertEnd
                0x00000000080018c4                vListInsert
                0x00000000080018f8                uxListRemove
 *fill*         0x000000000800191e        0x2 
 .text          0x0000000008001920      0x194 port.o
                0x000000000800195a                pxPortInitialiseStack
                0x000000000800197c                SVC_Handler
                0x00000000080019a4                vPortEndScheduler
                0x00000000080019a6                vPortEnterCritical
                0x00000000080019c4                vPortExitCritical
                0x00000000080019d8                PendSV_Handler
                0x0000000008001a24                SysTick_Handler
                0x0000000008001a50                vPortSetupTimerInterrupt
                0x0000000008001a78                xPortStartScheduler
 .text          0x0000000008001ab4      0x9ac queue.o
                0x0000000008001be2                xQueueGenericReset
                0x0000000008001c54                xQueueGenericCreate
                0x0000000008001c84                xQueueCreateCountingSemaphore
                0x0000000008001c9a                xQueueGenericSend
                0x0000000008001dc0                xQueueCreateMutex
                0x0000000008001de4                xQueueGiveMutexRecursive
                0x0000000008001e10                xQueueGenericSendFromISR
                0x0000000008001e80                xQueueGiveFromISR
                0x0000000008001ee4                xQueueReceive
                0x0000000008001ff4                xQueueSemaphoreTake
                0x000000000800214c                xQueueTakeMutexRecursive
                0x000000000800217c                xQueuePeek
                0x0000000008002288                xQueueReceiveFromISR
                0x00000000080022fa                xQueuePeekFromISR
                0x000000000800232a                uxQueueMessagesWaiting
                0x000000000800233c                uxQueueSpacesAvailable
                0x0000000008002352                uxQueueMessagesWaitingFromISR
                0x0000000008002356                xQueueIsQueueEmptyFromISR
                0x0000000008002360                xQueueIsQueueFullFromISR
                0x000000000800236e                vQueueAddToRegistry
                0x00000000080023a0                pcQueueGetName
                0x00000000080023cc                vQueueUnregisterQueue
                0x0000000008002400                vQueueDelete
                0x0000000008002410                vQueueWaitForMessageRestricted
 .text          0x0000000008002460        0x0 main.o
 .text          0x0000000008002460        0xc /usr/lib/arm-none-eabi/newlib/thumb/v7-m//libc_nano.a(lib_a-errno.o)
                0x0000000008002460                __errno
 .text          0x000000000800246c        0x0 /usr/lib/arm-none-eabi/newlib/thumb/v7-m//libc_nano.a(lib_a-impure.o)
 .text          0x000000000800246c       0xec /usr/lib/arm-none-eabi/newlib/thumb/v7-m//libc_nano.a(lib_a-memcpy.o)
                0x000000000800246c                memcpy
 .text          0x0000000008002558       0x94 /usr/lib/arm-none-eabi/newlib/thumb/v7-m//libc_nano.a(lib_a-memset.o)
                0x0000000008002558                memset
 .text          0x00000000080025ec      0x6ec /usr/lib/arm-none-eabi/newlib/thumb/v7-m//libc_nano.a(lib_a-nano-vfprintf_float.o)
                0x00000000080025ec                __cvt
                0x00000000080026d4                __exponent
                0x0000000008002760                _printf_float
 .text          0x0000000008002cd8      0x3a0 /usr/lib/arm-none-eabi/newlib/thumb/v7-m//libc_nano.a(lib_a-nano-vfprintf_i.o)
                0x0000000008002cd8                _printf_common
                0x0000000008002df4                _printf_i
 .text          0x0000000008003078       0x5c /usr/lib/arm-none-eabi/newlib/thumb/v7-m//libc_nano.a(lib_a-strlen-stub.o)
                0x0000000008003078                strlen
 *fill*         0x00000000080030d4        0x4 
 .text          0x00000000080030d8      0xf7c /usr/lib/arm-none-eabi/newlib/thumb/v7-m//libc_nano.a(lib_a-dtoa.o)
                0x00000000080031fc                _dtoa_r
 .text          0x0000000008004054       0x14 /usr/lib/arm-none-eabi/newlib/thumb/v7-m//libc_nano.a(lib_a-localeconv.o)
                0x0000000008004054                __localeconv_l
                0x0000000008004058                _localeconv_r
                0x0000000008004060                localeconv
 .text          0x0000000008004068       0x8c /usr/lib/arm-none-eabi/newlib/thumb/v7-m//libc_nano.a(lib_a-memchr-stub.o)
                0x0000000008004068                memchr
 .text          0x00000000080040f4      0x93c /usr/lib/arm-none-eabi/newlib/thumb/v7-m//libc_nano.a(lib_a-mprec.o)
                0x00000000080040f4                _Balloc
                0x000000000800415c                _Bfree
                0x0000000008004194                __multadd
                0x0000000008004210                __s2b
                0x00000000080042a8                __hi0bits
                0x00000000080042e8                __lo0bits
                0x0000000008004348                __i2b
                0x000000000800435c                __multiply
                0x00000000080044a8                __pow5mult
                0x0000000008004560                __lshift
                0x0000000008004618                __mcmp
                0x0000000008004650                __mdiff
                0x0000000008004750                __ulp
                0x0000000008004794                __b2d
                0x0000000008004854                __d2b
                0x0000000008004904                __ratio
                0x000000000800495c                _mprec_log10
                0x0000000008004994                __copybits
                0x00000000080049dc                __any_on
 .text          0x0000000008004a30       0x1c /usr/lib/arm-none-eabi/newlib/thumb/v7-m//libc_nano.a(lib_a-nano-callocr.o)
                0x0000000008004a30                _calloc_r
 .text          0x0000000008004a4c       0xc8 /usr/lib/arm-none-eabi/newlib/thumb/v7-m//libc_nano.a(lib_a-nano-mallocr.o)
                0x0000000008004a4c                _malloc_r
 .text          0x0000000008004b14       0x24 /usr/lib/arm-none-eabi/newlib/thumb/v7-m//libc_nano.a(lib_a-sbrkr.o)
                0x0000000008004b14                _sbrk_r
 .text          0x0000000008004b38       0x5c /usr/lib/arm-none-eabi/newlib/thumb/v7-m//libc_nano.a(lib_a-locale.o)
                0x0000000008004b38                _setlocale_r
                0x0000000008004b78                __locale_mb_cur_max
                0x0000000008004b84                setlocale
 .text          0x0000000008004b94       0x40 /usr/lib/arm-none-eabi/newlib/thumb/v7-m//libc_nano.a(lib_a-mbtowc_r.o)
                0x0000000008004b94                _mbtowc_r
                0x0000000008004ba8                __ascii_mbtowc
 .text          0x0000000008004bd4        0x8 /usr/lib/arm-none-eabi/newlib/thumb/v7-m//libc_nano.a(lib_a-mlock.o)
                0x0000000008004bd4                __malloc_lock
                0x0000000008004bd8                __malloc_unlock
 .text          0x0000000008004bdc       0xf0 /usr/lib/arm-none-eabi/newlib/thumb/v7-m//libc_nano.a(lib_a-reent.o)
                0x0000000008004bdc                cleanup_glue
                0x0000000008004c04                _reclaim_reent
 .text          0x0000000008004ccc      0x1bc /usr/lib/arm-none-eabi/newlib/thumb/v7-m//libc_nano.a(lib_a-strcmp.o)
                0x0000000008004ccc                strcmp
 .text          0x0000000008004e88       0x2c /usr/lib/arm-none-eabi/newlib/thumb/v7-m//libc_nano.a(lib_a-wctomb_r.o)
                0x0000000008004e88                _wctomb_r
                0x0000000008004e9c                __ascii_wctomb
 .text          0x0000000008004eb4        0x0 /usr/lib/arm-none-eabi/newlib/thumb/v7-m//libc_nano.a(lib_a-ctype_.o)
 .text          0x0000000008004eb4       0xa8 /usr/lib/arm-none-eabi/newlib/thumb/v7-m//libc_nano.a(lib_a-nano-freer.o)
                0x0000000008004eb4                _free_r
 .text          0x0000000008004f5c      0x378 /usr/lib/gcc/arm-none-eabi/7.3.1/thumb/v7-m/libgcc.a(_arm_addsubdf3.o)
                0x0000000008004f5c                __aeabi_drsub
                0x0000000008004f64                __aeabi_dsub
                0x0000000008004f64                __subdf3
                0x0000000008004f68                __adddf3
                0x0000000008004f68                __aeabi_dadd
                0x00000000080051e0                __aeabi_ui2d
                0x00000000080051e0                __floatunsidf
                0x0000000008005200                __floatsidf
                0x0000000008005200                __aeabi_i2d
                0x0000000008005224                __extendsfdf2
                0x0000000008005224                __aeabi_f2d
                0x0000000008005268                __aeabi_ul2d
                0x0000000008005268                __floatundidf
                0x0000000008005278                __floatdidf
                0x0000000008005278                __aeabi_l2d
 .text          0x00000000080052d4      0x424 /usr/lib/gcc/arm-none-eabi/7.3.1/thumb/v7-m/libgcc.a(_arm_muldivdf3.o)
                0x00000000080052d4                __aeabi_dmul
                0x00000000080052d4                __muldf3
                0x0000000008005528                __aeabi_ddiv
                0x0000000008005528                __divdf3
 .text          0x00000000080056f8      0x110 /usr/lib/gcc/arm-none-eabi/7.3.1/thumb/v7-m/libgcc.a(_arm_cmpdf2.o)
                0x00000000080056f8                __gtdf2
                0x00000000080056f8                __gedf2
                0x0000000008005700                __ltdf2
                0x0000000008005700                __ledf2
                0x0000000008005708                __cmpdf2
                0x0000000008005708                __eqdf2
                0x0000000008005708                __nedf2
                0x0000000008005784                __aeabi_cdrcmple
                0x0000000008005794                __aeabi_cdcmple
                0x0000000008005794                __aeabi_cdcmpeq
                0x00000000080057a4                __aeabi_dcmpeq
                0x00000000080057b8                __aeabi_dcmplt
                0x00000000080057cc                __aeabi_dcmple
                0x00000000080057e0                __aeabi_dcmpge
                0x00000000080057f4                __aeabi_dcmpgt
 .text          0x0000000008005808       0x2c /usr/lib/gcc/arm-none-eabi/7.3.1/thumb/v7-m/libgcc.a(_arm_unorddf2.o)
                0x0000000008005808                __aeabi_dcmpun
                0x0000000008005808                __unorddf2
 .text          0x0000000008005834       0x50 /usr/lib/gcc/arm-none-eabi/7.3.1/thumb/v7-m/libgcc.a(_arm_fixdfsi.o)
                0x0000000008005834                __fixdfsi
                0x0000000008005834                __aeabi_d2iz
 *(.text*)
 .text._Z5_initv
                0x0000000008005884        0xc startup.o
                0x0000000008005884                _init()
 .text._Z5_finiv
                0x0000000008005890        0xc startup.o
                0x0000000008005890                _fini()
 .text._Z17__libc_init_arrayv
                0x000000000800589c       0x74 startup.o
                0x000000000800589c                __libc_init_array()
 .text._Z17__libc_fini_arrayv
                0x0000000008005910       0x44 startup.o
                0x0000000008005910                __libc_fini_array()
 .text.Reset_Handler
                0x0000000008005954       0x44 startup.o
                0x0000000008005954                Reset_Handler
 .text.Default_Handler
                0x0000000008005998        0x2 startup.o
                0x0000000008005998                EXTI2_IRQHandler
                0x0000000008005998                TIM8_TRG_COM_IRQHandler
                0x0000000008005998                TIM8_CC_IRQHandler
                0x0000000008005998                DebugMon_Handler
                0x0000000008005998                TIM1_CC_IRQHandler
                0x0000000008005998                HardFault_Handler
                0x0000000008005998                TIM6_IRQHandler
                0x0000000008005998                PVD_IRQHandler
                0x0000000008005998                SDIO_IRQHandler
                0x0000000008005998                NMI_Handler
                0x0000000008005998                EXTI3_IRQHandler
                0x0000000008005998                USB_HP_CAN_TX_IRQHandler
                0x0000000008005998                EXTI0_IRQHandler
                0x0000000008005998                I2C2_EV_IRQHandler
                0x0000000008005998                UsageFault_Handler
                0x0000000008005998                ADC1_2_IRQHandler
                0x0000000008005998                SPI1_IRQHandler
                0x0000000008005998                CAN_SCE_IRQHandler
                0x0000000008005998                TAMPER_IRQHandler
                0x0000000008005998                TIM8_UP_IRQHandler
                0x0000000008005998                DMA2_Channel2_IRQHandler
                0x0000000008005998                DMA1_Channel4_IRQHandler
                0x0000000008005998                USART3_IRQHandler
                0x0000000008005998                RTC_IRQHandler
                0x0000000008005998                DMA1_Channel7_IRQHandler
                0x0000000008005998                UART5_IRQHandler
                0x0000000008005998                ADC3_IRQHandler
                0x0000000008005998                CAN_RX1_IRQHandler
                0x0000000008005998                DMA2_Channel1_IRQHandler
                0x0000000008005998                I2C1_EV_IRQHandler
                0x0000000008005998                DMA1_Channel6_IRQHandler
                0x0000000008005998                UART4_IRQHandler
                0x0000000008005998                TIM3_IRQHandler
                0x0000000008005998                RCC_IRQHandler
                0x0000000008005998                TIM1_TRG_COM_IRQHandler
                0x0000000008005998                DMA1_Channel1_IRQHandler
                0x0000000008005998                Default_Handler
                0x0000000008005998                EXTI15_10_IRQHandler
                0x0000000008005998                TIM7_IRQHandler
                0x0000000008005998                TIM5_IRQHandler
                0x0000000008005998                EXTI9_5_IRQHandler
                0x0000000008005998                SPI2_IRQHandler
                0x0000000008005998                USB_LP_CAN_RX0_IRQHandler
                0x0000000008005998                MemManage_Handler
                0x0000000008005998                DMA1_Channel5_IRQHandler
                0x0000000008005998                EXTI4_IRQHandler
                0x0000000008005998                DMA1_Channel3_IRQHandler
                0x0000000008005998                FSMC_IRQHandler
                0x0000000008005998                TIM1_UP_IRQHandler
                0x0000000008005998                WWDG_IRQHandler
                0x0000000008005998                TIM2_IRQHandler
                0x0000000008005998                TIM1_BRK_IRQHandler
                0x0000000008005998                EXTI1_IRQHandler
                0x0000000008005998                RTCAlarm_IRQHandler
                0x0000000008005998                DMA2_Channel4_5_IRQHandler
                0x0000000008005998                USART2_IRQHandler
                0x0000000008005998                I2C2_ER_IRQHandler
                0x0000000008005998                DMA1_Channel2_IRQHandler
                0x0000000008005998                TIM8_BRK_IRQHandler
                0x0000000008005998                FLASH_IRQHandler
                0x0000000008005998                BusFault_Handler
                0x0000000008005998                USART1_IRQHandler
                0x0000000008005998                SPI3_IRQHandler
                0x0000000008005998                I2C1_ER_IRQHandler
                0x0000000008005998                DMA2_Channel3_IRQHandler
 .text.__cxa_pure_virtual
                0x000000000800599a        0x6 malloc.o
                0x000000000800599a                __cxa_pure_virtual
 .text._Znwj    0x00000000080059a0       0x3a malloc.o
                0x00000000080059a0                operator new(unsigned int)
 .text._ZdlPv   0x00000000080059da       0x32 malloc.o
                0x00000000080059da                operator delete(void*)
 .text._Znaj    0x0000000008005a0c       0x3a malloc.o
                0x0000000008005a0c                operator new[](unsigned int)
 .text._ZdaPv   0x0000000008005a46       0x32 malloc.o
                0x0000000008005a46                operator delete[](void*)
 .text._ZdlPvj  0x0000000008005a78       0x34 malloc.o
                0x0000000008005a78                operator delete(void*, unsigned int)
 .text._ZSt20__throw_length_errorPKc
                0x0000000008005aac        0xa malloc.o
                0x0000000008005aac                std::__throw_length_error(char const*)
 .text._ZSt17__throw_bad_allocv
                0x0000000008005ab6        0x6 malloc.o
                0x0000000008005ab6                std::__throw_bad_alloc()
 .text.align    0x0000000008005abc       0x34 malloc.o
                0x0000000008005abc                align
 .text._sbrk    0x0000000008005af0       0x74 malloc.o
                0x0000000008005af0                _sbrk
 .text.init_malloc
                0x0000000008005b64       0x1c malloc.o
                0x0000000008005b64                init_malloc
 .text.gluing_free_blocks
                0x0000000008005b80      0x120 malloc.o
                0x0000000008005b80                gluing_free_blocks
 .text.malloc   0x0000000008005ca0      0x17c malloc.o
                0x0000000008005ca0                malloc
 .text.free     0x0000000008005e1c       0x3c malloc.o
                0x0000000008005e1c                free
 .text.__enable_irq
                0x0000000008005e58        0xe main.o
 *fill*         0x0000000008005e66        0x2 
 .text.NVIC_EnableIRQ
                0x0000000008005e68       0x34 main.o
 .text.NVIC_ClearPendingIRQ
                0x0000000008005e9c       0x38 main.o
 .text._ZN5LED13C2Ev
                0x0000000008005ed4       0x18 main.o
                0x0000000008005ed4                LED13::LED13()
                0x0000000008005ed4                LED13::LED13()
 .text._ZN5LED136toggleEv
                0x0000000008005eec       0x1c main.o
                0x0000000008005eec                LED13::toggle()
 .text._ZN5LED137led_iniEv
                0x0000000008005f08       0x40 main.o
                0x0000000008005f08                LED13::led_ini()
 .text._ZN6RCCiniC2Ev
                0x0000000008005f48       0x18 main.o
                0x0000000008005f48                RCCini::RCCini()
                0x0000000008005f48                RCCini::RCCini()
 .text._ZN6RCCini7rcc_iniEv
                0x0000000008005f60      0x114 main.o
                0x0000000008005f60                RCCini::rcc_ini()
 .text._ZN6TimersC2Eh
                0x0000000008006074       0x20 main.o
                0x0000000008006074                Timers::Timers(unsigned char)
                0x0000000008006074                Timers::Timers(unsigned char)
 .text._ZN6Timers9timer_iniEh
                0x0000000008006094      0x200 main.o
                0x0000000008006094                Timers::timer_ini(unsigned char)
 .text._ZN14Spi1_interface12reset_activeEv
                0x0000000008006294       0x24 main.o
                0x0000000008006294                Spi1_interface::reset_active()
 .text._ZN14Spi1_interface10reset_idleEv
                0x00000000080062b8       0x24 main.o
                0x00000000080062b8                Spi1_interface::reset_idle()
 .text._ZN14Spi1_interface10dc_commandEv
                0x00000000080062dc       0x24 main.o
                0x00000000080062dc                Spi1_interface::dc_command()
 .text._ZN14Spi1_interface7dc_dataEv
                0x0000000008006300       0x24 main.o
                0x0000000008006300                Spi1_interface::dc_data()
 .text._ZN14Spi1_interface18ST7789_SendCommandEh
                0x0000000008006324       0x4c main.o
                0x0000000008006324                Spi1_interface::ST7789_SendCommand(unsigned char)
 .text._ZN14Spi1_interface15ST7789_SendDataEh
                0x0000000008006370       0x24 main.o
                0x0000000008006370                Spi1_interface::ST7789_SendData(unsigned char)
 .text._ZN14Spi1_interface12spi_sendByteEh
                0x0000000008006394       0x58 main.o
                0x0000000008006394                Spi1_interface::spi_sendByte(unsigned char)
 .text._ZN14Spi1_interface12spi_sendWordEt
                0x00000000080063ec       0x6c main.o
                0x00000000080063ec                Spi1_interface::spi_sendWord(unsigned short)
 .text._ZN14Spi1_interface13tft_setColumnEii
                0x0000000008006458       0x34 main.o
                0x0000000008006458                Spi1_interface::tft_setColumn(int, int)
 .text._ZN14Spi1_interface10tft_setRowEii
                0x000000000800648c       0x34 main.o
                0x000000000800648c                Spi1_interface::tft_setRow(int, int)
 .text._ZN14Spi1_interface10fillScreenEt
                0x00000000080064c0       0x5a main.o
                0x00000000080064c0                Spi1_interface::fillScreen(unsigned short)
 .text._ZN14Spi1_interface5delayEm
                0x000000000800651a       0x32 main.o
                0x000000000800651a                Spi1_interface::delay(unsigned long)
 .text._ZN6SpiLcdC2Ev
                0x000000000800654c       0x22 main.o
                0x000000000800654c                SpiLcd::SpiLcd()
                0x000000000800654c                SpiLcd::SpiLcd()
 *fill*         0x000000000800656e        0x2 
 .text._ZN6SpiLcd8spi1_iniEv
                0x0000000008006570      0x1d4 main.o
                0x0000000008006570                SpiLcd::spi1_ini()
 .text._ZN6SpiLcd7tft_iniEtt
                0x0000000008006744       0x98 main.o
                0x0000000008006744                SpiLcd::tft_ini(unsigned short, unsigned short)
 .text._ZN14Font_interfaceC2Ev
                0x00000000080067dc       0x2c main.o
                0x00000000080067dc                Font_interface::Font_interface()
                0x00000000080067dc                Font_interface::Font_interface()
 .text._ZN14Font_interface9intToCharEm
                0x0000000008006808      0x1e8 main.o
                0x0000000008006808                Font_interface::intToChar(unsigned long)
 .text._ZN10Font_16x16C2Ev
                0x00000000080069f0      0x1c4 main.o
                0x00000000080069f0                Font_16x16::Font_16x16()
                0x00000000080069f0                Font_16x16::Font_16x16()
 .text._ZN10Font_16x166symbolEtttPKt
                0x0000000008006bb4      0x2b4 main.o
                0x0000000008006bb4                Font_16x16::symbol(unsigned short, unsigned short, unsigned short, unsigned short const*)
 .text._ZN10Font_16x165printEtttPKch
                0x0000000008006e68      0x21a main.o
                0x0000000008006e68                Font_16x16::print(unsigned short, unsigned short, unsigned short, char const*, unsigned char)
 *fill*         0x0000000008007082        0x2 
 .text.TIM4_IRQHandler
                0x0000000008007084       0x2c main.o
                0x0000000008007084                TIM4_IRQHandler
 .text.main     0x00000000080070b0      0x108 main.o
                0x00000000080070b0                main

.vfp11_veneer   0x00000000080071b8        0x0
 .vfp11_veneer  0x00000000080071b8        0x0 linker stubs

.v4_bx          0x00000000080071b8        0x0
 .v4_bx         0x00000000080071b8        0x0 linker stubs

.iplt           0x00000000080071b8        0x0
 .iplt          0x00000000080071b8        0x0 startup.o

.inits          0x00000000080071b8        0x0
                0x00000000080071b8                . = ALIGN (0x4)
 *(.init)
 *(.fini)
                0x00000000080071b8                . = ALIGN (0x4)
                0x00000000080071b8                PROVIDE (__preinit_array_start = .)
                0x00000000080071b8                PROVIDE (__init_array_start = .)
 *(SORT_BY_NAME(.init_array.*))
 *(.init_array)
                0x00000000080071b8                PROVIDE (__init_array_end = .)
                0x00000000080071b8                PROVIDE (__fini_array_start = .)
 *(SORT_BY_NAME(.fini_array.*))
 *(.fini_array)
                0x00000000080071b8                PROVIDE (__fini_array_end = .)
                0x00000000080071b8                . = ALIGN (0x4)

.rodata         0x00000000080071b8      0x428
                0x00000000080071b8                . = ALIGN (0x4)
 *(.rodata)
 .rodata        0x00000000080071b8      0x180 main.o
 .rodata        0x0000000008007338        0x4 /usr/lib/arm-none-eabi/newlib/thumb/v7-m//libc_nano.a(lib_a-impure.o)
                0x0000000008007338                _global_impure_ptr
 *fill*         0x000000000800733c        0x4 
 .rodata        0x0000000008007340      0x128 /usr/lib/arm-none-eabi/newlib/thumb/v7-m//libc_nano.a(lib_a-mprec.o)
                0x0000000008007350                __mprec_tens
                0x0000000008007418                __mprec_tinytens
                0x0000000008007440                __mprec_bigtens
 .rodata        0x0000000008007468      0x101 /usr/lib/arm-none-eabi/newlib/thumb/v7-m//libc_nano.a(lib_a-ctype_.o)
                0x0000000008007468                _ctype_
 *(.rodata*)
 *fill*         0x0000000008007569        0x3 
 .rodata.str1.4
                0x000000000800756c        0x5 tasks.o
 *fill*         0x0000000008007571        0x3 
 .rodata.str1.4
                0x0000000008007574       0x10 timers.o
 .rodata.str1.4
                0x0000000008007584       0x12 /usr/lib/arm-none-eabi/newlib/thumb/v7-m//libc_nano.a(lib_a-nano-vfprintf_float.o)
 *fill*         0x0000000008007596        0x2 
 .rodata.str1.4
                0x0000000008007598       0x25 /usr/lib/arm-none-eabi/newlib/thumb/v7-m//libc_nano.a(lib_a-nano-vfprintf_i.o)
 *fill*         0x00000000080075bd        0x3 
 .rodata.str1.4
                0x00000000080075c0       0x10 /usr/lib/arm-none-eabi/newlib/thumb/v7-m//libc_nano.a(lib_a-dtoa.o)
                                         0x12 (size before relaxing)
 .rodata.str1.4
                0x00000000080075d0       0x10 /usr/lib/arm-none-eabi/newlib/thumb/v7-m//libc_nano.a(lib_a-locale.o)
                                         0x12 (size before relaxing)
 *(vtable)
 *(.glue_7)
 .glue_7        0x00000000080075e0        0x0 linker stubs
 *(.glue_7t)
 .glue_7t       0x00000000080075e0        0x0 linker stubs
                0x00000000080075e0                _etext = .
                0x00000000080075e0                _sidata = LOADADDR (.data)

.rel.dyn        0x00000000080075e0        0x0
 .rel.iplt      0x00000000080075e0        0x0 startup.o

.stack          0x0000000020000000      0x120
                0x0000000020000000                . = ALIGN (0x4)
                0x0000000020000000                _stack_begin = .
                0x0000000020000120                _StackLimit = (_stack_begin + _Min_Stack_Size)
                0x0000000020000120                . = (. + _Min_Stack_Size)
 *fill*         0x0000000020000000      0x120 
                0x0000000020000120                _StackTop = .
                0x0000000020000120                PROVIDE (_estack = _StackTop)

.data           0x0000000020000120      0x1d8 load address 0x00000000080075e0
                0x0000000020000120                . = ALIGN (0x4)
                0x0000000020000120                _sdata = .
 *(.data)
 .data          0x0000000020000120        0x0 startup.o
 .data          0x0000000020000120        0x0 malloc.o
 .data          0x0000000020000120        0x0 tasks.o
 .data          0x0000000020000120        0x4 heap_2.o
 .data          0x0000000020000124        0x0 timers.o
 .data          0x0000000020000124        0x0 list.o
 .data          0x0000000020000124        0x4 port.o
 .data          0x0000000020000128        0x0 queue.o
 .data          0x0000000020000128        0x0 main.o
 .data          0x0000000020000128        0x0 /usr/lib/arm-none-eabi/newlib/thumb/v7-m//libc_nano.a(lib_a-errno.o)
 .data          0x0000000020000128       0x64 /usr/lib/arm-none-eabi/newlib/thumb/v7-m//libc_nano.a(lib_a-impure.o)
                0x0000000020000128                _impure_ptr
 .data          0x000000002000018c        0x0 /usr/lib/arm-none-eabi/newlib/thumb/v7-m//libc_nano.a(lib_a-memcpy.o)
 .data          0x000000002000018c        0x0 /usr/lib/arm-none-eabi/newlib/thumb/v7-m//libc_nano.a(lib_a-memset.o)
 .data          0x000000002000018c        0x0 /usr/lib/arm-none-eabi/newlib/thumb/v7-m//libc_nano.a(lib_a-nano-vfprintf_float.o)
 .data          0x000000002000018c        0x0 /usr/lib/arm-none-eabi/newlib/thumb/v7-m//libc_nano.a(lib_a-nano-vfprintf_i.o)
 .data          0x000000002000018c        0x0 /usr/lib/arm-none-eabi/newlib/thumb/v7-m//libc_nano.a(lib_a-strlen-stub.o)
 .data          0x000000002000018c        0x0 /usr/lib/arm-none-eabi/newlib/thumb/v7-m//libc_nano.a(lib_a-dtoa.o)
 .data          0x000000002000018c        0x0 /usr/lib/arm-none-eabi/newlib/thumb/v7-m//libc_nano.a(lib_a-localeconv.o)
 .data          0x000000002000018c        0x0 /usr/lib/arm-none-eabi/newlib/thumb/v7-m//libc_nano.a(lib_a-memchr-stub.o)
 .data          0x000000002000018c        0x0 /usr/lib/arm-none-eabi/newlib/thumb/v7-m//libc_nano.a(lib_a-mprec.o)
 .data          0x000000002000018c        0x0 /usr/lib/arm-none-eabi/newlib/thumb/v7-m//libc_nano.a(lib_a-nano-callocr.o)
 .data          0x000000002000018c        0x0 /usr/lib/arm-none-eabi/newlib/thumb/v7-m//libc_nano.a(lib_a-nano-mallocr.o)
 .data          0x000000002000018c        0x0 /usr/lib/arm-none-eabi/newlib/thumb/v7-m//libc_nano.a(lib_a-sbrkr.o)
 .data          0x000000002000018c      0x16c /usr/lib/arm-none-eabi/newlib/thumb/v7-m//libc_nano.a(lib_a-locale.o)
                0x000000002000018c                __global_locale
 .data          0x00000000200002f8        0x0 /usr/lib/arm-none-eabi/newlib/thumb/v7-m//libc_nano.a(lib_a-mbtowc_r.o)
 .data          0x00000000200002f8        0x0 /usr/lib/arm-none-eabi/newlib/thumb/v7-m//libc_nano.a(lib_a-mlock.o)
 .data          0x00000000200002f8        0x0 /usr/lib/arm-none-eabi/newlib/thumb/v7-m//libc_nano.a(lib_a-reent.o)
 .data          0x00000000200002f8        0x0 /usr/lib/arm-none-eabi/newlib/thumb/v7-m//libc_nano.a(lib_a-strcmp.o)
 .data          0x00000000200002f8        0x0 /usr/lib/arm-none-eabi/newlib/thumb/v7-m//libc_nano.a(lib_a-wctomb_r.o)
 .data          0x00000000200002f8        0x0 /usr/lib/arm-none-eabi/newlib/thumb/v7-m//libc_nano.a(lib_a-ctype_.o)
 .data          0x00000000200002f8        0x0 /usr/lib/arm-none-eabi/newlib/thumb/v7-m//libc_nano.a(lib_a-nano-freer.o)
 .data          0x00000000200002f8        0x0 /usr/lib/gcc/arm-none-eabi/7.3.1/thumb/v7-m/libgcc.a(_arm_addsubdf3.o)
 .data          0x00000000200002f8        0x0 /usr/lib/gcc/arm-none-eabi/7.3.1/thumb/v7-m/libgcc.a(_arm_muldivdf3.o)
 .data          0x00000000200002f8        0x0 /usr/lib/gcc/arm-none-eabi/7.3.1/thumb/v7-m/libgcc.a(_arm_cmpdf2.o)
 .data          0x00000000200002f8        0x0 /usr/lib/gcc/arm-none-eabi/7.3.1/thumb/v7-m/libgcc.a(_arm_unorddf2.o)
 .data          0x00000000200002f8        0x0 /usr/lib/gcc/arm-none-eabi/7.3.1/thumb/v7-m/libgcc.a(_arm_fixdfsi.o)
 *(.data*)
                0x00000000200002f8                _edata = .

.igot.plt       0x00000000200002f8        0x0 load address 0x00000000080077b8
 .igot.plt      0x00000000200002f8        0x0 startup.o
                0x00000000200002f8                . = ALIGN (0x4)

.bss            0x00000000200002f8     0x2b24 load address 0x00000000080077b8
                0x00000000200002f8                _sbss = .
                0x00000000200002f8                __bss_start__ = _sbss
 *(.bss)
 .bss           0x00000000200002f8        0x0 startup.o
 .bss           0x00000000200002f8        0x0 malloc.o
 .bss           0x00000000200002f8      0x104 tasks.o
                0x0000000020000384                pxCurrentTCB
 .bss           0x00000000200003fc     0x2814 heap_2.o
 .bss           0x0000000020002c10       0x3c timers.o
 .bss           0x0000000020002c4c        0x0 list.o
 .bss           0x0000000020002c4c        0x0 port.o
 .bss           0x0000000020002c4c       0x50 queue.o
                0x0000000020002c4c                xQueueRegistry
 .bss           0x0000000020002c9c        0x0 main.o
 .bss           0x0000000020002c9c        0x0 /usr/lib/arm-none-eabi/newlib/thumb/v7-m//libc_nano.a(lib_a-errno.o)
 .bss           0x0000000020002c9c        0x0 /usr/lib/arm-none-eabi/newlib/thumb/v7-m//libc_nano.a(lib_a-impure.o)
 .bss           0x0000000020002c9c        0x0 /usr/lib/arm-none-eabi/newlib/thumb/v7-m//libc_nano.a(lib_a-memcpy.o)
 .bss           0x0000000020002c9c        0x0 /usr/lib/arm-none-eabi/newlib/thumb/v7-m//libc_nano.a(lib_a-memset.o)
 .bss           0x0000000020002c9c        0x0 /usr/lib/arm-none-eabi/newlib/thumb/v7-m//libc_nano.a(lib_a-nano-vfprintf_float.o)
 .bss           0x0000000020002c9c        0x0 /usr/lib/arm-none-eabi/newlib/thumb/v7-m//libc_nano.a(lib_a-nano-vfprintf_i.o)
 .bss           0x0000000020002c9c        0x0 /usr/lib/arm-none-eabi/newlib/thumb/v7-m//libc_nano.a(lib_a-strlen-stub.o)
 .bss           0x0000000020002c9c        0x0 /usr/lib/arm-none-eabi/newlib/thumb/v7-m//libc_nano.a(lib_a-dtoa.o)
 .bss           0x0000000020002c9c        0x0 /usr/lib/arm-none-eabi/newlib/thumb/v7-m//libc_nano.a(lib_a-localeconv.o)
 .bss           0x0000000020002c9c        0x0 /usr/lib/arm-none-eabi/newlib/thumb/v7-m//libc_nano.a(lib_a-memchr-stub.o)
 .bss           0x0000000020002c9c        0x0 /usr/lib/arm-none-eabi/newlib/thumb/v7-m//libc_nano.a(lib_a-mprec.o)
 .bss           0x0000000020002c9c        0x0 /usr/lib/arm-none-eabi/newlib/thumb/v7-m//libc_nano.a(lib_a-nano-callocr.o)
 .bss           0x0000000020002c9c        0x8 /usr/lib/arm-none-eabi/newlib/thumb/v7-m//libc_nano.a(lib_a-nano-mallocr.o)
                0x0000000020002c9c                __malloc_free_list
                0x0000000020002ca0                __malloc_sbrk_start
 .bss           0x0000000020002ca4        0x0 /usr/lib/arm-none-eabi/newlib/thumb/v7-m//libc_nano.a(lib_a-sbrkr.o)
 .bss           0x0000000020002ca4        0x4 /usr/lib/arm-none-eabi/newlib/thumb/v7-m//libc_nano.a(lib_a-locale.o)
                0x0000000020002ca4                _PathLocale
 .bss           0x0000000020002ca8        0x0 /usr/lib/arm-none-eabi/newlib/thumb/v7-m//libc_nano.a(lib_a-mbtowc_r.o)
 .bss           0x0000000020002ca8        0x0 /usr/lib/arm-none-eabi/newlib/thumb/v7-m//libc_nano.a(lib_a-mlock.o)
 .bss           0x0000000020002ca8        0x0 /usr/lib/arm-none-eabi/newlib/thumb/v7-m//libc_nano.a(lib_a-reent.o)
 .bss           0x0000000020002ca8        0x0 /usr/lib/arm-none-eabi/newlib/thumb/v7-m//libc_nano.a(lib_a-strcmp.o)
 .bss           0x0000000020002ca8        0x0 /usr/lib/arm-none-eabi/newlib/thumb/v7-m//libc_nano.a(lib_a-wctomb_r.o)
 .bss           0x0000000020002ca8        0x0 /usr/lib/arm-none-eabi/newlib/thumb/v7-m//libc_nano.a(lib_a-ctype_.o)
 .bss           0x0000000020002ca8        0x0 /usr/lib/arm-none-eabi/newlib/thumb/v7-m//libc_nano.a(lib_a-nano-freer.o)
 .bss           0x0000000020002ca8        0x0 /usr/lib/gcc/arm-none-eabi/7.3.1/thumb/v7-m/libgcc.a(_arm_addsubdf3.o)
 .bss           0x0000000020002ca8        0x0 /usr/lib/gcc/arm-none-eabi/7.3.1/thumb/v7-m/libgcc.a(_arm_muldivdf3.o)
 .bss           0x0000000020002ca8        0x0 /usr/lib/gcc/arm-none-eabi/7.3.1/thumb/v7-m/libgcc.a(_arm_cmpdf2.o)
 .bss           0x0000000020002ca8        0x0 /usr/lib/gcc/arm-none-eabi/7.3.1/thumb/v7-m/libgcc.a(_arm_unorddf2.o)
 .bss           0x0000000020002ca8        0x0 /usr/lib/gcc/arm-none-eabi/7.3.1/thumb/v7-m/libgcc.a(_arm_fixdfsi.o)
 *(.bss*)
 .bss.current_ends
                0x0000000020002ca8        0x4 malloc.o
                0x0000000020002ca8                current_ends
 .bss.mem       0x0000000020002cac        0x4 malloc.o
                0x0000000020002cac                mem
 .bss._ZN16InterruptManager4IsrVE
                0x0000000020002cb0      0x160 main.o
                0x0000000020002cb0                InterruptManager::IsrV
 .bss.low       0x0000000020002e10        0x2 main.o
                0x0000000020002e10                low
 .bss.high      0x0000000020002e12        0x2 main.o
                0x0000000020002e12                high
 .bss.timerSecFlag
                0x0000000020002e14        0x1 main.o
                0x0000000020002e14                timerSecFlag
 *(COMMON)
 *fill*         0x0000000020002e15        0x3 
 COMMON         0x0000000020002e18        0x4 /usr/lib/arm-none-eabi/newlib/thumb/v7-m//libc_nano.a(lib_a-reent.o)
                0x0000000020002e18                errno
                0x0000000020002e1c                . = ALIGN (0x4)
                0x0000000020002e1c                _ebss = .
                0x0000000020002e1c                __bss_end__ = _ebss

.heap           0x0000000020002e1c      0x800 load address 0x00000000080077b8
                0x0000000020002e1c                . = ALIGN (0x4)
                0x0000000020002e1c                _heap_start = __bss_end__
                [!provide]                        PROVIDE (end = .)
                0x000000002000361c                _heap_limit = (_heap_start + _Min_Heap_Size)
                0x000000002000361c                . = (. + _Min_Heap_Size)
 *fill*         0x0000000020002e1c      0x800 
                0x000000002000361c                PROVIDE (_heap_end = .)
OUTPUT(main.elf elf32-littlearm)

.debug_info     0x0000000000000000    0x1cca2
 .debug_info    0x0000000000000000      0x1c2 startup.o
 .debug_info    0x00000000000001c2     0x12b6 malloc.o
 .debug_info    0x0000000000001478     0x2805 tasks.o
 .debug_info    0x0000000000003c7d      0xb55 heap_2.o
 .debug_info    0x00000000000047d2     0x1783 timers.o
 .debug_info    0x0000000000005f55      0xab9 list.o
 .debug_info    0x0000000000006a0e      0x327 port.o
 .debug_info    0x0000000000006d35     0x21de queue.o
 .debug_info    0x0000000000008f13     0x21cb main.o
 .debug_info    0x000000000000b0de      0x8cb /usr/lib/arm-none-eabi/newlib/thumb/v7-m//libc_nano.a(lib_a-errno.o)
 .debug_info    0x000000000000b9a9      0x8a4 /usr/lib/arm-none-eabi/newlib/thumb/v7-m//libc_nano.a(lib_a-impure.o)
 .debug_info    0x000000000000c24d       0x26 /usr/lib/arm-none-eabi/newlib/thumb/v7-m//libc_nano.a(lib_a-memcpy.o)
 .debug_info    0x000000000000c273      0xe1d /usr/lib/arm-none-eabi/newlib/thumb/v7-m//libc_nano.a(lib_a-memset.o)
 .debug_info    0x000000000000d090     0x18e1 /usr/lib/arm-none-eabi/newlib/thumb/v7-m//libc_nano.a(lib_a-nano-vfprintf_float.o)
 .debug_info    0x000000000000e971     0x142c /usr/lib/arm-none-eabi/newlib/thumb/v7-m//libc_nano.a(lib_a-nano-vfprintf_i.o)
 .debug_info    0x000000000000fd9d      0x8b5 /usr/lib/arm-none-eabi/newlib/thumb/v7-m//libc_nano.a(lib_a-strlen-stub.o)
 .debug_info    0x0000000000010652     0x1859 /usr/lib/arm-none-eabi/newlib/thumb/v7-m//libc_nano.a(lib_a-dtoa.o)
 .debug_info    0x0000000000011eab      0xe54 /usr/lib/arm-none-eabi/newlib/thumb/v7-m//libc_nano.a(lib_a-localeconv.o)
 .debug_info    0x0000000000012cff      0x934 /usr/lib/arm-none-eabi/newlib/thumb/v7-m//libc_nano.a(lib_a-memchr-stub.o)
 .debug_info    0x0000000000013633     0x1cd7 /usr/lib/arm-none-eabi/newlib/thumb/v7-m//libc_nano.a(lib_a-mprec.o)
 .debug_info    0x000000000001530a      0xa4c /usr/lib/arm-none-eabi/newlib/thumb/v7-m//libc_nano.a(lib_a-nano-callocr.o)
 .debug_info    0x0000000000015d56      0xb75 /usr/lib/arm-none-eabi/newlib/thumb/v7-m//libc_nano.a(lib_a-nano-mallocr.o)
 .debug_info    0x00000000000168cb      0x95a /usr/lib/arm-none-eabi/newlib/thumb/v7-m//libc_nano.a(lib_a-sbrkr.o)
 .debug_info    0x0000000000017225      0xfac /usr/lib/arm-none-eabi/newlib/thumb/v7-m//libc_nano.a(lib_a-locale.o)
 .debug_info    0x00000000000181d1      0xf24 /usr/lib/arm-none-eabi/newlib/thumb/v7-m//libc_nano.a(lib_a-mbtowc_r.o)
 .debug_info    0x00000000000190f5      0x8d7 /usr/lib/arm-none-eabi/newlib/thumb/v7-m//libc_nano.a(lib_a-mlock.o)
 .debug_info    0x00000000000199cc      0xa90 /usr/lib/arm-none-eabi/newlib/thumb/v7-m//libc_nano.a(lib_a-reent.o)
 .debug_info    0x000000000001a45c       0x26 /usr/lib/arm-none-eabi/newlib/thumb/v7-m//libc_nano.a(lib_a-strcmp.o)
 .debug_info    0x000000000001a482      0xef0 /usr/lib/arm-none-eabi/newlib/thumb/v7-m//libc_nano.a(lib_a-wctomb_r.o)
 .debug_info    0x000000000001b372      0xdb1 /usr/lib/arm-none-eabi/newlib/thumb/v7-m//libc_nano.a(lib_a-ctype_.o)
 .debug_info    0x000000000001c123      0xac1 /usr/lib/arm-none-eabi/newlib/thumb/v7-m//libc_nano.a(lib_a-nano-freer.o)
 .debug_info    0x000000000001cbe4       0x26 /usr/lib/gcc/arm-none-eabi/7.3.1/thumb/v7-m/libgcc.a(_arm_addsubdf3.o)
 .debug_info    0x000000000001cc0a       0x26 /usr/lib/gcc/arm-none-eabi/7.3.1/thumb/v7-m/libgcc.a(_arm_muldivdf3.o)
 .debug_info    0x000000000001cc30       0x26 /usr/lib/gcc/arm-none-eabi/7.3.1/thumb/v7-m/libgcc.a(_arm_cmpdf2.o)
 .debug_info    0x000000000001cc56       0x26 /usr/lib/gcc/arm-none-eabi/7.3.1/thumb/v7-m/libgcc.a(_arm_unorddf2.o)
 .debug_info    0x000000000001cc7c       0x26 /usr/lib/gcc/arm-none-eabi/7.3.1/thumb/v7-m/libgcc.a(_arm_fixdfsi.o)

.debug_abbrev   0x0000000000000000     0x44f4
 .debug_abbrev  0x0000000000000000       0xfc startup.o
 .debug_abbrev  0x00000000000000fc      0x389 malloc.o
 .debug_abbrev  0x0000000000000485      0x3c4 tasks.o
 .debug_abbrev  0x0000000000000849      0x28c heap_2.o
 .debug_abbrev  0x0000000000000ad5      0x35c timers.o
 .debug_abbrev  0x0000000000000e31      0x1ea list.o
 .debug_abbrev  0x000000000000101b      0x1ca port.o
 .debug_abbrev  0x00000000000011e5      0x3b1 queue.o
 .debug_abbrev  0x0000000000001596      0x57b main.o
 .debug_abbrev  0x0000000000001b11      0x178 /usr/lib/arm-none-eabi/newlib/thumb/v7-m//libc_nano.a(lib_a-errno.o)
 .debug_abbrev  0x0000000000001c89      0x15c /usr/lib/arm-none-eabi/newlib/thumb/v7-m//libc_nano.a(lib_a-impure.o)
 .debug_abbrev  0x0000000000001de5       0x14 /usr/lib/arm-none-eabi/newlib/thumb/v7-m//libc_nano.a(lib_a-memcpy.o)
 .debug_abbrev  0x0000000000001df9      0x1a8 /usr/lib/arm-none-eabi/newlib/thumb/v7-m//libc_nano.a(lib_a-memset.o)
 .debug_abbrev  0x0000000000001fa1      0x2f1 /usr/lib/arm-none-eabi/newlib/thumb/v7-m//libc_nano.a(lib_a-nano-vfprintf_float.o)
 .debug_abbrev  0x0000000000002292      0x28b /usr/lib/arm-none-eabi/newlib/thumb/v7-m//libc_nano.a(lib_a-nano-vfprintf_i.o)
 .debug_abbrev  0x000000000000251d      0x171 /usr/lib/arm-none-eabi/newlib/thumb/v7-m//libc_nano.a(lib_a-strlen-stub.o)
 .debug_abbrev  0x000000000000268e      0x2b2 /usr/lib/arm-none-eabi/newlib/thumb/v7-m//libc_nano.a(lib_a-dtoa.o)
 .debug_abbrev  0x0000000000002940      0x208 /usr/lib/arm-none-eabi/newlib/thumb/v7-m//libc_nano.a(lib_a-localeconv.o)
 .debug_abbrev  0x0000000000002b48      0x1a5 /usr/lib/arm-none-eabi/newlib/thumb/v7-m//libc_nano.a(lib_a-memchr-stub.o)
 .debug_abbrev  0x0000000000002ced      0x394 /usr/lib/arm-none-eabi/newlib/thumb/v7-m//libc_nano.a(lib_a-mprec.o)
 .debug_abbrev  0x0000000000003081      0x1dc /usr/lib/arm-none-eabi/newlib/thumb/v7-m//libc_nano.a(lib_a-nano-callocr.o)
 .debug_abbrev  0x000000000000325d      0x27f /usr/lib/arm-none-eabi/newlib/thumb/v7-m//libc_nano.a(lib_a-nano-mallocr.o)
 .debug_abbrev  0x00000000000034dc      0x1df /usr/lib/arm-none-eabi/newlib/thumb/v7-m//libc_nano.a(lib_a-sbrkr.o)
 .debug_abbrev  0x00000000000036bb      0x265 /usr/lib/arm-none-eabi/newlib/thumb/v7-m//libc_nano.a(lib_a-locale.o)
 .debug_abbrev  0x0000000000003920      0x1ec /usr/lib/arm-none-eabi/newlib/thumb/v7-m//libc_nano.a(lib_a-mbtowc_r.o)
 .debug_abbrev  0x0000000000003b0c      0x1a1 /usr/lib/arm-none-eabi/newlib/thumb/v7-m//libc_nano.a(lib_a-mlock.o)
 .debug_abbrev  0x0000000000003cad      0x24c /usr/lib/arm-none-eabi/newlib/thumb/v7-m//libc_nano.a(lib_a-reent.o)
 .debug_abbrev  0x0000000000003ef9       0x14 /usr/lib/arm-none-eabi/newlib/thumb/v7-m//libc_nano.a(lib_a-strcmp.o)
 .debug_abbrev  0x0000000000003f0d      0x1e5 /usr/lib/arm-none-eabi/newlib/thumb/v7-m//libc_nano.a(lib_a-wctomb_r.o)
 .debug_abbrev  0x00000000000040f2      0x15a /usr/lib/arm-none-eabi/newlib/thumb/v7-m//libc_nano.a(lib_a-ctype_.o)
 .debug_abbrev  0x000000000000424c      0x244 /usr/lib/arm-none-eabi/newlib/thumb/v7-m//libc_nano.a(lib_a-nano-freer.o)
 .debug_abbrev  0x0000000000004490       0x14 /usr/lib/gcc/arm-none-eabi/7.3.1/thumb/v7-m/libgcc.a(_arm_addsubdf3.o)
 .debug_abbrev  0x00000000000044a4       0x14 /usr/lib/gcc/arm-none-eabi/7.3.1/thumb/v7-m/libgcc.a(_arm_muldivdf3.o)
 .debug_abbrev  0x00000000000044b8       0x14 /usr/lib/gcc/arm-none-eabi/7.3.1/thumb/v7-m/libgcc.a(_arm_cmpdf2.o)
 .debug_abbrev  0x00000000000044cc       0x14 /usr/lib/gcc/arm-none-eabi/7.3.1/thumb/v7-m/libgcc.a(_arm_unorddf2.o)
 .debug_abbrev  0x00000000000044e0       0x14 /usr/lib/gcc/arm-none-eabi/7.3.1/thumb/v7-m/libgcc.a(_arm_fixdfsi.o)

.debug_aranges  0x0000000000000000      0x5f8
 .debug_aranges
                0x0000000000000000       0x48 startup.o
 .debug_aranges
                0x0000000000000048       0x88 malloc.o
 .debug_aranges
                0x00000000000000d0       0x20 tasks.o
 .debug_aranges
                0x00000000000000f0       0x20 heap_2.o
 .debug_aranges
                0x0000000000000110       0x20 timers.o
 .debug_aranges
                0x0000000000000130       0x20 list.o
 .debug_aranges
                0x0000000000000150       0x20 port.o
 .debug_aranges
                0x0000000000000170       0x20 queue.o
 .debug_aranges
                0x0000000000000190      0x118 main.o
 .debug_aranges
                0x00000000000002a8       0x20 /usr/lib/arm-none-eabi/newlib/thumb/v7-m//libc_nano.a(lib_a-errno.o)
 .debug_aranges
                0x00000000000002c8       0x18 /usr/lib/arm-none-eabi/newlib/thumb/v7-m//libc_nano.a(lib_a-impure.o)
 .debug_aranges
                0x00000000000002e0       0x20 /usr/lib/arm-none-eabi/newlib/thumb/v7-m//libc_nano.a(lib_a-memcpy.o)
 .debug_aranges
                0x0000000000000300       0x20 /usr/lib/arm-none-eabi/newlib/thumb/v7-m//libc_nano.a(lib_a-memset.o)
 .debug_aranges
                0x0000000000000320       0x20 /usr/lib/arm-none-eabi/newlib/thumb/v7-m//libc_nano.a(lib_a-nano-vfprintf_float.o)
 .debug_aranges
                0x0000000000000340       0x20 /usr/lib/arm-none-eabi/newlib/thumb/v7-m//libc_nano.a(lib_a-nano-vfprintf_i.o)
 .debug_aranges
                0x0000000000000360       0x20 /usr/lib/arm-none-eabi/newlib/thumb/v7-m//libc_nano.a(lib_a-strlen-stub.o)
 .debug_aranges
                0x0000000000000380       0x20 /usr/lib/arm-none-eabi/newlib/thumb/v7-m//libc_nano.a(lib_a-dtoa.o)
 .debug_aranges
                0x00000000000003a0       0x20 /usr/lib/arm-none-eabi/newlib/thumb/v7-m//libc_nano.a(lib_a-localeconv.o)
 .debug_aranges
                0x00000000000003c0       0x20 /usr/lib/arm-none-eabi/newlib/thumb/v7-m//libc_nano.a(lib_a-memchr-stub.o)
 .debug_aranges
                0x00000000000003e0       0x20 /usr/lib/arm-none-eabi/newlib/thumb/v7-m//libc_nano.a(lib_a-mprec.o)
 .debug_aranges
                0x0000000000000400       0x20 /usr/lib/arm-none-eabi/newlib/thumb/v7-m//libc_nano.a(lib_a-nano-callocr.o)
 .debug_aranges
                0x0000000000000420       0x20 /usr/lib/arm-none-eabi/newlib/thumb/v7-m//libc_nano.a(lib_a-nano-mallocr.o)
 .debug_aranges
                0x0000000000000440       0x20 /usr/lib/arm-none-eabi/newlib/thumb/v7-m//libc_nano.a(lib_a-sbrkr.o)
 .debug_aranges
                0x0000000000000460       0x20 /usr/lib/arm-none-eabi/newlib/thumb/v7-m//libc_nano.a(lib_a-locale.o)
 .debug_aranges
                0x0000000000000480       0x20 /usr/lib/arm-none-eabi/newlib/thumb/v7-m//libc_nano.a(lib_a-mbtowc_r.o)
 .debug_aranges
                0x00000000000004a0       0x20 /usr/lib/arm-none-eabi/newlib/thumb/v7-m//libc_nano.a(lib_a-mlock.o)
 .debug_aranges
                0x00000000000004c0       0x20 /usr/lib/arm-none-eabi/newlib/thumb/v7-m//libc_nano.a(lib_a-reent.o)
 .debug_aranges
                0x00000000000004e0       0x20 /usr/lib/arm-none-eabi/newlib/thumb/v7-m//libc_nano.a(lib_a-strcmp.o)
 .debug_aranges
                0x0000000000000500       0x20 /usr/lib/arm-none-eabi/newlib/thumb/v7-m//libc_nano.a(lib_a-wctomb_r.o)
 .debug_aranges
                0x0000000000000520       0x18 /usr/lib/arm-none-eabi/newlib/thumb/v7-m//libc_nano.a(lib_a-ctype_.o)
 .debug_aranges
                0x0000000000000538       0x20 /usr/lib/arm-none-eabi/newlib/thumb/v7-m//libc_nano.a(lib_a-nano-freer.o)
 .debug_aranges
                0x0000000000000558       0x20 /usr/lib/gcc/arm-none-eabi/7.3.1/thumb/v7-m/libgcc.a(_arm_addsubdf3.o)
 .debug_aranges
                0x0000000000000578       0x20 /usr/lib/gcc/arm-none-eabi/7.3.1/thumb/v7-m/libgcc.a(_arm_muldivdf3.o)
 .debug_aranges
                0x0000000000000598       0x20 /usr/lib/gcc/arm-none-eabi/7.3.1/thumb/v7-m/libgcc.a(_arm_cmpdf2.o)
 .debug_aranges
                0x00000000000005b8       0x20 /usr/lib/gcc/arm-none-eabi/7.3.1/thumb/v7-m/libgcc.a(_arm_unorddf2.o)
 .debug_aranges
                0x00000000000005d8       0x20 /usr/lib/gcc/arm-none-eabi/7.3.1/thumb/v7-m/libgcc.a(_arm_fixdfsi.o)

.debug_ranges   0x0000000000000000      0x630
 .debug_ranges  0x0000000000000000       0x38 startup.o
 .debug_ranges  0x0000000000000038       0x78 malloc.o
 .debug_ranges  0x00000000000000b0      0x118 tasks.o
 .debug_ranges  0x00000000000001c8       0x58 timers.o
 .debug_ranges  0x0000000000000220       0xf8 queue.o
 .debug_ranges  0x0000000000000318      0x108 main.o
 .debug_ranges  0x0000000000000420       0x20 /usr/lib/arm-none-eabi/newlib/thumb/v7-m//libc_nano.a(lib_a-nano-vfprintf_float.o)
 .debug_ranges  0x0000000000000440       0x70 /usr/lib/arm-none-eabi/newlib/thumb/v7-m//libc_nano.a(lib_a-nano-vfprintf_i.o)
 .debug_ranges  0x00000000000004b0       0x10 /usr/lib/arm-none-eabi/newlib/thumb/v7-m//libc_nano.a(lib_a-strlen-stub.o)
 .debug_ranges  0x00000000000004c0       0x20 /usr/lib/arm-none-eabi/newlib/thumb/v7-m//libc_nano.a(lib_a-dtoa.o)
 .debug_ranges  0x00000000000004e0       0xf0 /usr/lib/arm-none-eabi/newlib/thumb/v7-m//libc_nano.a(lib_a-mprec.o)
 .debug_ranges  0x00000000000005d0       0x40 /usr/lib/arm-none-eabi/newlib/thumb/v7-m//libc_nano.a(lib_a-nano-mallocr.o)
 .debug_ranges  0x0000000000000610       0x20 /usr/lib/arm-none-eabi/newlib/thumb/v7-m//libc_nano.a(lib_a-locale.o)

.debug_line     0x0000000000000000     0x4f3b
 .debug_line    0x0000000000000000       0xfc startup.o
 .debug_line    0x00000000000000fc      0x351 malloc.o
 .debug_line    0x000000000000044d      0x6f6 tasks.o
 .debug_line    0x0000000000000b43      0x19e heap_2.o
 .debug_line    0x0000000000000ce1      0x294 timers.o
 .debug_line    0x0000000000000f75      0x16e list.o
 .debug_line    0x00000000000010e3      0x152 port.o
 .debug_line    0x0000000000001235      0x4cf queue.o
 .debug_line    0x0000000000001704      0x701 main.o
 .debug_line    0x0000000000001e05       0xef /usr/lib/arm-none-eabi/newlib/thumb/v7-m//libc_nano.a(lib_a-errno.o)
 .debug_line    0x0000000000001ef4       0xd4 /usr/lib/arm-none-eabi/newlib/thumb/v7-m//libc_nano.a(lib_a-impure.o)
 .debug_line    0x0000000000001fc8       0xbe /usr/lib/arm-none-eabi/newlib/thumb/v7-m//libc_nano.a(lib_a-memcpy.o)
 .debug_line    0x0000000000002086      0x1b8 /usr/lib/arm-none-eabi/newlib/thumb/v7-m//libc_nano.a(lib_a-memset.o)
 .debug_line    0x000000000000223e      0x4d3 /usr/lib/arm-none-eabi/newlib/thumb/v7-m//libc_nano.a(lib_a-nano-vfprintf_float.o)
 .debug_line    0x0000000000002711      0x3ba /usr/lib/arm-none-eabi/newlib/thumb/v7-m//libc_nano.a(lib_a-nano-vfprintf_i.o)
 .debug_line    0x0000000000002acb      0x128 /usr/lib/arm-none-eabi/newlib/thumb/v7-m//libc_nano.a(lib_a-strlen-stub.o)
 .debug_line    0x0000000000002bf3      0x6cb /usr/lib/arm-none-eabi/newlib/thumb/v7-m//libc_nano.a(lib_a-dtoa.o)
 .debug_line    0x00000000000032be      0x149 /usr/lib/arm-none-eabi/newlib/thumb/v7-m//libc_nano.a(lib_a-localeconv.o)
 .debug_line    0x0000000000003407      0x15e /usr/lib/arm-none-eabi/newlib/thumb/v7-m//libc_nano.a(lib_a-memchr-stub.o)
 .debug_line    0x0000000000003565      0x5e6 /usr/lib/arm-none-eabi/newlib/thumb/v7-m//libc_nano.a(lib_a-mprec.o)
 .debug_line    0x0000000000003b4b      0x142 /usr/lib/arm-none-eabi/newlib/thumb/v7-m//libc_nano.a(lib_a-nano-callocr.o)
 .debug_line    0x0000000000003c8d      0x196 /usr/lib/arm-none-eabi/newlib/thumb/v7-m//libc_nano.a(lib_a-nano-mallocr.o)
 .debug_line    0x0000000000003e23      0x130 /usr/lib/arm-none-eabi/newlib/thumb/v7-m//libc_nano.a(lib_a-sbrkr.o)
 .debug_line    0x0000000000003f53      0x1c8 /usr/lib/arm-none-eabi/newlib/thumb/v7-m//libc_nano.a(lib_a-locale.o)
 .debug_line    0x000000000000411b      0x1a3 /usr/lib/arm-none-eabi/newlib/thumb/v7-m//libc_nano.a(lib_a-mbtowc_r.o)
 .debug_line    0x00000000000042be      0x11a /usr/lib/arm-none-eabi/newlib/thumb/v7-m//libc_nano.a(lib_a-mlock.o)
 .debug_line    0x00000000000043d8      0x157 /usr/lib/arm-none-eabi/newlib/thumb/v7-m//libc_nano.a(lib_a-reent.o)
 .debug_line    0x000000000000452f      0x103 /usr/lib/arm-none-eabi/newlib/thumb/v7-m//libc_nano.a(lib_a-strcmp.o)
 .debug_line    0x0000000000004632      0x199 /usr/lib/arm-none-eabi/newlib/thumb/v7-m//libc_nano.a(lib_a-wctomb_r.o)
 .debug_line    0x00000000000047cb      0x139 /usr/lib/arm-none-eabi/newlib/thumb/v7-m//libc_nano.a(lib_a-ctype_.o)
 .debug_line    0x0000000000004904      0x17f /usr/lib/arm-none-eabi/newlib/thumb/v7-m//libc_nano.a(lib_a-nano-freer.o)
 .debug_line    0x0000000000004a83      0x182 /usr/lib/gcc/arm-none-eabi/7.3.1/thumb/v7-m/libgcc.a(_arm_addsubdf3.o)
 .debug_line    0x0000000000004c05      0x19b /usr/lib/gcc/arm-none-eabi/7.3.1/thumb/v7-m/libgcc.a(_arm_muldivdf3.o)
 .debug_line    0x0000000000004da0       0xba /usr/lib/gcc/arm-none-eabi/7.3.1/thumb/v7-m/libgcc.a(_arm_cmpdf2.o)
 .debug_line    0x0000000000004e5a       0x6b /usr/lib/gcc/arm-none-eabi/7.3.1/thumb/v7-m/libgcc.a(_arm_unorddf2.o)
 .debug_line    0x0000000000004ec5       0x76 /usr/lib/gcc/arm-none-eabi/7.3.1/thumb/v7-m/libgcc.a(_arm_fixdfsi.o)

.debug_str      0x0000000000000000     0x41fe
 .debug_str     0x0000000000000000      0x253 startup.o
                                        0x266 (size before relaxing)
 .debug_str     0x0000000000000253      0x742 malloc.o
                                        0x986 (size before relaxing)
 .debug_str     0x0000000000000995      0xda0 tasks.o
                                       0x1300 (size before relaxing)
 .debug_str     0x0000000000001735      0x13e heap_2.o
                                        0x71f (size before relaxing)
 .debug_str     0x0000000000001873      0x4bb timers.o
                                        0xc7c (size before relaxing)
 .debug_str     0x0000000000001d2e       0x51 list.o
                                        0x6c6 (size before relaxing)
 .debug_str     0x0000000000001d7f       0xa0 port.o
                                        0x309 (size before relaxing)
 .debug_str     0x0000000000001e1f      0x4ff queue.o
                                        0xeb6 (size before relaxing)
 .debug_str     0x000000000000231e      0xe16 main.o
                                       0x14f4 (size before relaxing)
 .debug_str     0x0000000000003134      0x106 /usr/lib/arm-none-eabi/newlib/thumb/v7-m//libc_nano.a(lib_a-errno.o)
                                        0x5d6 (size before relaxing)
 .debug_str     0x000000000000323a       0x88 /usr/lib/arm-none-eabi/newlib/thumb/v7-m//libc_nano.a(lib_a-impure.o)
                                        0x5c4 (size before relaxing)
 .debug_str     0x00000000000032c2       0xa0 /usr/lib/arm-none-eabi/newlib/thumb/v7-m//libc_nano.a(lib_a-memcpy.o)
 .debug_str     0x0000000000003362      0x2e3 /usr/lib/arm-none-eabi/newlib/thumb/v7-m//libc_nano.a(lib_a-memset.o)
                                        0x8f1 (size before relaxing)
 .debug_str     0x0000000000003645      0x2fb /usr/lib/arm-none-eabi/newlib/thumb/v7-m//libc_nano.a(lib_a-nano-vfprintf_float.o)
                                        0xc2e (size before relaxing)
 .debug_str     0x0000000000003940       0x7f /usr/lib/arm-none-eabi/newlib/thumb/v7-m//libc_nano.a(lib_a-nano-vfprintf_i.o)
                                        0xbab (size before relaxing)
 .debug_str     0x00000000000039bf       0x3e /usr/lib/arm-none-eabi/newlib/thumb/v7-m//libc_nano.a(lib_a-strlen-stub.o)
                                        0x5da (size before relaxing)
 .debug_str     0x00000000000039fd      0x1b4 /usr/lib/arm-none-eabi/newlib/thumb/v7-m//libc_nano.a(lib_a-dtoa.o)
                                        0xad1 (size before relaxing)
 .debug_str     0x0000000000003bb1       0xe4 /usr/lib/arm-none-eabi/newlib/thumb/v7-m//libc_nano.a(lib_a-localeconv.o)
                                        0x956 (size before relaxing)
 .debug_str     0x0000000000003c95       0x51 /usr/lib/arm-none-eabi/newlib/thumb/v7-m//libc_nano.a(lib_a-memchr-stub.o)
                                        0x5f4 (size before relaxing)
 .debug_str     0x0000000000003ce6       0x8a /usr/lib/arm-none-eabi/newlib/thumb/v7-m//libc_nano.a(lib_a-mprec.o)
                                        0xa7a (size before relaxing)
 .debug_str     0x0000000000003d70       0xea /usr/lib/arm-none-eabi/newlib/thumb/v7-m//libc_nano.a(lib_a-nano-callocr.o)
                                        0x6ca (size before relaxing)
 .debug_str     0x0000000000003e5a       0x50 /usr/lib/arm-none-eabi/newlib/thumb/v7-m//libc_nano.a(lib_a-nano-mallocr.o)
                                        0x70b (size before relaxing)
 .debug_str     0x0000000000003eaa       0x39 /usr/lib/arm-none-eabi/newlib/thumb/v7-m//libc_nano.a(lib_a-sbrkr.o)
                                        0x607 (size before relaxing)
 .debug_str     0x0000000000003ee3       0x80 /usr/lib/arm-none-eabi/newlib/thumb/v7-m//libc_nano.a(lib_a-locale.o)
                                        0x996 (size before relaxing)
 .debug_str     0x0000000000003f63       0x52 /usr/lib/arm-none-eabi/newlib/thumb/v7-m//libc_nano.a(lib_a-mbtowc_r.o)
                                        0x967 (size before relaxing)
 .debug_str     0x0000000000003fb5       0x49 /usr/lib/arm-none-eabi/newlib/thumb/v7-m//libc_nano.a(lib_a-mlock.o)
                                        0x5f0 (size before relaxing)
 .debug_str     0x0000000000003ffe       0x63 /usr/lib/arm-none-eabi/newlib/thumb/v7-m//libc_nano.a(lib_a-reent.o)
                                        0x600 (size before relaxing)
 .debug_str     0x0000000000004061       0x40 /usr/lib/arm-none-eabi/newlib/thumb/v7-m//libc_nano.a(lib_a-strcmp.o)
                                         0xa0 (size before relaxing)
 .debug_str     0x00000000000040a1       0x53 /usr/lib/arm-none-eabi/newlib/thumb/v7-m//libc_nano.a(lib_a-wctomb_r.o)
                                        0x96e (size before relaxing)
 .debug_str     0x00000000000040f4       0x7c /usr/lib/arm-none-eabi/newlib/thumb/v7-m//libc_nano.a(lib_a-ctype_.o)
                                        0x8dc (size before relaxing)
 .debug_str     0x0000000000004170       0x24 /usr/lib/arm-none-eabi/newlib/thumb/v7-m//libc_nano.a(lib_a-nano-freer.o)
                                        0x6f4 (size before relaxing)
 .debug_str     0x0000000000004194       0x6a /usr/lib/gcc/arm-none-eabi/7.3.1/thumb/v7-m/libgcc.a(_arm_addsubdf3.o)
                                         0x78 (size before relaxing)
 .debug_str     0x00000000000041fe       0x78 /usr/lib/gcc/arm-none-eabi/7.3.1/thumb/v7-m/libgcc.a(_arm_muldivdf3.o)
 .debug_str     0x00000000000041fe       0x78 /usr/lib/gcc/arm-none-eabi/7.3.1/thumb/v7-m/libgcc.a(_arm_cmpdf2.o)
 .debug_str     0x00000000000041fe       0x78 /usr/lib/gcc/arm-none-eabi/7.3.1/thumb/v7-m/libgcc.a(_arm_unorddf2.o)
 .debug_str     0x00000000000041fe       0x78 /usr/lib/gcc/arm-none-eabi/7.3.1/thumb/v7-m/libgcc.a(_arm_fixdfsi.o)

.comment        0x0000000000000000       0xae
 .comment       0x0000000000000000       0x57 startup.o
                                         0x58 (size before relaxing)
 .comment       0x0000000000000057       0x58 malloc.o
 .comment       0x0000000000000057       0x58 tasks.o
 .comment       0x0000000000000057       0x58 heap_2.o
 .comment       0x0000000000000057       0x58 timers.o
 .comment       0x0000000000000057       0x58 list.o
 .comment       0x0000000000000057       0x58 port.o
 .comment       0x0000000000000057       0x58 queue.o
 .comment       0x0000000000000057       0x58 main.o
 .comment       0x0000000000000057       0x57 /usr/lib/arm-none-eabi/newlib/thumb/v7-m//libc_nano.a(lib_a-errno.o)
                                         0x58 (size before relaxing)
 .comment       0x00000000000000ae       0x58 /usr/lib/arm-none-eabi/newlib/thumb/v7-m//libc_nano.a(lib_a-impure.o)
 .comment       0x00000000000000ae       0x58 /usr/lib/arm-none-eabi/newlib/thumb/v7-m//libc_nano.a(lib_a-memset.o)
 .comment       0x00000000000000ae       0x58 /usr/lib/arm-none-eabi/newlib/thumb/v7-m//libc_nano.a(lib_a-nano-vfprintf_float.o)
 .comment       0x00000000000000ae       0x58 /usr/lib/arm-none-eabi/newlib/thumb/v7-m//libc_nano.a(lib_a-nano-vfprintf_i.o)
 .comment       0x00000000000000ae       0x58 /usr/lib/arm-none-eabi/newlib/thumb/v7-m//libc_nano.a(lib_a-strlen-stub.o)
 .comment       0x00000000000000ae       0x58 /usr/lib/arm-none-eabi/newlib/thumb/v7-m//libc_nano.a(lib_a-dtoa.o)
 .comment       0x00000000000000ae       0x58 /usr/lib/arm-none-eabi/newlib/thumb/v7-m//libc_nano.a(lib_a-localeconv.o)
 .comment       0x00000000000000ae       0x58 /usr/lib/arm-none-eabi/newlib/thumb/v7-m//libc_nano.a(lib_a-memchr-stub.o)
 .comment       0x00000000000000ae       0x58 /usr/lib/arm-none-eabi/newlib/thumb/v7-m//libc_nano.a(lib_a-mprec.o)
 .comment       0x00000000000000ae       0x58 /usr/lib/arm-none-eabi/newlib/thumb/v7-m//libc_nano.a(lib_a-nano-callocr.o)
 .comment       0x00000000000000ae       0x58 /usr/lib/arm-none-eabi/newlib/thumb/v7-m//libc_nano.a(lib_a-nano-mallocr.o)
 .comment       0x00000000000000ae       0x58 /usr/lib/arm-none-eabi/newlib/thumb/v7-m//libc_nano.a(lib_a-sbrkr.o)
 .comment       0x00000000000000ae       0x58 /usr/lib/arm-none-eabi/newlib/thumb/v7-m//libc_nano.a(lib_a-locale.o)
 .comment       0x00000000000000ae       0x58 /usr/lib/arm-none-eabi/newlib/thumb/v7-m//libc_nano.a(lib_a-mbtowc_r.o)
 .comment       0x00000000000000ae       0x58 /usr/lib/arm-none-eabi/newlib/thumb/v7-m//libc_nano.a(lib_a-mlock.o)
 .comment       0x00000000000000ae       0x58 /usr/lib/arm-none-eabi/newlib/thumb/v7-m//libc_nano.a(lib_a-reent.o)
 .comment       0x00000000000000ae       0x58 /usr/lib/arm-none-eabi/newlib/thumb/v7-m//libc_nano.a(lib_a-wctomb_r.o)
 .comment       0x00000000000000ae       0x58 /usr/lib/arm-none-eabi/newlib/thumb/v7-m//libc_nano.a(lib_a-ctype_.o)
 .comment       0x00000000000000ae       0x58 /usr/lib/arm-none-eabi/newlib/thumb/v7-m//libc_nano.a(lib_a-nano-freer.o)

.ARM.attributes
                0x0000000000000000       0x31
 .ARM.attributes
                0x0000000000000000       0x2f startup.o
 .ARM.attributes
                0x000000000000002f       0x2f malloc.o
 .ARM.attributes
                0x000000000000005e       0x33 tasks.o
 .ARM.attributes
                0x0000000000000091       0x33 heap_2.o
 .ARM.attributes
                0x00000000000000c4       0x33 timers.o
 .ARM.attributes
                0x00000000000000f7       0x33 list.o
 .ARM.attributes
                0x000000000000012a       0x33 port.o
 .ARM.attributes
                0x000000000000015d       0x33 queue.o
 .ARM.attributes
                0x0000000000000190       0x2f main.o
 .ARM.attributes
                0x00000000000001bf       0x2d /usr/lib/arm-none-eabi/newlib/thumb/v7-m//libc_nano.a(lib_a-errno.o)
 .ARM.attributes
                0x00000000000001ec       0x2d /usr/lib/arm-none-eabi/newlib/thumb/v7-m//libc_nano.a(lib_a-impure.o)
 .ARM.attributes
                0x0000000000000219       0x1b /usr/lib/arm-none-eabi/newlib/thumb/v7-m//libc_nano.a(lib_a-memcpy.o)
 .ARM.attributes
                0x0000000000000234       0x2d /usr/lib/arm-none-eabi/newlib/thumb/v7-m//libc_nano.a(lib_a-memset.o)
 .ARM.attributes
                0x0000000000000261       0x2d /usr/lib/arm-none-eabi/newlib/thumb/v7-m//libc_nano.a(lib_a-nano-vfprintf_float.o)
 .ARM.attributes
                0x000000000000028e       0x2d /usr/lib/arm-none-eabi/newlib/thumb/v7-m//libc_nano.a(lib_a-nano-vfprintf_i.o)
 .ARM.attributes
                0x00000000000002bb       0x2d /usr/lib/arm-none-eabi/newlib/thumb/v7-m//libc_nano.a(lib_a-strlen-stub.o)
 .ARM.attributes
                0x00000000000002e8       0x2d /usr/lib/arm-none-eabi/newlib/thumb/v7-m//libc_nano.a(lib_a-dtoa.o)
 .ARM.attributes
                0x0000000000000315       0x2d /usr/lib/arm-none-eabi/newlib/thumb/v7-m//libc_nano.a(lib_a-localeconv.o)
 .ARM.attributes
                0x0000000000000342       0x2d /usr/lib/arm-none-eabi/newlib/thumb/v7-m//libc_nano.a(lib_a-memchr-stub.o)
 .ARM.attributes
                0x000000000000036f       0x2d /usr/lib/arm-none-eabi/newlib/thumb/v7-m//libc_nano.a(lib_a-mprec.o)
 .ARM.attributes
                0x000000000000039c       0x2d /usr/lib/arm-none-eabi/newlib/thumb/v7-m//libc_nano.a(lib_a-nano-callocr.o)
 .ARM.attributes
                0x00000000000003c9       0x2d /usr/lib/arm-none-eabi/newlib/thumb/v7-m//libc_nano.a(lib_a-nano-mallocr.o)
 .ARM.attributes
                0x00000000000003f6       0x2d /usr/lib/arm-none-eabi/newlib/thumb/v7-m//libc_nano.a(lib_a-sbrkr.o)
 .ARM.attributes
                0x0000000000000423       0x2d /usr/lib/arm-none-eabi/newlib/thumb/v7-m//libc_nano.a(lib_a-locale.o)
 .ARM.attributes
                0x0000000000000450       0x2d /usr/lib/arm-none-eabi/newlib/thumb/v7-m//libc_nano.a(lib_a-mbtowc_r.o)
 .ARM.attributes
                0x000000000000047d       0x2d /usr/lib/arm-none-eabi/newlib/thumb/v7-m//libc_nano.a(lib_a-mlock.o)
 .ARM.attributes
                0x00000000000004aa       0x2d /usr/lib/arm-none-eabi/newlib/thumb/v7-m//libc_nano.a(lib_a-reent.o)
 .ARM.attributes
                0x00000000000004d7       0x1b /usr/lib/arm-none-eabi/newlib/thumb/v7-m//libc_nano.a(lib_a-strcmp.o)
 .ARM.attributes
                0x00000000000004f2       0x2d /usr/lib/arm-none-eabi/newlib/thumb/v7-m//libc_nano.a(lib_a-wctomb_r.o)
 .ARM.attributes
                0x000000000000051f       0x2d /usr/lib/arm-none-eabi/newlib/thumb/v7-m//libc_nano.a(lib_a-ctype_.o)
 .ARM.attributes
                0x000000000000054c       0x2d /usr/lib/arm-none-eabi/newlib/thumb/v7-m//libc_nano.a(lib_a-nano-freer.o)
 .ARM.attributes
                0x0000000000000579       0x1d /usr/lib/gcc/arm-none-eabi/7.3.1/thumb/v7-m/libgcc.a(_arm_addsubdf3.o)
 .ARM.attributes
                0x0000000000000596       0x1d /usr/lib/gcc/arm-none-eabi/7.3.1/thumb/v7-m/libgcc.a(_arm_muldivdf3.o)
 .ARM.attributes
                0x00000000000005b3       0x1d /usr/lib/gcc/arm-none-eabi/7.3.1/thumb/v7-m/libgcc.a(_arm_cmpdf2.o)
 .ARM.attributes
                0x00000000000005d0       0x1d /usr/lib/gcc/arm-none-eabi/7.3.1/thumb/v7-m/libgcc.a(_arm_unorddf2.o)
 .ARM.attributes
                0x00000000000005ed       0x1d /usr/lib/gcc/arm-none-eabi/7.3.1/thumb/v7-m/libgcc.a(_arm_fixdfsi.o)

.debug_frame    0x0000000000000000     0x1c50
 .debug_frame   0x0000000000000000       0xb8 startup.o
 .debug_frame   0x00000000000000b8      0x1f4 malloc.o
 .debug_frame   0x00000000000002ac      0x4dc tasks.o
 .debug_frame   0x0000000000000788       0x70 heap_2.o
 .debug_frame   0x00000000000007f8      0x1b8 timers.o
 .debug_frame   0x00000000000009b0       0x6c list.o
 .debug_frame   0x0000000000000a1c       0xd8 port.o
 .debug_frame   0x0000000000000af4      0x310 queue.o
 .debug_frame   0x0000000000000e04      0x4bc main.o
 .debug_frame   0x00000000000012c0       0x20 /usr/lib/arm-none-eabi/newlib/thumb/v7-m//libc_nano.a(lib_a-errno.o)
 .debug_frame   0x00000000000012e0       0x38 /usr/lib/arm-none-eabi/newlib/thumb/v7-m//libc_nano.a(lib_a-memset.o)
 .debug_frame   0x0000000000001318       0xb0 /usr/lib/arm-none-eabi/newlib/thumb/v7-m//libc_nano.a(lib_a-nano-vfprintf_float.o)
 .debug_frame   0x00000000000013c8       0x68 /usr/lib/arm-none-eabi/newlib/thumb/v7-m//libc_nano.a(lib_a-nano-vfprintf_i.o)
 .debug_frame   0x0000000000001430       0x20 /usr/lib/arm-none-eabi/newlib/thumb/v7-m//libc_nano.a(lib_a-strlen-stub.o)
 .debug_frame   0x0000000000001450       0x88 /usr/lib/arm-none-eabi/newlib/thumb/v7-m//libc_nano.a(lib_a-dtoa.o)
 .debug_frame   0x00000000000014d8       0x40 /usr/lib/arm-none-eabi/newlib/thumb/v7-m//libc_nano.a(lib_a-localeconv.o)
 .debug_frame   0x0000000000001518       0x34 /usr/lib/arm-none-eabi/newlib/thumb/v7-m//libc_nano.a(lib_a-memchr-stub.o)
 .debug_frame   0x000000000000154c      0x280 /usr/lib/arm-none-eabi/newlib/thumb/v7-m//libc_nano.a(lib_a-mprec.o)
 .debug_frame   0x00000000000017cc       0x2c /usr/lib/arm-none-eabi/newlib/thumb/v7-m//libc_nano.a(lib_a-nano-callocr.o)
 .debug_frame   0x00000000000017f8       0x30 /usr/lib/arm-none-eabi/newlib/thumb/v7-m//libc_nano.a(lib_a-nano-mallocr.o)
 .debug_frame   0x0000000000001828       0x2c /usr/lib/arm-none-eabi/newlib/thumb/v7-m//libc_nano.a(lib_a-sbrkr.o)
 .debug_frame   0x0000000000001854       0x4c /usr/lib/arm-none-eabi/newlib/thumb/v7-m//libc_nano.a(lib_a-locale.o)
 .debug_frame   0x00000000000018a0       0x4c /usr/lib/arm-none-eabi/newlib/thumb/v7-m//libc_nano.a(lib_a-mbtowc_r.o)
 .debug_frame   0x00000000000018ec       0x30 /usr/lib/arm-none-eabi/newlib/thumb/v7-m//libc_nano.a(lib_a-mlock.o)
 .debug_frame   0x000000000000191c       0x6c /usr/lib/arm-none-eabi/newlib/thumb/v7-m//libc_nano.a(lib_a-reent.o)
 .debug_frame   0x0000000000001988       0x34 /usr/lib/arm-none-eabi/newlib/thumb/v7-m//libc_nano.a(lib_a-strcmp.o)
 .debug_frame   0x00000000000019bc       0x3c /usr/lib/arm-none-eabi/newlib/thumb/v7-m//libc_nano.a(lib_a-wctomb_r.o)
 .debug_frame   0x00000000000019f8       0x54 /usr/lib/arm-none-eabi/newlib/thumb/v7-m//libc_nano.a(lib_a-nano-freer.o)
 .debug_frame   0x0000000000001a4c       0xac /usr/lib/gcc/arm-none-eabi/7.3.1/thumb/v7-m/libgcc.a(_arm_addsubdf3.o)
 .debug_frame   0x0000000000001af8       0x50 /usr/lib/gcc/arm-none-eabi/7.3.1/thumb/v7-m/libgcc.a(_arm_muldivdf3.o)
 .debug_frame   0x0000000000001b48       0xc4 /usr/lib/gcc/arm-none-eabi/7.3.1/thumb/v7-m/libgcc.a(_arm_cmpdf2.o)
 .debug_frame   0x0000000000001c0c       0x20 /usr/lib/gcc/arm-none-eabi/7.3.1/thumb/v7-m/libgcc.a(_arm_unorddf2.o)
 .debug_frame   0x0000000000001c2c       0x24 /usr/lib/gcc/arm-none-eabi/7.3.1/thumb/v7-m/libgcc.a(_arm_fixdfsi.o)

.debug_loc      0x0000000000000000     0x9bec
 .debug_loc     0x0000000000000000     0x1ac2 tasks.o
 .debug_loc     0x0000000000001ac2      0x255 heap_2.o
 .debug_loc     0x0000000000001d17      0x962 timers.o
 .debug_loc     0x0000000000002679       0x65 list.o
 .debug_loc     0x00000000000026de       0xa8 port.o
 .debug_loc     0x0000000000002786     0x1236 queue.o
 .debug_loc     0x00000000000039bc      0x175 /usr/lib/arm-none-eabi/newlib/thumb/v7-m//libc_nano.a(lib_a-memset.o)
 .debug_loc     0x0000000000003b31      0x988 /usr/lib/arm-none-eabi/newlib/thumb/v7-m//libc_nano.a(lib_a-nano-vfprintf_float.o)
 .debug_loc     0x00000000000044b9      0x709 /usr/lib/arm-none-eabi/newlib/thumb/v7-m//libc_nano.a(lib_a-nano-vfprintf_i.o)
 .debug_loc     0x0000000000004bc2       0x21 /usr/lib/arm-none-eabi/newlib/thumb/v7-m//libc_nano.a(lib_a-strlen-stub.o)
 .debug_loc     0x0000000000004be3     0x2653 /usr/lib/arm-none-eabi/newlib/thumb/v7-m//libc_nano.a(lib_a-dtoa.o)
 .debug_loc     0x0000000000007236       0x63 /usr/lib/arm-none-eabi/newlib/thumb/v7-m//libc_nano.a(lib_a-localeconv.o)
 .debug_loc     0x0000000000007299      0x1e0 /usr/lib/arm-none-eabi/newlib/thumb/v7-m//libc_nano.a(lib_a-memchr-stub.o)
 .debug_loc     0x0000000000007479     0x1c5e /usr/lib/arm-none-eabi/newlib/thumb/v7-m//libc_nano.a(lib_a-mprec.o)
 .debug_loc     0x00000000000090d7       0x81 /usr/lib/arm-none-eabi/newlib/thumb/v7-m//libc_nano.a(lib_a-nano-callocr.o)
 .debug_loc     0x0000000000009158      0x355 /usr/lib/arm-none-eabi/newlib/thumb/v7-m//libc_nano.a(lib_a-nano-mallocr.o)
 .debug_loc     0x00000000000094ad       0x4d /usr/lib/arm-none-eabi/newlib/thumb/v7-m//libc_nano.a(lib_a-sbrkr.o)
 .debug_loc     0x00000000000094fa      0x126 /usr/lib/arm-none-eabi/newlib/thumb/v7-m//libc_nano.a(lib_a-locale.o)
 .debug_loc     0x0000000000009620      0x1dd /usr/lib/arm-none-eabi/newlib/thumb/v7-m//libc_nano.a(lib_a-mbtowc_r.o)
 .debug_loc     0x00000000000097fd      0x14a /usr/lib/arm-none-eabi/newlib/thumb/v7-m//libc_nano.a(lib_a-reent.o)
 .debug_loc     0x0000000000009947      0x124 /usr/lib/arm-none-eabi/newlib/thumb/v7-m//libc_nano.a(lib_a-wctomb_r.o)
 .debug_loc     0x0000000000009a6b      0x181 /usr/lib/arm-none-eabi/newlib/thumb/v7-m//libc_nano.a(lib_a-nano-freer.o)
