Archive member included to satisfy reference by file (symbol)

/usr/lib/arm-none-eabi/newlib/thumb/v7-m//libc_nano.a(lib_a-aeabi_atexit.o)
                              main.o (__aeabi_atexit)
/usr/lib/arm-none-eabi/newlib/thumb/v7-m//libc_nano.a(lib_a-cxa_atexit.o)
                              /usr/lib/arm-none-eabi/newlib/thumb/v7-m//libc_nano.a(lib_a-aeabi_atexit.o) (__cxa_atexit)
/usr/lib/arm-none-eabi/newlib/thumb/v7-m//libc_nano.a(lib_a-errno.o)
                              malloc.o (__errno)
/usr/lib/arm-none-eabi/newlib/thumb/v7-m//libc_nano.a(lib_a-impure.o)
                              /usr/lib/arm-none-eabi/newlib/thumb/v7-m//libc_nano.a(lib_a-errno.o) (_impure_ptr)
/usr/lib/arm-none-eabi/newlib/thumb/v7-m//libc_nano.a(lib_a-memcpy.o)
                              queue.o (memcpy)
/usr/lib/arm-none-eabi/newlib/thumb/v7-m//libc_nano.a(lib_a-memset.o)
                              main.o (memset)
/usr/lib/arm-none-eabi/newlib/thumb/v7-m//libc_nano.a(lib_a-nano-vfprintf_float.o)
                              (_printf_float)
/usr/lib/arm-none-eabi/newlib/thumb/v7-m//libc_nano.a(lib_a-nano-vfprintf_i.o)
                              /usr/lib/arm-none-eabi/newlib/thumb/v7-m//libc_nano.a(lib_a-nano-vfprintf_float.o) (_printf_common)
/usr/lib/arm-none-eabi/newlib/thumb/v7-m//libc_nano.a(lib_a-on_exit_args.o)
                              /usr/lib/arm-none-eabi/newlib/thumb/v7-m//libc_nano.a(lib_a-cxa_atexit.o) (__on_exit_args)
/usr/lib/arm-none-eabi/newlib/thumb/v7-m//libc_nano.a(lib_a-strlen-stub.o)
                              main.o (strlen)
/usr/lib/arm-none-eabi/newlib/thumb/v7-m//libc_nano.a(lib_a-dtoa.o)
                              /usr/lib/arm-none-eabi/newlib/thumb/v7-m//libc_nano.a(lib_a-nano-vfprintf_float.o) (_dtoa_r)
/usr/lib/arm-none-eabi/newlib/thumb/v7-m//libc_nano.a(lib_a-localeconv.o)
                              /usr/lib/arm-none-eabi/newlib/thumb/v7-m//libc_nano.a(lib_a-nano-vfprintf_float.o) (_localeconv_r)
/usr/lib/arm-none-eabi/newlib/thumb/v7-m//libc_nano.a(lib_a-memchr-stub.o)
                              /usr/lib/arm-none-eabi/newlib/thumb/v7-m//libc_nano.a(lib_a-nano-vfprintf_i.o) (memchr)
/usr/lib/arm-none-eabi/newlib/thumb/v7-m//libc_nano.a(lib_a-mprec.o)
                              /usr/lib/arm-none-eabi/newlib/thumb/v7-m//libc_nano.a(lib_a-dtoa.o) (_Balloc)
/usr/lib/arm-none-eabi/newlib/thumb/v7-m//libc_nano.a(lib_a-nano-callocr.o)
                              /usr/lib/arm-none-eabi/newlib/thumb/v7-m//libc_nano.a(lib_a-mprec.o) (_calloc_r)
/usr/lib/arm-none-eabi/newlib/thumb/v7-m//libc_nano.a(lib_a-nano-mallocr.o)
                              /usr/lib/arm-none-eabi/newlib/thumb/v7-m//libc_nano.a(lib_a-nano-callocr.o) (_malloc_r)
/usr/lib/arm-none-eabi/newlib/thumb/v7-m//libc_nano.a(lib_a-sbrkr.o)
                              /usr/lib/arm-none-eabi/newlib/thumb/v7-m//libc_nano.a(lib_a-nano-mallocr.o) (_sbrk_r)
/usr/lib/arm-none-eabi/newlib/thumb/v7-m//libc_nano.a(lib_a-locale.o)
                              /usr/lib/arm-none-eabi/newlib/thumb/v7-m//libc_nano.a(lib_a-localeconv.o) (__global_locale)
/usr/lib/arm-none-eabi/newlib/thumb/v7-m//libc_nano.a(lib_a-mbtowc_r.o)
                              /usr/lib/arm-none-eabi/newlib/thumb/v7-m//libc_nano.a(lib_a-locale.o) (__ascii_mbtowc)
/usr/lib/arm-none-eabi/newlib/thumb/v7-m//libc_nano.a(lib_a-mlock.o)
                              /usr/lib/arm-none-eabi/newlib/thumb/v7-m//libc_nano.a(lib_a-nano-mallocr.o) (__malloc_lock)
/usr/lib/arm-none-eabi/newlib/thumb/v7-m//libc_nano.a(lib_a-reent.o)
                              /usr/lib/arm-none-eabi/newlib/thumb/v7-m//libc_nano.a(lib_a-sbrkr.o) (errno)
/usr/lib/arm-none-eabi/newlib/thumb/v7-m//libc_nano.a(lib_a-strcmp.o)
                              /usr/lib/arm-none-eabi/newlib/thumb/v7-m//libc_nano.a(lib_a-locale.o) (strcmp)
/usr/lib/arm-none-eabi/newlib/thumb/v7-m//libc_nano.a(lib_a-wctomb_r.o)
                              /usr/lib/arm-none-eabi/newlib/thumb/v7-m//libc_nano.a(lib_a-locale.o) (__ascii_wctomb)
/usr/lib/arm-none-eabi/newlib/thumb/v7-m//libc_nano.a(lib_a-ctype_.o)
                              /usr/lib/arm-none-eabi/newlib/thumb/v7-m//libc_nano.a(lib_a-locale.o) (_ctype_)
/usr/lib/arm-none-eabi/newlib/thumb/v7-m//libc_nano.a(lib_a-nano-freer.o)
                              /usr/lib/arm-none-eabi/newlib/thumb/v7-m//libc_nano.a(lib_a-reent.o) (_free_r)
/usr/lib/gcc/arm-none-eabi/7.3.1/thumb/v7-m/libgcc.a(_arm_addsubdf3.o)
                              /usr/lib/arm-none-eabi/newlib/thumb/v7-m//libc_nano.a(lib_a-dtoa.o) (__aeabi_dsub)
/usr/lib/gcc/arm-none-eabi/7.3.1/thumb/v7-m/libgcc.a(_arm_muldivdf3.o)
                              /usr/lib/arm-none-eabi/newlib/thumb/v7-m//libc_nano.a(lib_a-dtoa.o) (__aeabi_dmul)
/usr/lib/gcc/arm-none-eabi/7.3.1/thumb/v7-m/libgcc.a(_arm_cmpdf2.o)
                              /usr/lib/arm-none-eabi/newlib/thumb/v7-m//libc_nano.a(lib_a-nano-vfprintf_float.o) (__aeabi_dcmpeq)
[...]
Memory Configuration

Name             Origin             Length             Attributes
RAM              0x0000000020000000 0x0000000000005000 xrw
ROM              0x0000000008000000 0x0000000000010000 xr
*default*        0x0000000000000000 0xffffffffffffffff

Linker script and memory map

LOAD startup.o
LOAD malloc.o
LOAD tasks.o
LOAD heap_2.o
LOAD timers.o
LOAD list.o
LOAD port.o
LOAD queue.o
LOAD main.o
LOAD /usr/lib/arm-none-eabi/newlib/thumb/v7-m//libm.a
LOAD /usr/lib/arm-none-eabi/newlib/thumb/v7-m//libc_nano.a
LOAD /usr/lib/gcc/arm-none-eabi/7.3.1/thumb/v7-m/libgcc.a
START GROUP
LOAD /usr/lib/gcc/arm-none-eabi/7.3.1/thumb/v7-m/libgcc.a
LOAD /usr/lib/arm-none-eabi/newlib/thumb/v7-m//libc_nano.a
END GROUP
START GROUP
LOAD /usr/lib/gcc/arm-none-eabi/7.3.1/thumb/v7-m/libgcc.a
LOAD /usr/lib/arm-none-eabi/newlib/thumb/v7-m//libc_nano.a
LOAD /usr/lib/arm-none-eabi/newlib/thumb/v7-m//libnosys.a
END GROUP
START GROUP
LOAD /usr/lib/gcc/arm-none-eabi/7.3.1/thumb/v7-m/libgcc.a
LOAD /usr/lib/arm-none-eabi/newlib/thumb/v7-m//libc_nano.a
LOAD /usr/lib/arm-none-eabi/newlib/thumb/v7-m//libnosys.a
END GROUP
                0x0000000000000800                _Min_Heap_Size = 0x800
                0x0000000000000800                _Min_Stack_Size = 0x800

.text           0x0000000008000000     0x779c
                0x0000000008000000                . = ALIGN (0x4)
 *(.vectors)
 .vectors       0x0000000008000000      0x130 startup.o
                0x0000000008000000                vectors
 *(.vectors)
 *(.text)
 .text          0x0000000008000130        0x0 startup.o
 .text          0x0000000008000130        0x0 malloc.o
 .text          0x0000000008000130     0x1238 tasks.o
                0x0000000008000234                xTaskCreate
                0x0000000008000404                vTaskDelete
                0x00000000080004c4                uxTaskPriorityGet
                0x00000000080004e4                uxTaskPriorityGetFromISR
                0x0000000008000510                vTaskPrioritySet
                0x00000000080005ec                vTaskResume
                0x0000000008000678                xTaskResumeFromISR
                0x0000000008000718                vTaskStartScheduler
                0x000000000800077c                vTaskEndScheduler
                0x00000000080007a0                vTaskSuspendAll
                0x00000000080007b4                xTaskGetTickCount
                0x00000000080007c0                xTaskGetTickCountFromISR
                0x00000000080007cc                uxTaskGetNumberOfTasks
                0x00000000080007d8                pcTaskGetName
                0x00000000080007f0                xTaskIncrementTick
                0x00000000080008e8                xTaskResumeAll
                0x00000000080009c8                vTaskDelayUntil
                0x0000000008000a2c                vTaskDelay
                0x0000000008000a60                xTaskCatchUpTicks
                0x0000000008000a80                vTaskSwitchContext
                0x0000000008000aec                vTaskSuspend
                0x0000000008000bb8                vTaskPlaceOnEventList
                0x0000000008000bd8                vTaskPlaceOnUnorderedEventList
                0x0000000008000c00                vTaskPlaceOnEventListRestricted
                0x0000000008000c28                xTaskRemoveFromEventList
                0x0000000008000c98                vTaskRemoveFromUnorderedEventList
                0x0000000008000cec                vTaskSetTimeOutState
                0x0000000008000d0c                vTaskInternalSetTimeOutState
                0x0000000008000d20                xTaskCheckForTimeOut
                0x0000000008000d78                vTaskMissedYield
                0x0000000008000d88                xTaskGetCurrentTaskHandle
                0x0000000008000d94                xTaskGetSchedulerState
                0x0000000008000db4                xTaskPriorityInherit
                0x0000000008000e68                xTaskPriorityDisinherit
                0x0000000008000ef0                vTaskPriorityDisinheritAfterTimeout
                0x0000000008000f78                uxTaskResetEventItemValue
                0x0000000008000f98                pvTaskIncrementMutexHeldCount
                0x0000000008000fb8                ulTaskNotifyTake
                0x000000000800103c                xTaskNotifyWait
                0x00000000080010e4                xTaskGenericNotify
                0x0000000008001198                xTaskGenericNotifyFromISR
                0x0000000008001268                vTaskNotifyGiveFromISR
                0x0000000008001304                xTaskNotifyStateClear
                0x0000000008001338                ulTaskNotifyValueClear
 .text          0x0000000008001368      0x118 heap_2.o
                0x0000000008001368                pvPortMalloc
                0x000000000800142c                vPortFree
                0x0000000008001470                xPortGetFreeHeapSize
                0x000000000800147c                vPortInitialiseBlocks
 .text          0x0000000008001480      0x410 timers.o
                0x0000000008001510                xTimerCreateTimerTask
                0x000000000800154c                xTimerCreate
                0x0000000008001592                xTimerGenericCommand
                0x00000000080017f8                xTimerGetTimerDaemonTaskHandle
                0x0000000008001804                xTimerGetPeriod
                0x0000000008001808                vTimerSetReloadMode
                0x0000000008001834                uxTimerGetReloadMode
                0x000000000800184c                xTimerGetExpiryTime
                0x0000000008001850                pcTimerGetName
                0x0000000008001854                xTimerIsTimerActive
                0x000000000800186c                pvTimerGetTimerID
                0x000000000800187e                vTimerSetTimerID
 .text          0x0000000008001890       0x8e list.o
                0x0000000008001890                vListInitialise
                0x00000000080018a6                vListInitialiseItem
                0x00000000080018ac                vListInsertEnd
                0x00000000080018c4                vListInsert
                0x00000000080018f8                uxListRemove
 *fill*         0x000000000800191e        0x2 
 .text          0x0000000008001920      0x194 port.o
                0x000000000800195a                pxPortInitialiseStack
                0x000000000800197c                SVC_Handler
                0x00000000080019a4                vPortEndScheduler
                0x00000000080019a6                vPortEnterCritical
                0x00000000080019c4                vPortExitCritical
                0x00000000080019d8                PendSV_Handler
                0x0000000008001a24                SysTick_Handler
                0x0000000008001a50                vPortSetupTimerInterrupt
                0x0000000008001a78                xPortStartScheduler
 .text          0x0000000008001ab4      0x9ac queue.o
                0x0000000008001be2                xQueueGenericReset
                0x0000000008001c54                xQueueGenericCreate
                0x0000000008001c84                xQueueCreateCountingSemaphore
                0x0000000008001c9a                xQueueGenericSend
                0x0000000008001dc0                xQueueCreateMutex
                0x0000000008001de4                xQueueGiveMutexRecursive
                0x0000000008001e10                xQueueGenericSendFromISR
                0x0000000008001e80                xQueueGiveFromISR
                0x0000000008001ee4                xQueueReceive
                0x0000000008001ff4                xQueueSemaphoreTake
                0x000000000800214c                xQueueTakeMutexRecursive
                0x000000000800217c                xQueuePeek
                0x0000000008002288                xQueueReceiveFromISR
                0x00000000080022fa                xQueuePeekFromISR
                0x000000000800232a                uxQueueMessagesWaiting
                0x000000000800233c                uxQueueSpacesAvailable
                0x0000000008002352                uxQueueMessagesWaitingFromISR
                0x0000000008002356                xQueueIsQueueEmptyFromISR
                0x0000000008002360                xQueueIsQueueFullFromISR
                0x000000000800236e                vQueueAddToRegistry
                0x00000000080023a0                pcQueueGetName
                0x00000000080023cc                vQueueUnregisterQueue
                0x0000000008002400                vQueueDelete
                0x0000000008002410                vQueueWaitForMessageRestricted
 .text          0x0000000008002460        0x0 main.o
 .text          0x0000000008002460        0xc /usr/lib/arm-none-eabi/newlib/thumb/v7-m//libc_nano.a(lib_a-aeabi_atexit.o)
                0x0000000008002460                __aeabi_atexit
 .text          0x000000000800246c       0x1c /usr/lib/arm-none-eabi/newlib/thumb/v7-m//libc_nano.a(lib_a-cxa_atexit.o)
                0x000000000800246c                __cxa_atexit
 .text          0x0000000008002488        0xc /usr/lib/arm-none-eabi/newlib/thumb/v7-m//libc_nano.a(lib_a-errno.o)
                0x0000000008002488                __errno
 .text          0x0000000008002494        0x0 /usr/lib/arm-none-eabi/newlib/thumb/v7-m//libc_nano.a(lib_a-impure.o)
 .text          0x0000000008002494       0xec /usr/lib/arm-none-eabi/newlib/thumb/v7-m//libc_nano.a(lib_a-memcpy.o)
                0x0000000008002494                memcpy
 .text          0x0000000008002580       0x94 /usr/lib/arm-none-eabi/newlib/thumb/v7-m//libc_nano.a(lib_a-memset.o)
                0x0000000008002580                memset
 .text          0x0000000008002614      0x6ec /usr/lib/arm-none-eabi/newlib/thumb/v7-m//libc_nano.a(lib_a-nano-vfprintf_float.o)
                0x0000000008002614                __cvt
                0x00000000080026fc                __exponent
                0x0000000008002788                _printf_float
 .text          0x0000000008002d00      0x3a0 /usr/lib/arm-none-eabi/newlib/thumb/v7-m//libc_nano.a(lib_a-nano-vfprintf_i.o)
                0x0000000008002d00                _printf_common
                0x0000000008002e1c                _printf_i
 .text          0x00000000080030a0        0x0 /usr/lib/arm-none-eabi/newlib/thumb/v7-m//libc_nano.a(lib_a-on_exit_args.o)
 .text          0x00000000080030a0       0x5c /usr/lib/arm-none-eabi/newlib/thumb/v7-m//libc_nano.a(lib_a-strlen-stub.o)
                0x00000000080030a0                strlen
 *fill*         0x00000000080030fc        0x4 
 .text          0x0000000008003100      0xf7c /usr/lib/arm-none-eabi/newlib/thumb/v7-m//libc_nano.a(lib_a-dtoa.o)
                0x0000000008003224                _dtoa_r
 .text          0x000000000800407c       0x14 /usr/lib/arm-none-eabi/newlib/thumb/v7-m//libc_nano.a(lib_a-localeconv.o)
                0x000000000800407c                __localeconv_l
                0x0000000008004080                _localeconv_r
                0x0000000008004088                localeconv
 .text          0x0000000008004090       0x8c /usr/lib/arm-none-eabi/newlib/thumb/v7-m//libc_nano.a(lib_a-memchr-stub.o)
                0x0000000008004090                memchr
 .text          0x000000000800411c      0x93c /usr/lib/arm-none-eabi/newlib/thumb/v7-m//libc_nano.a(lib_a-mprec.o)
                0x000000000800411c                _Balloc
                0x0000000008004184                _Bfree
                0x00000000080041bc                __multadd
                0x0000000008004238                __s2b
                0x00000000080042d0                __hi0bits
                0x0000000008004310                __lo0bits
                0x0000000008004370                __i2b
                0x0000000008004384                __multiply
                0x00000000080044d0                __pow5mult
                0x0000000008004588                __lshift
                0x0000000008004640                __mcmp
                0x0000000008004678                __mdiff
                0x0000000008004778                __ulp
                0x00000000080047bc                __b2d
                0x000000000800487c                __d2b
                0x000000000800492c                __ratio
                0x0000000008004984                _mprec_log10
                0x00000000080049bc                __copybits
                0x0000000008004a04                __any_on
 .text          0x0000000008004a58       0x1c /usr/lib/arm-none-eabi/newlib/thumb/v7-m//libc_nano.a(lib_a-nano-callocr.o)
                0x0000000008004a58                _calloc_r
 .text          0x0000000008004a74       0xc8 /usr/lib/arm-none-eabi/newlib/thumb/v7-m//libc_nano.a(lib_a-nano-mallocr.o)
                0x0000000008004a74                _malloc_r
 .text          0x0000000008004b3c       0x24 /usr/lib/arm-none-eabi/newlib/thumb/v7-m//libc_nano.a(lib_a-sbrkr.o)
                0x0000000008004b3c                _sbrk_r
 .text          0x0000000008004b60       0x5c /usr/lib/arm-none-eabi/newlib/thumb/v7-m//libc_nano.a(lib_a-locale.o)
                0x0000000008004b60                _setlocale_r
                0x0000000008004ba0                __locale_mb_cur_max
                0x0000000008004bac                setlocale
 .text          0x0000000008004bbc       0x40 /usr/lib/arm-none-eabi/newlib/thumb/v7-m//libc_nano.a(lib_a-mbtowc_r.o)
                0x0000000008004bbc                _mbtowc_r
                0x0000000008004bd0                __ascii_mbtowc
 .text          0x0000000008004bfc        0x8 /usr/lib/arm-none-eabi/newlib/thumb/v7-m//libc_nano.a(lib_a-mlock.o)
                0x0000000008004bfc                __malloc_lock
                0x0000000008004c00                __malloc_unlock
 .text          0x0000000008004c04       0xf0 /usr/lib/arm-none-eabi/newlib/thumb/v7-m//libc_nano.a(lib_a-reent.o)
                0x0000000008004c04                cleanup_glue
                0x0000000008004c2c                _reclaim_reent
 .text          0x0000000008004cf4      0x1bc /usr/lib/arm-none-eabi/newlib/thumb/v7-m//libc_nano.a(lib_a-strcmp.o)
                0x0000000008004cf4                strcmp
 .text          0x0000000008004eb0       0x2c /usr/lib/arm-none-eabi/newlib/thumb/v7-m//libc_nano.a(lib_a-wctomb_r.o)
                0x0000000008004eb0                _wctomb_r
                0x0000000008004ec4                __ascii_wctomb
 .text          0x0000000008004edc        0x0 /usr/lib/arm-none-eabi/newlib/thumb/v7-m//libc_nano.a(lib_a-ctype_.o)
 .text          0x0000000008004edc       0xa8 /usr/lib/arm-none-eabi/newlib/thumb/v7-m//libc_nano.a(lib_a-nano-freer.o)
                0x0000000008004edc                _free_r
 .text          0x0000000008004f84      0x378 /usr/lib/gcc/arm-none-eabi/7.3.1/thumb/v7-m/libgcc.a(_arm_addsubdf3.o)
                0x0000000008004f84                __aeabi_drsub
                0x0000000008004f8c                __aeabi_dsub
                0x0000000008004f8c                __subdf3
                0x0000000008004f90                __adddf3
                0x0000000008004f90                __aeabi_dadd
                0x0000000008005208                __aeabi_ui2d
                0x0000000008005208                __floatunsidf
                0x0000000008005228                __floatsidf
                0x0000000008005228                __aeabi_i2d
                0x000000000800524c                __extendsfdf2
                0x000000000800524c                __aeabi_f2d
                0x0000000008005290                __aeabi_ul2d
                0x0000000008005290                __floatundidf
                0x00000000080052a0                __floatdidf
                0x00000000080052a0                __aeabi_l2d
 .text          0x00000000080052fc      0x424 /usr/lib/gcc/arm-none-eabi/7.3.1/thumb/v7-m/libgcc.a(_arm_muldivdf3.o)
                0x00000000080052fc                __aeabi_dmul
                0x00000000080052fc                __muldf3
                0x0000000008005550                __aeabi_ddiv
                0x0000000008005550                __divdf3
 .text          0x0000000008005720      0x110 /usr/lib/gcc/arm-none-eabi/7.3.1/thumb/v7-m/libgcc.a(_arm_cmpdf2.o)
                0x0000000008005720                __gtdf2
                0x0000000008005720                __gedf2
                0x0000000008005728                __ltdf2
                0x0000000008005728                __ledf2
                0x0000000008005730                __cmpdf2
                0x0000000008005730                __eqdf2
                0x0000000008005730                __nedf2
                0x00000000080057ac                __aeabi_cdrcmple
                0x00000000080057bc                __aeabi_cdcmple
                0x00000000080057bc                __aeabi_cdcmpeq
                0x00000000080057cc                __aeabi_dcmpeq
                0x00000000080057e0                __aeabi_dcmplt
                0x00000000080057f4                __aeabi_dcmple
                0x0000000008005808                __aeabi_dcmpge
                0x000000000800581c                __aeabi_dcmpgt
 .text          0x0000000008005830       0x2c /usr/lib/gcc/arm-none-eabi/7.3.1/thumb/v7-m/libgcc.a(_arm_unorddf2.o)
                0x0000000008005830                __aeabi_dcmpun
                0x0000000008005830                __unorddf2
 .text          0x000000000800585c       0x50 /usr/lib/gcc/arm-none-eabi/7.3.1/thumb/v7-m/libgcc.a(_arm_fixdfsi.o)
                0x000000000800585c                __fixdfsi
                0x000000000800585c                __aeabi_d2iz
 *(.text*)
 .text._Z5_initv
                0x00000000080058ac        0xc startup.o
                0x00000000080058ac                _init()
 .text._Z5_finiv
                0x00000000080058b8        0xc startup.o
                0x00000000080058b8                _fini()
 .text._Z17__libc_init_arrayv
                0x00000000080058c4       0x74 startup.o
                0x00000000080058c4                __libc_init_array()
 .text._Z17__libc_fini_arrayv
                0x0000000008005938       0x44 startup.o
                0x0000000008005938                __libc_fini_array()
 .text.Reset_Handler
                0x000000000800597c       0x44 startup.o
                0x000000000800597c                Reset_Handler
 .text.Default_Handler
                0x00000000080059c0        0x2 startup.o
                0x00000000080059c0                EXTI2_IRQHandler
                0x00000000080059c0                TIM8_TRG_COM_IRQHandler
                0x00000000080059c0                TIM8_CC_IRQHandler
                0x00000000080059c0                DebugMon_Handler
                0x00000000080059c0                TIM1_CC_IRQHandler
                0x00000000080059c0                HardFault_Handler
                0x00000000080059c0                TIM6_IRQHandler
                0x00000000080059c0                PVD_IRQHandler
                0x00000000080059c0                SDIO_IRQHandler
                0x00000000080059c0                NMI_Handler
                0x00000000080059c0                EXTI3_IRQHandler
                0x00000000080059c0                USB_HP_CAN_TX_IRQHandler
                0x00000000080059c0                EXTI0_IRQHandler
                0x00000000080059c0                I2C2_EV_IRQHandler
                0x00000000080059c0                UsageFault_Handler
                0x00000000080059c0                ADC1_2_IRQHandler
                0x00000000080059c0                SPI1_IRQHandler
                0x00000000080059c0                CAN_SCE_IRQHandler
                0x00000000080059c0                TAMPER_IRQHandler
                0x00000000080059c0                TIM8_UP_IRQHandler
                0x00000000080059c0                DMA2_Channel2_IRQHandler
                0x00000000080059c0                DMA1_Channel4_IRQHandler
                0x00000000080059c0                USART3_IRQHandler
                0x00000000080059c0                RTC_IRQHandler
                0x00000000080059c0                DMA1_Channel7_IRQHandler
                0x00000000080059c0                UART5_IRQHandler
                0x00000000080059c0                ADC3_IRQHandler
                0x00000000080059c0                CAN_RX1_IRQHandler
                0x00000000080059c0                DMA2_Channel1_IRQHandler
                0x00000000080059c0                I2C1_EV_IRQHandler
                0x00000000080059c0                DMA1_Channel6_IRQHandler
                0x00000000080059c0                UART4_IRQHandler
                0x00000000080059c0                TIM3_IRQHandler
                0x00000000080059c0                RCC_IRQHandler
                0x00000000080059c0                TIM1_TRG_COM_IRQHandler
                0x00000000080059c0                DMA1_Channel1_IRQHandler
                0x00000000080059c0                Default_Handler
                0x00000000080059c0                EXTI15_10_IRQHandler
                0x00000000080059c0                TIM7_IRQHandler
                0x00000000080059c0                TIM5_IRQHandler
                0x00000000080059c0                EXTI9_5_IRQHandler
                0x00000000080059c0                SPI2_IRQHandler
                0x00000000080059c0                USB_LP_CAN_RX0_IRQHandler
                0x00000000080059c0                MemManage_Handler
                0x00000000080059c0                DMA1_Channel5_IRQHandler
                0x00000000080059c0                EXTI4_IRQHandler
                0x00000000080059c0                DMA1_Channel3_IRQHandler
                0x00000000080059c0                FSMC_IRQHandler
                0x00000000080059c0                WWDG_IRQHandler
                0x00000000080059c0                TIM2_IRQHandler
                0x00000000080059c0                TIM1_BRK_IRQHandler
                0x00000000080059c0                EXTI1_IRQHandler
                0x00000000080059c0                RTCAlarm_IRQHandler
                0x00000000080059c0                DMA2_Channel4_5_IRQHandler
                0x00000000080059c0                USART2_IRQHandler
                0x00000000080059c0                I2C2_ER_IRQHandler
                0x00000000080059c0                DMA1_Channel2_IRQHandler
                0x00000000080059c0                TIM8_BRK_IRQHandler
                0x00000000080059c0                FLASH_IRQHandler
                0x00000000080059c0                BusFault_Handler
                0x00000000080059c0                USART1_IRQHandler
                0x00000000080059c0                SPI3_IRQHandler
                0x00000000080059c0                I2C1_ER_IRQHandler
                0x00000000080059c0                DMA2_Channel3_IRQHandler
 .text.__cxa_pure_virtual
                0x00000000080059c2        0x6 malloc.o
                0x00000000080059c2                __cxa_pure_virtual
 .text._Znwj    0x00000000080059c8       0x3a malloc.o
                0x00000000080059c8                operator new(unsigned int)
 .text._ZdlPv   0x0000000008005a02       0x32 malloc.o
                0x0000000008005a02                operator delete(void*)
 .text._Znaj    0x0000000008005a34       0x3a malloc.o
                0x0000000008005a34                operator new[](unsigned int)
 .text._ZdaPv   0x0000000008005a6e       0x32 malloc.o
                0x0000000008005a6e                operator delete[](void*)
 .text._ZdlPvj  0x0000000008005aa0       0x34 malloc.o
                0x0000000008005aa0                operator delete(void*, unsigned int)
 .text._ZSt20__throw_length_errorPKc
                0x0000000008005ad4        0xa malloc.o
                0x0000000008005ad4                std::__throw_length_error(char const*)
 .text._ZSt17__throw_bad_allocv
                0x0000000008005ade        0x6 malloc.o
                0x0000000008005ade                std::__throw_bad_alloc()
 .text.align    0x0000000008005ae4       0x34 malloc.o
                0x0000000008005ae4                align
 .text._sbrk    0x0000000008005b18       0x74 malloc.o
                0x0000000008005b18                _sbrk
 .text.init_malloc
                0x0000000008005b8c       0x1c malloc.o
                0x0000000008005b8c                init_malloc
 .text.gluing_free_blocks
                0x0000000008005ba8      0x120 malloc.o
                0x0000000008005ba8                gluing_free_blocks
 .text.malloc   0x0000000008005cc8      0x17c malloc.o
                0x0000000008005cc8                malloc
 .text.free     0x0000000008005e44       0x3c malloc.o
                0x0000000008005e44                free
 .text.__enable_irq
                0x0000000008005e80        0xe main.o
 *fill*         0x0000000008005e8e        0x2 
 .text.NVIC_EnableIRQ
                0x0000000008005e90       0x34 main.o
 .text.NVIC_ClearPendingIRQ
                0x0000000008005ec4       0x38 main.o
 .text._ZN5LED13C2Ev
                0x0000000008005efc       0x18 main.o
                0x0000000008005efc                LED13::LED13()
                0x0000000008005efc                LED13::LED13()
 .text._ZN5LED136toggleEv
                0x0000000008005f14       0x1c main.o
                0x0000000008005f14                LED13::toggle()
 .text._ZN5LED137led_iniEv
                0x0000000008005f30       0x40 main.o
                0x0000000008005f30                LED13::led_ini()
 .text._ZN6RCCiniC2Ev
                0x0000000008005f70       0x18 main.o
                0x0000000008005f70                RCCini::RCCini()
                0x0000000008005f70                RCCini::RCCini()
 .text._ZN6RCCini7rcc_iniEv
                0x0000000008005f88      0x114 main.o
                0x0000000008005f88                RCCini::rcc_ini()
 .text._ZN6TimersC2Eh
                0x000000000800609c       0x20 main.o
                0x000000000800609c                Timers::Timers(unsigned char)
                0x000000000800609c                Timers::Timers(unsigned char)
 .text._ZN6Timers9timer_iniEh
                0x00000000080060bc      0x264 main.o
                0x00000000080060bc                Timers::timer_ini(unsigned char)
 .text.TIM4_IRQHandler
                0x0000000008006320       0x2c main.o
                0x0000000008006320                TIM4_IRQHandler
 .text.TIM1_UP_IRQHandler
                0x000000000800634c       0x40 main.o
                0x000000000800634c                TIM1_UP_IRQHandler
 .text._ZN14Spi1_interface12reset_activeEv
                0x000000000800638c       0x24 main.o
                0x000000000800638c                Spi1_interface::reset_active()
 .text._ZN14Spi1_interface10reset_idleEv
                0x00000000080063b0       0x24 main.o
                0x00000000080063b0                Spi1_interface::reset_idle()
 .text._ZN14Spi1_interface10dc_commandEv
                0x00000000080063d4       0x24 main.o
                0x00000000080063d4                Spi1_interface::dc_command()
 .text._ZN14Spi1_interface7dc_dataEv
                0x00000000080063f8       0x24 main.o
                0x00000000080063f8                Spi1_interface::dc_data()
 .text._ZN14Spi1_interface18ST7789_SendCommandEh
                0x000000000800641c       0x4c main.o
                0x000000000800641c                Spi1_interface::ST7789_SendCommand(unsigned char)
 .text._ZN14Spi1_interface15ST7789_SendDataEh
                0x0000000008006468       0x24 main.o
                0x0000000008006468                Spi1_interface::ST7789_SendData(unsigned char)
 .text._ZN14Spi1_interface12spi_sendByteEh
                0x000000000800648c       0x58 main.o
                0x000000000800648c                Spi1_interface::spi_sendByte(unsigned char)
 .text._ZN14Spi1_interface12spi_sendWordEt
                0x00000000080064e4       0x6c main.o
                0x00000000080064e4                Spi1_interface::spi_sendWord(unsigned short)
 .text._ZN14Spi1_interface13tft_setColumnEii
                0x0000000008006550       0x34 main.o
                0x0000000008006550                Spi1_interface::tft_setColumn(int, int)
 .text._ZN14Spi1_interface10tft_setRowEii
                0x0000000008006584       0x34 main.o
                0x0000000008006584                Spi1_interface::tft_setRow(int, int)
 .text._ZN14Spi1_interface10fillScreenEt
                0x00000000080065b8       0x5a main.o
                0x00000000080065b8                Spi1_interface::fillScreen(unsigned short)
 .text._ZN14Spi1_interface5delayEm
                0x0000000008006612       0x32 main.o
                0x0000000008006612                Spi1_interface::delay(unsigned long)
 .text._ZN6SpiLcdC2Ev
                0x0000000008006644       0x22 main.o
                0x0000000008006644                SpiLcd::SpiLcd()
                0x0000000008006644                SpiLcd::SpiLcd()
 *fill*         0x0000000008006666        0x2 
 .text._ZN6SpiLcd8spi1_iniEv
                0x0000000008006668      0x1d4 main.o
                0x0000000008006668                SpiLcd::spi1_ini()
 .text._ZN6SpiLcd7tft_iniEtt
                0x000000000800683c       0x98 main.o
                0x000000000800683c                SpiLcd::tft_ini(unsigned short, unsigned short)
 .text._ZN14Font_interfaceC2Ev
                0x00000000080068d4       0x2c main.o
                0x00000000080068d4                Font_interface::Font_interface()
                0x00000000080068d4                Font_interface::Font_interface()
 .text._ZN14Font_interface9intToCharEm
                0x0000000008006900      0x1e8 main.o
                0x0000000008006900                Font_interface::intToChar(unsigned long)
 .text._ZN10Font_16x16C2Ev
                0x0000000008006ae8      0x1c4 main.o
                0x0000000008006ae8                Font_16x16::Font_16x16()
                0x0000000008006ae8                Font_16x16::Font_16x16()
 .text._ZN10Font_16x166symbolEtttPKt
                0x0000000008006cac      0x2b4 main.o
                0x0000000008006cac                Font_16x16::symbol(unsigned short, unsigned short, unsigned short, unsigned short const*)
 .text._ZN10Font_16x165printEtttPKch
                0x0000000008006f60      0x21a main.o
                0x0000000008006f60                Font_16x16::print(unsigned short, unsigned short, unsigned short, char const*, unsigned char)
 *fill*         0x000000000800717a        0x2 
 .text._ZN7iTaskFRC2Ev
                0x000000000800717c       0x24 main.o
                0x000000000800717c                iTaskFR::iTaskFR()
                0x000000000800717c                iTaskFR::iTaskFR()
 .text._ZN7iTaskFRD2Ev
                0x00000000080071a0       0x20 main.o
                0x00000000080071a0                iTaskFR::~iTaskFR()
                0x00000000080071a0                iTaskFR::~iTaskFR()
 .text._ZN7iTaskFRD0Ev
                0x00000000080071c0       0x20 main.o
                0x00000000080071c0                iTaskFR::~iTaskFR()
 .text._ZN2OS10taskCreateEP7iTaskFRPKcth
                0x00000000080071e0       0x4c main.o
                0x00000000080071e0                OS::taskCreate(iTaskFR*, char const*, unsigned short, unsigned char)
 .text._ZN2OS14startSchedulerEv
                0x000000000800722c        0xc main.o
                0x000000000800722c                OS::startScheduler()
 .text._ZN2OS5sleepEt
                0x0000000008007238       0x1a main.o
                0x0000000008007238                OS::sleep(unsigned short)
 .text._ZN2OS3RunEPv
                0x0000000008007252       0x1c main.o
                0x0000000008007252                OS::Run(void*)
 *fill*         0x000000000800726e        0x2 
 .text._ZN8OS_timerC2EPKcmmPv
                0x0000000008007270       0x48 main.o
                0x0000000008007270                OS_timer::OS_timer(char const*, unsigned long, unsigned long, void*)
                0x0000000008007270                OS_timer::OS_timer(char const*, unsigned long, unsigned long, void*)
 .text._ZN8OS_timer5startEm
                0x00000000080072b8       0x36 main.o
                0x00000000080072b8                OS_timer::start(unsigned long)
 *fill*         0x00000000080072ee        0x2 
 .text._ZN8OS_timer13timerCallBackEP15tmrTimerControl
                0x00000000080072f0       0x24 main.o
                0x00000000080072f0                OS_timer::timerCallBack(tmrTimerControl*)
 .text._ZN13TimerSingle1sC2EPKcmmPv
                0x0000000008007314       0x34 main.o
                0x0000000008007314                TimerSingle1s::TimerSingle1s(char const*, unsigned long, unsigned long, void*)
                0x0000000008007314                TimerSingle1s::TimerSingle1s(char const*, unsigned long, unsigned long, void*)
 .text._ZN13TimerSingle1s3runEv
                0x0000000008007348       0x24 main.o
                0x0000000008007348                TimerSingle1s::run()
 .text._ZN7BlinkFRC2Ev
                0x000000000800736c       0x2c main.o
                0x000000000800736c                BlinkFR::BlinkFR()
                0x000000000800736c                BlinkFR::BlinkFR()
 .text._ZN7BlinkFRD2Ev
                0x0000000008007398       0x24 main.o
                0x0000000008007398                BlinkFR::~BlinkFR()
                0x0000000008007398                BlinkFR::~BlinkFR()
 .text._ZN7BlinkFRD0Ev
                0x00000000080073bc       0x20 main.o
                0x00000000080073bc                BlinkFR::~BlinkFR()
 .text._ZN7BlinkFR3runEv
                0x00000000080073dc       0x16 main.o
                0x00000000080073dc                BlinkFR::run()
 *fill*         0x00000000080073f2        0x2 
 .text._ZN7BlinkFR7blink13Ev
                0x00000000080073f4       0x20 main.o
                0x00000000080073f4                BlinkFR::blink13()
 .text._ZN7BlinkFR8leds_iniEv
                0x0000000008007414       0x40 main.o
                0x0000000008007414                BlinkFR::leds_ini()
 .text._ZN6LCD_FRC2Ev
                0x0000000008007454       0x24 main.o
                0x0000000008007454                LCD_FR::LCD_FR()
                0x0000000008007454                LCD_FR::LCD_FR()
 .text._ZN6LCD_FRD2Ev
                0x0000000008007478       0x24 main.o
                0x0000000008007478                LCD_FR::~LCD_FR()
                0x0000000008007478                LCD_FR::~LCD_FR()
 .text._ZN6LCD_FRD0Ev
                0x000000000800749c       0x20 main.o
                0x000000000800749c                LCD_FR::~LCD_FR()
 .text._ZN6LCD_FR3runEv
                0x00000000080074bc       0x78 main.o
                0x00000000080074bc                LCD_FR::run()
 .text._ZN11CalibrationC2EP8OS_timer
                0x0000000008007534       0x34 main.o
                0x0000000008007534                Calibration::Calibration(OS_timer*)
                0x0000000008007534                Calibration::Calibration(OS_timer*)
 .text._ZN11Calibration3runEv
                0x0000000008007568       0x24 main.o
                0x0000000008007568                Calibration::run()
 .text.main     0x000000000800758c      0x130 main.o
                0x000000000800758c                main
 .text._ZN11CalibrationD2Ev
                0x00000000080076bc       0x24 main.o
                0x00000000080076bc                Calibration::~Calibration()
                0x00000000080076bc                Calibration::~Calibration()
 .text._ZN11CalibrationD0Ev
                0x00000000080076e0       0x20 main.o
                0x00000000080076e0                Calibration::~Calibration()
 .text._Z41__static_initialization_and_destruction_0ii
                0x0000000008007700       0x8c main.o
 .text._GLOBAL__sub_I__ZN6Timers12timerSecFlagE
                0x000000000800778c       0x10 main.o

.vfp11_veneer   0x000000000800779c        0x0
 .vfp11_veneer  0x000000000800779c        0x0 linker stubs

.v4_bx          0x000000000800779c        0x0
 .v4_bx         0x000000000800779c        0x0 linker stubs

.iplt           0x000000000800779c        0x0
 .iplt          0x000000000800779c        0x0 startup.o

.inits          0x000000000800779c        0x4
                0x000000000800779c                . = ALIGN (0x4)
 *(.init)
 *(.fini)
                0x000000000800779c                . = ALIGN (0x4)
                0x000000000800779c                PROVIDE (__preinit_array_start = .)
                0x000000000800779c                PROVIDE (__init_array_start = .)
 *(SORT_BY_NAME(.init_array.*))
 *(.init_array)
 .init_array    0x000000000800779c        0x4 main.o
                0x00000000080077a0                PROVIDE (__init_array_end = .)
                0x00000000080077a0                PROVIDE (__fini_array_start = .)
 *(SORT_BY_NAME(.fini_array.*))
 *(.fini_array)
                0x00000000080077a0                PROVIDE (__fini_array_end = .)
                0x00000000080077a0                . = ALIGN (0x4)

.rodata         0x00000000080077a0      0x4a8
                0x00000000080077a0                . = ALIGN (0x4)
 *(.rodata)
 .rodata        0x00000000080077a0      0x18e main.o
 *fill*         0x000000000800792e        0x2 
 .rodata        0x0000000008007930        0x4 /usr/lib/arm-none-eabi/newlib/thumb/v7-m//libc_nano.a(lib_a-cxa_atexit.o)
                0x0000000008007930                __cxa_atexit_dummy
 .rodata        0x0000000008007934        0x4 /usr/lib/arm-none-eabi/newlib/thumb/v7-m//libc_nano.a(lib_a-impure.o)
                0x0000000008007934                _global_impure_ptr
 .rodata        0x0000000008007938        0x4 /usr/lib/arm-none-eabi/newlib/thumb/v7-m//libc_nano.a(lib_a-on_exit_args.o)
                0x0000000008007938                __on_exit_args
 *fill*         0x000000000800793c        0x4 
 .rodata        0x0000000008007940      0x128 /usr/lib/arm-none-eabi/newlib/thumb/v7-m//libc_nano.a(lib_a-mprec.o)
                0x0000000008007950                __mprec_tens
                0x0000000008007a18                __mprec_tinytens
                0x0000000008007a40                __mprec_bigtens
 .rodata        0x0000000008007a68      0x101 /usr/lib/arm-none-eabi/newlib/thumb/v7-m//libc_nano.a(lib_a-ctype_.o)
                0x0000000008007a68                _ctype_
 *(.rodata*)
 *fill*         0x0000000008007b69        0x3 
 .rodata.str1.4
                0x0000000008007b6c        0x5 tasks.o
 *fill*         0x0000000008007b71        0x3 
 .rodata.str1.4
                0x0000000008007b74       0x10 timers.o
 .rodata._ZTV11Calibration
                0x0000000008007b84       0x14 main.o
                0x0000000008007b84                vtable for Calibration
 .rodata._ZTV6LCD_FR
                0x0000000008007b98       0x14 main.o
                0x0000000008007b98                vtable for LCD_FR
 .rodata._ZTV7BlinkFR
                0x0000000008007bac       0x14 main.o
                0x0000000008007bac                vtable for BlinkFR
 .rodata._ZTV13TimerSingle1s
                0x0000000008007bc0        0xc main.o
                0x0000000008007bc0                vtable for TimerSingle1s
 .rodata._ZTV8OS_timer
                0x0000000008007bcc        0xc main.o
                0x0000000008007bcc                vtable for OS_timer
 .rodata._ZTV7iTaskFR
                0x0000000008007bd8       0x14 main.o
                0x0000000008007bd8                vtable for iTaskFR
 .rodata.str1.4
                0x0000000008007bec       0x12 /usr/lib/arm-none-eabi/newlib/thumb/v7-m//libc_nano.a(lib_a-nano-vfprintf_float.o)
 *fill*         0x0000000008007bfe        0x2 
 .rodata.str1.4
                0x0000000008007c00       0x25 /usr/lib/arm-none-eabi/newlib/thumb/v7-m//libc_nano.a(lib_a-nano-vfprintf_i.o)
 *fill*         0x0000000008007c25        0x3 
 .rodata.str1.4
                0x0000000008007c28       0x10 /usr/lib/arm-none-eabi/newlib/thumb/v7-m//libc_nano.a(lib_a-dtoa.o)
                                         0x12 (size before relaxing)
 .rodata.str1.4
                0x0000000008007c38       0x10 /usr/lib/arm-none-eabi/newlib/thumb/v7-m//libc_nano.a(lib_a-locale.o)
                                         0x12 (size before relaxing)
 *(vtable)
 *(.glue_7)
 .glue_7        0x0000000008007c48        0x0 linker stubs
 *(.glue_7t)
 .glue_7t       0x0000000008007c48        0x0 linker stubs
                0x0000000008007c48                _etext = .
                0x0000000008007c48                _sidata = LOADADDR (.data)

.rel.dyn        0x0000000008007c48        0x0
 .rel.iplt      0x0000000008007c48        0x0 startup.o

.stack          0x0000000020000000      0x800
                0x0000000020000000                . = ALIGN (0x4)
                0x0000000020000000                _stack_begin = .
                0x0000000020000800                _StackLimit = (_stack_begin + _Min_Stack_Size)
                0x0000000020000800                . = (. + _Min_Stack_Size)
 *fill*         0x0000000020000000      0x800 
                0x0000000020000800                _StackTop = .
                0x0000000020000800                PROVIDE (_estack = _StackTop)

.data           0x0000000020000800      0x1d8 load address 0x0000000008007c48
                0x0000000020000800                . = ALIGN (0x4)
                0x0000000020000800                _sdata = .
 *(.data)
 .data          0x0000000020000800        0x0 startup.o
 .data          0x0000000020000800        0x0 malloc.o
 .data          0x0000000020000800        0x0 tasks.o
 .data          0x0000000020000800        0x4 heap_2.o
 .data          0x0000000020000804        0x0 timers.o
 .data          0x0000000020000804        0x0 list.o
 .data          0x0000000020000804        0x4 port.o
 .data          0x0000000020000808        0x0 queue.o
 .data          0x0000000020000808        0x0 main.o
 .data          0x0000000020000808        0x0 /usr/lib/arm-none-eabi/newlib/thumb/v7-m//libc_nano.a(lib_a-aeabi_atexit.o)
 .data          0x0000000020000808        0x0 /usr/lib/arm-none-eabi/newlib/thumb/v7-m//libc_nano.a(lib_a-cxa_atexit.o)
 .data          0x0000000020000808        0x0 /usr/lib/arm-none-eabi/newlib/thumb/v7-m//libc_nano.a(lib_a-errno.o)
 .data          0x0000000020000808       0x64 /usr/lib/arm-none-eabi/newlib/thumb/v7-m//libc_nano.a(lib_a-impure.o)
                0x0000000020000808                _impure_ptr
 .data          0x000000002000086c        0x0 /usr/lib/arm-none-eabi/newlib/thumb/v7-m//libc_nano.a(lib_a-memcpy.o)
 .data          0x000000002000086c        0x0 /usr/lib/arm-none-eabi/newlib/thumb/v7-m//libc_nano.a(lib_a-memset.o)
 .data          0x000000002000086c        0x0 /usr/lib/arm-none-eabi/newlib/thumb/v7-m//libc_nano.a(lib_a-nano-vfprintf_float.o)
 .data          0x000000002000086c        0x0 /usr/lib/arm-none-eabi/newlib/thumb/v7-m//libc_nano.a(lib_a-nano-vfprintf_i.o)
 .data          0x000000002000086c        0x0 /usr/lib/arm-none-eabi/newlib/thumb/v7-m//libc_nano.a(lib_a-on_exit_args.o)
 .data          0x000000002000086c        0x0 /usr/lib/arm-none-eabi/newlib/thumb/v7-m//libc_nano.a(lib_a-strlen-stub.o)
 .data          0x000000002000086c        0x0 /usr/lib/arm-none-eabi/newlib/thumb/v7-m//libc_nano.a(lib_a-dtoa.o)
 .data          0x000000002000086c        0x0 /usr/lib/arm-none-eabi/newlib/thumb/v7-m//libc_nano.a(lib_a-localeconv.o)
 .data          0x000000002000086c        0x0 /usr/lib/arm-none-eabi/newlib/thumb/v7-m//libc_nano.a(lib_a-memchr-stub.o)
 .data          0x000000002000086c        0x0 /usr/lib/arm-none-eabi/newlib/thumb/v7-m//libc_nano.a(lib_a-mprec.o)
 .data          0x000000002000086c        0x0 /usr/lib/arm-none-eabi/newlib/thumb/v7-m//libc_nano.a(lib_a-nano-callocr.o)
 .data          0x000000002000086c        0x0 /usr/lib/arm-none-eabi/newlib/thumb/v7-m//libc_nano.a(lib_a-nano-mallocr.o)
 .data          0x000000002000086c        0x0 /usr/lib/arm-none-eabi/newlib/thumb/v7-m//libc_nano.a(lib_a-sbrkr.o)
 .data          0x000000002000086c      0x16c /usr/lib/arm-none-eabi/newlib/thumb/v7-m//libc_nano.a(lib_a-locale.o)
                0x000000002000086c                __global_locale
 .data          0x00000000200009d8        0x0 /usr/lib/arm-none-eabi/newlib/thumb/v7-m//libc_nano.a(lib_a-mbtowc_r.o)
 .data          0x00000000200009d8        0x0 /usr/lib/arm-none-eabi/newlib/thumb/v7-m//libc_nano.a(lib_a-mlock.o)
 .data          0x00000000200009d8        0x0 /usr/lib/arm-none-eabi/newlib/thumb/v7-m//libc_nano.a(lib_a-reent.o)
 .data          0x00000000200009d8        0x0 /usr/lib/arm-none-eabi/newlib/thumb/v7-m//libc_nano.a(lib_a-strcmp.o)
 .data          0x00000000200009d8        0x0 /usr/lib/arm-none-eabi/newlib/thumb/v7-m//libc_nano.a(lib_a-wctomb_r.o)
 .data          0x00000000200009d8        0x0 /usr/lib/arm-none-eabi/newlib/thumb/v7-m//libc_nano.a(lib_a-ctype_.o)
 .data          0x00000000200009d8        0x0 /usr/lib/arm-none-eabi/newlib/thumb/v7-m//libc_nano.a(lib_a-nano-freer.o)
 .data          0x00000000200009d8        0x0 /usr/lib/gcc/arm-none-eabi/7.3.1/thumb/v7-m/libgcc.a(_arm_addsubdf3.o)
 .data          0x00000000200009d8        0x0 /usr/lib/gcc/arm-none-eabi/7.3.1/thumb/v7-m/libgcc.a(_arm_muldivdf3.o)
 .data          0x00000000200009d8        0x0 /usr/lib/gcc/arm-none-eabi/7.3.1/thumb/v7-m/libgcc.a(_arm_cmpdf2.o)
 .data          0x00000000200009d8        0x0 /usr/lib/gcc/arm-none-eabi/7.3.1/thumb/v7-m/libgcc.a(_arm_unorddf2.o)
 .data          0x00000000200009d8        0x0 /usr/lib/gcc/arm-none-eabi/7.3.1/thumb/v7-m/libgcc.a(_arm_fixdfsi.o)
 *(.data*)
                0x00000000200009d8                _edata = .

.igot.plt       0x00000000200009d8        0x0 load address 0x0000000008007e20
 .igot.plt      0x00000000200009d8        0x0 startup.o
                0x00000000200009d8                . = ALIGN (0x4)

.bss            0x00000000200009d8     0x2c5c load address 0x0000000008007e20
                0x00000000200009d8                _sbss = .
                0x00000000200009d8                __bss_start__ = _sbss
 *(.bss)
 .bss           0x00000000200009d8        0x0 startup.o
 .bss           0x00000000200009d8        0x0 malloc.o
 .bss           0x00000000200009d8      0x104 tasks.o
                0x0000000020000a64                pxCurrentTCB
 .bss           0x0000000020000adc     0x2814 heap_2.o
 .bss           0x00000000200032f0       0x3c timers.o
 .bss           0x000000002000332c        0x0 list.o
 .bss           0x000000002000332c        0x0 port.o
 .bss           0x000000002000332c       0x50 queue.o
                0x000000002000332c                xQueueRegistry
 .bss           0x000000002000337c        0x0 main.o
 .bss           0x000000002000337c        0x0 /usr/lib/arm-none-eabi/newlib/thumb/v7-m//libc_nano.a(lib_a-aeabi_atexit.o)
 .bss           0x000000002000337c        0x0 /usr/lib/arm-none-eabi/newlib/thumb/v7-m//libc_nano.a(lib_a-cxa_atexit.o)
 .bss           0x000000002000337c        0x0 /usr/lib/arm-none-eabi/newlib/thumb/v7-m//libc_nano.a(lib_a-errno.o)
 .bss           0x000000002000337c        0x0 /usr/lib/arm-none-eabi/newlib/thumb/v7-m//libc_nano.a(lib_a-impure.o)
 .bss           0x000000002000337c        0x0 /usr/lib/arm-none-eabi/newlib/thumb/v7-m//libc_nano.a(lib_a-memcpy.o)
 .bss           0x000000002000337c        0x0 /usr/lib/arm-none-eabi/newlib/thumb/v7-m//libc_nano.a(lib_a-memset.o)
 .bss           0x000000002000337c        0x0 /usr/lib/arm-none-eabi/newlib/thumb/v7-m//libc_nano.a(lib_a-nano-vfprintf_float.o)
 .bss           0x000000002000337c        0x0 /usr/lib/arm-none-eabi/newlib/thumb/v7-m//libc_nano.a(lib_a-nano-vfprintf_i.o)
 .bss           0x000000002000337c      0x108 /usr/lib/arm-none-eabi/newlib/thumb/v7-m//libc_nano.a(lib_a-on_exit_args.o)
 .bss           0x0000000020003484        0x0 /usr/lib/arm-none-eabi/newlib/thumb/v7-m//libc_nano.a(lib_a-strlen-stub.o)
 .bss           0x0000000020003484        0x0 /usr/lib/arm-none-eabi/newlib/thumb/v7-m//libc_nano.a(lib_a-dtoa.o)
 .bss           0x0000000020003484        0x0 /usr/lib/arm-none-eabi/newlib/thumb/v7-m//libc_nano.a(lib_a-localeconv.o)
 .bss           0x0000000020003484        0x0 /usr/lib/arm-none-eabi/newlib/thumb/v7-m//libc_nano.a(lib_a-memchr-stub.o)
 .bss           0x0000000020003484        0x0 /usr/lib/arm-none-eabi/newlib/thumb/v7-m//libc_nano.a(lib_a-mprec.o)
 .bss           0x0000000020003484        0x0 /usr/lib/arm-none-eabi/newlib/thumb/v7-m//libc_nano.a(lib_a-nano-callocr.o)
 .bss           0x0000000020003484        0x8 /usr/lib/arm-none-eabi/newlib/thumb/v7-m//libc_nano.a(lib_a-nano-mallocr.o)
                0x0000000020003484                __malloc_free_list
                0x0000000020003488                __malloc_sbrk_start
 .bss           0x000000002000348c        0x0 /usr/lib/arm-none-eabi/newlib/thumb/v7-m//libc_nano.a(lib_a-sbrkr.o)
 .bss           0x000000002000348c        0x4 /usr/lib/arm-none-eabi/newlib/thumb/v7-m//libc_nano.a(lib_a-locale.o)
                0x000000002000348c                _PathLocale
 .bss           0x0000000020003490        0x0 /usr/lib/arm-none-eabi/newlib/thumb/v7-m//libc_nano.a(lib_a-mbtowc_r.o)
 .bss           0x0000000020003490        0x0 /usr/lib/arm-none-eabi/newlib/thumb/v7-m//libc_nano.a(lib_a-mlock.o)
 .bss           0x0000000020003490        0x0 /usr/lib/arm-none-eabi/newlib/thumb/v7-m//libc_nano.a(lib_a-reent.o)
 .bss           0x0000000020003490        0x0 /usr/lib/arm-none-eabi/newlib/thumb/v7-m//libc_nano.a(lib_a-strcmp.o)
 .bss           0x0000000020003490        0x0 /usr/lib/arm-none-eabi/newlib/thumb/v7-m//libc_nano.a(lib_a-wctomb_r.o)
 .bss           0x0000000020003490        0x0 /usr/lib/arm-none-eabi/newlib/thumb/v7-m//libc_nano.a(lib_a-ctype_.o)
 .bss           0x0000000020003490        0x0 /usr/lib/arm-none-eabi/newlib/thumb/v7-m//libc_nano.a(lib_a-nano-freer.o)
 .bss           0x0000000020003490        0x0 /usr/lib/gcc/arm-none-eabi/7.3.1/thumb/v7-m/libgcc.a(_arm_addsubdf3.o)
 .bss           0x0000000020003490        0x0 /usr/lib/gcc/arm-none-eabi/7.3.1/thumb/v7-m/libgcc.a(_arm_muldivdf3.o)
 .bss           0x0000000020003490        0x0 /usr/lib/gcc/arm-none-eabi/7.3.1/thumb/v7-m/libgcc.a(_arm_cmpdf2.o)
 .bss           0x0000000020003490        0x0 /usr/lib/gcc/arm-none-eabi/7.3.1/thumb/v7-m/libgcc.a(_arm_unorddf2.o)
 .bss           0x0000000020003490        0x0 /usr/lib/gcc/arm-none-eabi/7.3.1/thumb/v7-m/libgcc.a(_arm_fixdfsi.o)
 *(.bss*)
 .bss.current_ends
                0x0000000020003490        0x4 malloc.o
                0x0000000020003490                current_ends
 .bss.mem       0x0000000020003494        0x4 malloc.o
                0x0000000020003494                mem
 .bss._ZN6Timers12timerSecFlagE
                0x0000000020003498        0x1 main.o
                0x0000000020003498                Timers::timerSecFlag
 *fill*         0x0000000020003499        0x3 
 .bss._ZN8OS_timer5timerE
                0x000000002000349c        0x4 main.o
                0x000000002000349c                OS_timer::timer
 .bss._ZN13TimerSingle1s10singleShotE
                0x00000000200034a0        0x1 main.o
                0x00000000200034a0                TimerSingle1s::singleShot
 .bss._ZN11Calibration7calFlagE
                0x00000000200034a1        0x1 main.o
                0x00000000200034a1                Calibration::calFlag
 *fill*         0x00000000200034a2        0x2 
 .bss.__dso_handle
                0x00000000200034a4        0x4 main.o
                0x00000000200034a4                __dso_handle
 .bss._ZN16InterruptManager4IsrVE
                0x00000000200034a8      0x160 main.o
                0x00000000200034a8                InterruptManager::IsrV
 .bss.low       0x0000000020003608        0x2 main.o
                0x0000000020003608                low
 .bss.high      0x000000002000360a        0x2 main.o
                0x000000002000360a                high
 .bss.singleTimer1
                0x000000002000360c        0x8 main.o
                0x000000002000360c                singleTimer1
 .bss.lcd       0x0000000020003614        0x8 main.o
                0x0000000020003614                lcd
 .bss.blink     0x000000002000361c        0x8 main.o
                0x000000002000361c                blink
 .bss.calTask   0x0000000020003624        0xc main.o
                0x0000000020003624                calTask
 *(COMMON)
 COMMON         0x0000000020003630        0x4 /usr/lib/arm-none-eabi/newlib/thumb/v7-m//libc_nano.a(lib_a-reent.o)
                0x0000000020003630                errno
                0x0000000020003634                . = ALIGN (0x4)
                0x0000000020003634                _ebss = .
                0x0000000020003634                __bss_end__ = _ebss

.heap           0x0000000020003634      0x800 load address 0x0000000008007e20
                0x0000000020003634                . = ALIGN (0x4)
                0x0000000020003634                _heap_start = __bss_end__
                [!provide]                        PROVIDE (end = .)
                0x0000000020003e34                _heap_limit = (_heap_start + _Min_Heap_Size)
                0x0000000020003e34                . = (. + _Min_Heap_Size)
 *fill*         0x0000000020003634      0x800 
                0x0000000020003e34                PROVIDE (_heap_end = .)
OUTPUT(main.elf elf32-littlearm)

.debug_info     0x0000000000000000    0x1f733
 .debug_info    0x0000000000000000      0x1c2 startup.o
 .debug_info    0x00000000000001c2     0x12b6 malloc.o
 .debug_info    0x0000000000001478     0x2805 tasks.o
 .debug_info    0x0000000000003c7d      0xb55 heap_2.o
 .debug_info    0x00000000000047d2     0x1783 timers.o
 .debug_info    0x0000000000005f55      0xab9 list.o
 .debug_info    0x0000000000006a0e      0x327 port.o
 .debug_info    0x0000000000006d35     0x21de queue.o
 .debug_info    0x0000000000008f13     0x311f main.o
 .debug_info    0x000000000000c032      0x910 /usr/lib/arm-none-eabi/newlib/thumb/v7-m//libc_nano.a(lib_a-aeabi_atexit.o)
 .debug_info    0x000000000000c942      0x989 /usr/lib/arm-none-eabi/newlib/thumb/v7-m//libc_nano.a(lib_a-cxa_atexit.o)
 .debug_info    0x000000000000d2cb      0x8cb /usr/lib/arm-none-eabi/newlib/thumb/v7-m//libc_nano.a(lib_a-errno.o)
 .debug_info    0x000000000000db96      0x8a4 /usr/lib/arm-none-eabi/newlib/thumb/v7-m//libc_nano.a(lib_a-impure.o)
 .debug_info    0x000000000000e43a       0x26 /usr/lib/arm-none-eabi/newlib/thumb/v7-m//libc_nano.a(lib_a-memcpy.o)
 .debug_info    0x000000000000e460      0xe1d /usr/lib/arm-none-eabi/newlib/thumb/v7-m//libc_nano.a(lib_a-memset.o)
 .debug_info    0x000000000000f27d     0x18e1 /usr/lib/arm-none-eabi/newlib/thumb/v7-m//libc_nano.a(lib_a-nano-vfprintf_float.o)
 .debug_info    0x0000000000010b5e     0x142c /usr/lib/arm-none-eabi/newlib/thumb/v7-m//libc_nano.a(lib_a-nano-vfprintf_i.o)
 .debug_info    0x0000000000011f8a      0x8a4 /usr/lib/arm-none-eabi/newlib/thumb/v7-m//libc_nano.a(lib_a-on_exit_args.o)
 .debug_info    0x000000000001282e      0x8b5 /usr/lib/arm-none-eabi/newlib/thumb/v7-m//libc_nano.a(lib_a-strlen-stub.o)
 .debug_info    0x00000000000130e3     0x1859 /usr/lib/arm-none-eabi/newlib/thumb/v7-m//libc_nano.a(lib_a-dtoa.o)
 .debug_info    0x000000000001493c      0xe54 /usr/lib/arm-none-eabi/newlib/thumb/v7-m//libc_nano.a(lib_a-localeconv.o)
 .debug_info    0x0000000000015790      0x934 /usr/lib/arm-none-eabi/newlib/thumb/v7-m//libc_nano.a(lib_a-memchr-stub.o)
 .debug_info    0x00000000000160c4     0x1cd7 /usr/lib/arm-none-eabi/newlib/thumb/v7-m//libc_nano.a(lib_a-mprec.o)
 .debug_info    0x0000000000017d9b      0xa4c /usr/lib/arm-none-eabi/newlib/thumb/v7-m//libc_nano.a(lib_a-nano-callocr.o)
 .debug_info    0x00000000000187e7      0xb75 /usr/lib/arm-none-eabi/newlib/thumb/v7-m//libc_nano.a(lib_a-nano-mallocr.o)
 .debug_info    0x000000000001935c      0x95a /usr/lib/arm-none-eabi/newlib/thumb/v7-m//libc_nano.a(lib_a-sbrkr.o)
 .debug_info    0x0000000000019cb6      0xfac /usr/lib/arm-none-eabi/newlib/thumb/v7-m//libc_nano.a(lib_a-locale.o)
 .debug_info    0x000000000001ac62      0xf24 /usr/lib/arm-none-eabi/newlib/thumb/v7-m//libc_nano.a(lib_a-mbtowc_r.o)
 .debug_info    0x000000000001bb86      0x8d7 /usr/lib/arm-none-eabi/newlib/thumb/v7-m//libc_nano.a(lib_a-mlock.o)
 .debug_info    0x000000000001c45d      0xa90 /usr/lib/arm-none-eabi/newlib/thumb/v7-m//libc_nano.a(lib_a-reent.o)
 .debug_info    0x000000000001ceed       0x26 /usr/lib/arm-none-eabi/newlib/thumb/v7-m//libc_nano.a(lib_a-strcmp.o)
 .debug_info    0x000000000001cf13      0xef0 /usr/lib/arm-none-eabi/newlib/thumb/v7-m//libc_nano.a(lib_a-wctomb_r.o)
 .debug_info    0x000000000001de03      0xdb1 /usr/lib/arm-none-eabi/newlib/thumb/v7-m//libc_nano.a(lib_a-ctype_.o)
 .debug_info    0x000000000001ebb4      0xac1 /usr/lib/arm-none-eabi/newlib/thumb/v7-m//libc_nano.a(lib_a-nano-freer.o)
 .debug_info    0x000000000001f675       0x26 /usr/lib/gcc/arm-none-eabi/7.3.1/thumb/v7-m/libgcc.a(_arm_addsubdf3.o)
 .debug_info    0x000000000001f69b       0x26 /usr/lib/gcc/arm-none-eabi/7.3.1/thumb/v7-m/libgcc.a(_arm_muldivdf3.o)
 .debug_info    0x000000000001f6c1       0x26 /usr/lib/gcc/arm-none-eabi/7.3.1/thumb/v7-m/libgcc.a(_arm_cmpdf2.o)
 .debug_info    0x000000000001f6e7       0x26 /usr/lib/gcc/arm-none-eabi/7.3.1/thumb/v7-m/libgcc.a(_arm_unorddf2.o)
 .debug_info    0x000000000001f70d       0x26 /usr/lib/gcc/arm-none-eabi/7.3.1/thumb/v7-m/libgcc.a(_arm_fixdfsi.o)

.debug_abbrev   0x0000000000000000     0x4bee
 .debug_abbrev  0x0000000000000000       0xfc startup.o
 .debug_abbrev  0x00000000000000fc      0x389 malloc.o
 .debug_abbrev  0x0000000000000485      0x3c4 tasks.o
 .debug_abbrev  0x0000000000000849      0x28c heap_2.o
 .debug_abbrev  0x0000000000000ad5      0x35c timers.o
 .debug_abbrev  0x0000000000000e31      0x1ea list.o
 .debug_abbrev  0x000000000000101b      0x1ca port.o
 .debug_abbrev  0x00000000000011e5      0x3b1 queue.o
 .debug_abbrev  0x0000000000001596      0x760 main.o
 .debug_abbrev  0x0000000000001cf6      0x1be /usr/lib/arm-none-eabi/newlib/thumb/v7-m//libc_nano.a(lib_a-aeabi_atexit.o)
 .debug_abbrev  0x0000000000001eb4      0x1f3 /usr/lib/arm-none-eabi/newlib/thumb/v7-m//libc_nano.a(lib_a-cxa_atexit.o)
 .debug_abbrev  0x00000000000020a7      0x178 /usr/lib/arm-none-eabi/newlib/thumb/v7-m//libc_nano.a(lib_a-errno.o)
 .debug_abbrev  0x000000000000221f      0x15c /usr/lib/arm-none-eabi/newlib/thumb/v7-m//libc_nano.a(lib_a-impure.o)
 .debug_abbrev  0x000000000000237b       0x14 /usr/lib/arm-none-eabi/newlib/thumb/v7-m//libc_nano.a(lib_a-memcpy.o)
 .debug_abbrev  0x000000000000238f      0x1a8 /usr/lib/arm-none-eabi/newlib/thumb/v7-m//libc_nano.a(lib_a-memset.o)
 .debug_abbrev  0x0000000000002537      0x2f1 /usr/lib/arm-none-eabi/newlib/thumb/v7-m//libc_nano.a(lib_a-nano-vfprintf_float.o)
 .debug_abbrev  0x0000000000002828      0x28b /usr/lib/arm-none-eabi/newlib/thumb/v7-m//libc_nano.a(lib_a-nano-vfprintf_i.o)
 .debug_abbrev  0x0000000000002ab3      0x164 /usr/lib/arm-none-eabi/newlib/thumb/v7-m//libc_nano.a(lib_a-on_exit_args.o)
 .debug_abbrev  0x0000000000002c17      0x171 /usr/lib/arm-none-eabi/newlib/thumb/v7-m//libc_nano.a(lib_a-strlen-stub.o)
 .debug_abbrev  0x0000000000002d88      0x2b2 /usr/lib/arm-none-eabi/newlib/thumb/v7-m//libc_nano.a(lib_a-dtoa.o)
 .debug_abbrev  0x000000000000303a      0x208 /usr/lib/arm-none-eabi/newlib/thumb/v7-m//libc_nano.a(lib_a-localeconv.o)
 .debug_abbrev  0x0000000000003242      0x1a5 /usr/lib/arm-none-eabi/newlib/thumb/v7-m//libc_nano.a(lib_a-memchr-stub.o)
 .debug_abbrev  0x00000000000033e7      0x394 /usr/lib/arm-none-eabi/newlib/thumb/v7-m//libc_nano.a(lib_a-mprec.o)
 .debug_abbrev  0x000000000000377b      0x1dc /usr/lib/arm-none-eabi/newlib/thumb/v7-m//libc_nano.a(lib_a-nano-callocr.o)
 .debug_abbrev  0x0000000000003957      0x27f /usr/lib/arm-none-eabi/newlib/thumb/v7-m//libc_nano.a(lib_a-nano-mallocr.o)
 .debug_abbrev  0x0000000000003bd6      0x1df /usr/lib/arm-none-eabi/newlib/thumb/v7-m//libc_nano.a(lib_a-sbrkr.o)
 .debug_abbrev  0x0000000000003db5      0x265 /usr/lib/arm-none-eabi/newlib/thumb/v7-m//libc_nano.a(lib_a-locale.o)
 .debug_abbrev  0x000000000000401a      0x1ec /usr/lib/arm-none-eabi/newlib/thumb/v7-m//libc_nano.a(lib_a-mbtowc_r.o)
 .debug_abbrev  0x0000000000004206      0x1a1 /usr/lib/arm-none-eabi/newlib/thumb/v7-m//libc_nano.a(lib_a-mlock.o)
 .debug_abbrev  0x00000000000043a7      0x24c /usr/lib/arm-none-eabi/newlib/thumb/v7-m//libc_nano.a(lib_a-reent.o)
 .debug_abbrev  0x00000000000045f3       0x14 /usr/lib/arm-none-eabi/newlib/thumb/v7-m//libc_nano.a(lib_a-strcmp.o)
 .debug_abbrev  0x0000000000004607      0x1e5 /usr/lib/arm-none-eabi/newlib/thumb/v7-m//libc_nano.a(lib_a-wctomb_r.o)
 .debug_abbrev  0x00000000000047ec      0x15a /usr/lib/arm-none-eabi/newlib/thumb/v7-m//libc_nano.a(lib_a-ctype_.o)
 .debug_abbrev  0x0000000000004946      0x244 /usr/lib/arm-none-eabi/newlib/thumb/v7-m//libc_nano.a(lib_a-nano-freer.o)
 .debug_abbrev  0x0000000000004b8a       0x14 /usr/lib/gcc/arm-none-eabi/7.3.1/thumb/v7-m/libgcc.a(_arm_addsubdf3.o)
 .debug_abbrev  0x0000000000004b9e       0x14 /usr/lib/gcc/arm-none-eabi/7.3.1/thumb/v7-m/libgcc.a(_arm_muldivdf3.o)
 .debug_abbrev  0x0000000000004bb2       0x14 /usr/lib/gcc/arm-none-eabi/7.3.1/thumb/v7-m/libgcc.a(_arm_cmpdf2.o)
 .debug_abbrev  0x0000000000004bc6       0x14 /usr/lib/gcc/arm-none-eabi/7.3.1/thumb/v7-m/libgcc.a(_arm_unorddf2.o)
 .debug_abbrev  0x0000000000004bda       0x14 /usr/lib/gcc/arm-none-eabi/7.3.1/thumb/v7-m/libgcc.a(_arm_fixdfsi.o)

.debug_aranges  0x0000000000000000      0x738
 .debug_aranges
                0x0000000000000000       0x48 startup.o
 .debug_aranges
                0x0000000000000048       0x88 malloc.o
 .debug_aranges
                0x00000000000000d0       0x20 tasks.o
 .debug_aranges
                0x00000000000000f0       0x20 heap_2.o
 .debug_aranges
                0x0000000000000110       0x20 timers.o
 .debug_aranges
                0x0000000000000130       0x20 list.o
 .debug_aranges
                0x0000000000000150       0x20 port.o
 .debug_aranges
                0x0000000000000170       0x20 queue.o
 .debug_aranges
                0x0000000000000190      0x200 main.o
 .debug_aranges
                0x0000000000000390       0x20 /usr/lib/arm-none-eabi/newlib/thumb/v7-m//libc_nano.a(lib_a-aeabi_atexit.o)
 .debug_aranges
                0x00000000000003b0       0x20 /usr/lib/arm-none-eabi/newlib/thumb/v7-m//libc_nano.a(lib_a-cxa_atexit.o)
 .debug_aranges
                0x00000000000003d0       0x20 /usr/lib/arm-none-eabi/newlib/thumb/v7-m//libc_nano.a(lib_a-errno.o)
 .debug_aranges
                0x00000000000003f0       0x18 /usr/lib/arm-none-eabi/newlib/thumb/v7-m//libc_nano.a(lib_a-impure.o)
 .debug_aranges
                0x0000000000000408       0x20 /usr/lib/arm-none-eabi/newlib/thumb/v7-m//libc_nano.a(lib_a-memcpy.o)
 .debug_aranges
                0x0000000000000428       0x20 /usr/lib/arm-none-eabi/newlib/thumb/v7-m//libc_nano.a(lib_a-memset.o)
 .debug_aranges
                0x0000000000000448       0x20 /usr/lib/arm-none-eabi/newlib/thumb/v7-m//libc_nano.a(lib_a-nano-vfprintf_float.o)
 .debug_aranges
                0x0000000000000468       0x20 /usr/lib/arm-none-eabi/newlib/thumb/v7-m//libc_nano.a(lib_a-nano-vfprintf_i.o)
 .debug_aranges
                0x0000000000000488       0x18 /usr/lib/arm-none-eabi/newlib/thumb/v7-m//libc_nano.a(lib_a-on_exit_args.o)
 .debug_aranges
                0x00000000000004a0       0x20 /usr/lib/arm-none-eabi/newlib/thumb/v7-m//libc_nano.a(lib_a-strlen-stub.o)
 .debug_aranges
                0x00000000000004c0       0x20 /usr/lib/arm-none-eabi/newlib/thumb/v7-m//libc_nano.a(lib_a-dtoa.o)
 .debug_aranges
                0x00000000000004e0       0x20 /usr/lib/arm-none-eabi/newlib/thumb/v7-m//libc_nano.a(lib_a-localeconv.o)
 .debug_aranges
                0x0000000000000500       0x20 /usr/lib/arm-none-eabi/newlib/thumb/v7-m//libc_nano.a(lib_a-memchr-stub.o)
 .debug_aranges
                0x0000000000000520       0x20 /usr/lib/arm-none-eabi/newlib/thumb/v7-m//libc_nano.a(lib_a-mprec.o)
 .debug_aranges
                0x0000000000000540       0x20 /usr/lib/arm-none-eabi/newlib/thumb/v7-m//libc_nano.a(lib_a-nano-callocr.o)
 .debug_aranges
                0x0000000000000560       0x20 /usr/lib/arm-none-eabi/newlib/thumb/v7-m//libc_nano.a(lib_a-nano-mallocr.o)
 .debug_aranges
                0x0000000000000580       0x20 /usr/lib/arm-none-eabi/newlib/thumb/v7-m//libc_nano.a(lib_a-sbrkr.o)
 .debug_aranges
                0x00000000000005a0       0x20 /usr/lib/arm-none-eabi/newlib/thumb/v7-m//libc_nano.a(lib_a-locale.o)
 .debug_aranges
                0x00000000000005c0       0x20 /usr/lib/arm-none-eabi/newlib/thumb/v7-m//libc_nano.a(lib_a-mbtowc_r.o)
 .debug_aranges
                0x00000000000005e0       0x20 /usr/lib/arm-none-eabi/newlib/thumb/v7-m//libc_nano.a(lib_a-mlock.o)
 .debug_aranges
                0x0000000000000600       0x20 /usr/lib/arm-none-eabi/newlib/thumb/v7-m//libc_nano.a(lib_a-reent.o)
 .debug_aranges
                0x0000000000000620       0x20 /usr/lib/arm-none-eabi/newlib/thumb/v7-m//libc_nano.a(lib_a-strcmp.o)
 .debug_aranges
                0x0000000000000640       0x20 /usr/lib/arm-none-eabi/newlib/thumb/v7-m//libc_nano.a(lib_a-wctomb_r.o)
 .debug_aranges
                0x0000000000000660       0x18 /usr/lib/arm-none-eabi/newlib/thumb/v7-m//libc_nano.a(lib_a-ctype_.o)
 .debug_aranges
                0x0000000000000678       0x20 /usr/lib/arm-none-eabi/newlib/thumb/v7-m//libc_nano.a(lib_a-nano-freer.o)
 .debug_aranges
                0x0000000000000698       0x20 /usr/lib/gcc/arm-none-eabi/7.3.1/thumb/v7-m/libgcc.a(_arm_addsubdf3.o)
 .debug_aranges
                0x00000000000006b8       0x20 /usr/lib/gcc/arm-none-eabi/7.3.1/thumb/v7-m/libgcc.a(_arm_muldivdf3.o)
 .debug_aranges
                0x00000000000006d8       0x20 /usr/lib/gcc/arm-none-eabi/7.3.1/thumb/v7-m/libgcc.a(_arm_cmpdf2.o)
 .debug_aranges
                0x00000000000006f8       0x20 /usr/lib/gcc/arm-none-eabi/7.3.1/thumb/v7-m/libgcc.a(_arm_unorddf2.o)
 .debug_aranges
                0x0000000000000718       0x20 /usr/lib/gcc/arm-none-eabi/7.3.1/thumb/v7-m/libgcc.a(_arm_fixdfsi.o)

.debug_ranges   0x0000000000000000      0x718
 .debug_ranges  0x0000000000000000       0x38 startup.o
 .debug_ranges  0x0000000000000038       0x78 malloc.o
 .debug_ranges  0x00000000000000b0      0x118 tasks.o
 .debug_ranges  0x00000000000001c8       0x58 timers.o
 .debug_ranges  0x0000000000000220       0xf8 queue.o
 .debug_ranges  0x0000000000000318      0x1f0 main.o
 .debug_ranges  0x0000000000000508       0x20 /usr/lib/arm-none-eabi/newlib/thumb/v7-m//libc_nano.a(lib_a-nano-vfprintf_float.o)
 .debug_ranges  0x0000000000000528       0x70 /usr/lib/arm-none-eabi/newlib/thumb/v7-m//libc_nano.a(lib_a-nano-vfprintf_i.o)
 .debug_ranges  0x0000000000000598       0x10 /usr/lib/arm-none-eabi/newlib/thumb/v7-m//libc_nano.a(lib_a-strlen-stub.o)
 .debug_ranges  0x00000000000005a8       0x20 /usr/lib/arm-none-eabi/newlib/thumb/v7-m//libc_nano.a(lib_a-dtoa.o)
 .debug_ranges  0x00000000000005c8       0xf0 /usr/lib/arm-none-eabi/newlib/thumb/v7-m//libc_nano.a(lib_a-mprec.o)
 .debug_ranges  0x00000000000006b8       0x40 /usr/lib/arm-none-eabi/newlib/thumb/v7-m//libc_nano.a(lib_a-nano-mallocr.o)
 .debug_ranges  0x00000000000006f8       0x20 /usr/lib/arm-none-eabi/newlib/thumb/v7-m//libc_nano.a(lib_a-locale.o)

.debug_line     0x0000000000000000     0x554e
 .debug_line    0x0000000000000000       0xfc startup.o
 .debug_line    0x00000000000000fc      0x351 malloc.o
 .debug_line    0x000000000000044d      0x6f6 tasks.o
 .debug_line    0x0000000000000b43      0x19e heap_2.o
 .debug_line    0x0000000000000ce1      0x294 timers.o
 .debug_line    0x0000000000000f75      0x16e list.o
 .debug_line    0x00000000000010e3      0x152 port.o
 .debug_line    0x0000000000001235      0x4cf queue.o
 .debug_line    0x0000000000001704      0x9d2 main.o
 .debug_line    0x00000000000020d6      0x126 /usr/lib/arm-none-eabi/newlib/thumb/v7-m//libc_nano.a(lib_a-aeabi_atexit.o)
 .debug_line    0x00000000000021fc      0x141 /usr/lib/arm-none-eabi/newlib/thumb/v7-m//libc_nano.a(lib_a-cxa_atexit.o)
 .debug_line    0x000000000000233d       0xef /usr/lib/arm-none-eabi/newlib/thumb/v7-m//libc_nano.a(lib_a-errno.o)
 .debug_line    0x000000000000242c       0xd4 /usr/lib/arm-none-eabi/newlib/thumb/v7-m//libc_nano.a(lib_a-impure.o)
 .debug_line    0x0000000000002500       0xbe /usr/lib/arm-none-eabi/newlib/thumb/v7-m//libc_nano.a(lib_a-memcpy.o)
 .debug_line    0x00000000000025be      0x1b8 /usr/lib/arm-none-eabi/newlib/thumb/v7-m//libc_nano.a(lib_a-memset.o)
 .debug_line    0x0000000000002776      0x4d3 /usr/lib/arm-none-eabi/newlib/thumb/v7-m//libc_nano.a(lib_a-nano-vfprintf_float.o)
 .debug_line    0x0000000000002c49      0x3ba /usr/lib/arm-none-eabi/newlib/thumb/v7-m//libc_nano.a(lib_a-nano-vfprintf_i.o)
 .debug_line    0x0000000000003003       0xdb /usr/lib/arm-none-eabi/newlib/thumb/v7-m//libc_nano.a(lib_a-on_exit_args.o)
 .debug_line    0x00000000000030de      0x128 /usr/lib/arm-none-eabi/newlib/thumb/v7-m//libc_nano.a(lib_a-strlen-stub.o)
 .debug_line    0x0000000000003206      0x6cb /usr/lib/arm-none-eabi/newlib/thumb/v7-m//libc_nano.a(lib_a-dtoa.o)
 .debug_line    0x00000000000038d1      0x149 /usr/lib/arm-none-eabi/newlib/thumb/v7-m//libc_nano.a(lib_a-localeconv.o)
 .debug_line    0x0000000000003a1a      0x15e /usr/lib/arm-none-eabi/newlib/thumb/v7-m//libc_nano.a(lib_a-memchr-stub.o)
 .debug_line    0x0000000000003b78      0x5e6 /usr/lib/arm-none-eabi/newlib/thumb/v7-m//libc_nano.a(lib_a-mprec.o)
 .debug_line    0x000000000000415e      0x142 /usr/lib/arm-none-eabi/newlib/thumb/v7-m//libc_nano.a(lib_a-nano-callocr.o)
 .debug_line    0x00000000000042a0      0x196 /usr/lib/arm-none-eabi/newlib/thumb/v7-m//libc_nano.a(lib_a-nano-mallocr.o)
 .debug_line    0x0000000000004436      0x130 /usr/lib/arm-none-eabi/newlib/thumb/v7-m//libc_nano.a(lib_a-sbrkr.o)
 .debug_line    0x0000000000004566      0x1c8 /usr/lib/arm-none-eabi/newlib/thumb/v7-m//libc_nano.a(lib_a-locale.o)
 .debug_line    0x000000000000472e      0x1a3 /usr/lib/arm-none-eabi/newlib/thumb/v7-m//libc_nano.a(lib_a-mbtowc_r.o)
 .debug_line    0x00000000000048d1      0x11a /usr/lib/arm-none-eabi/newlib/thumb/v7-m//libc_nano.a(lib_a-mlock.o)
 .debug_line    0x00000000000049eb      0x157 /usr/lib/arm-none-eabi/newlib/thumb/v7-m//libc_nano.a(lib_a-reent.o)
 .debug_line    0x0000000000004b42      0x103 /usr/lib/arm-none-eabi/newlib/thumb/v7-m//libc_nano.a(lib_a-strcmp.o)
 .debug_line    0x0000000000004c45      0x199 /usr/lib/arm-none-eabi/newlib/thumb/v7-m//libc_nano.a(lib_a-wctomb_r.o)
 .debug_line    0x0000000000004dde      0x139 /usr/lib/arm-none-eabi/newlib/thumb/v7-m//libc_nano.a(lib_a-ctype_.o)
 .debug_line    0x0000000000004f17      0x17f /usr/lib/arm-none-eabi/newlib/thumb/v7-m//libc_nano.a(lib_a-nano-freer.o)
 .debug_line    0x0000000000005096      0x182 /usr/lib/gcc/arm-none-eabi/7.3.1/thumb/v7-m/libgcc.a(_arm_addsubdf3.o)
 .debug_line    0x0000000000005218      0x19b /usr/lib/gcc/arm-none-eabi/7.3.1/thumb/v7-m/libgcc.a(_arm_muldivdf3.o)
 .debug_line    0x00000000000053b3       0xba /usr/lib/gcc/arm-none-eabi/7.3.1/thumb/v7-m/libgcc.a(_arm_cmpdf2.o)
 .debug_line    0x000000000000546d       0x6b /usr/lib/gcc/arm-none-eabi/7.3.1/thumb/v7-m/libgcc.a(_arm_unorddf2.o)
 .debug_line    0x00000000000054d8       0x76 /usr/lib/gcc/arm-none-eabi/7.3.1/thumb/v7-m/libgcc.a(_arm_fixdfsi.o)

.debug_str      0x0000000000000000     0x4cad
 .debug_str     0x0000000000000000      0x253 startup.o
                                        0x266 (size before relaxing)
 .debug_str     0x0000000000000253      0x728 malloc.o
                                        0x986 (size before relaxing)
 .debug_str     0x000000000000097b      0xda0 tasks.o
                                       0x1300 (size before relaxing)
 .debug_str     0x000000000000171b      0x13e heap_2.o
                                        0x71f (size before relaxing)
 .debug_str     0x0000000000001859      0x49b timers.o
                                        0xc7c (size before relaxing)
 .debug_str     0x0000000000001cf4       0x51 list.o
                                        0x6c6 (size before relaxing)
 .debug_str     0x0000000000001d45       0xa0 port.o
                                        0x309 (size before relaxing)
 .debug_str     0x0000000000001de5      0x4ff queue.o
                                        0xeb6 (size before relaxing)
 .debug_str     0x00000000000022e4     0x1777 main.o
                                       0x1f8c (size before relaxing)
 .debug_str     0x0000000000003a5b      0x130 /usr/lib/arm-none-eabi/newlib/thumb/v7-m//libc_nano.a(lib_a-aeabi_atexit.o)
                                        0x5f0 (size before relaxing)
 .debug_str     0x0000000000003b8b       0xe8 /usr/lib/arm-none-eabi/newlib/thumb/v7-m//libc_nano.a(lib_a-cxa_atexit.o)
                                        0x63b (size before relaxing)
 .debug_str     0x0000000000003c73       0x7b /usr/lib/arm-none-eabi/newlib/thumb/v7-m//libc_nano.a(lib_a-errno.o)
                                        0x5d6 (size before relaxing)
 .debug_str     0x0000000000003cee       0x88 /usr/lib/arm-none-eabi/newlib/thumb/v7-m//libc_nano.a(lib_a-impure.o)
                                        0x5c4 (size before relaxing)
 .debug_str     0x0000000000003d76       0xa0 /usr/lib/arm-none-eabi/newlib/thumb/v7-m//libc_nano.a(lib_a-memcpy.o)
 .debug_str     0x0000000000003e16      0x2e3 /usr/lib/arm-none-eabi/newlib/thumb/v7-m//libc_nano.a(lib_a-memset.o)
                                        0x8f1 (size before relaxing)
 .debug_str     0x00000000000040f9      0x2fb /usr/lib/arm-none-eabi/newlib/thumb/v7-m//libc_nano.a(lib_a-nano-vfprintf_float.o)
                                        0xc2e (size before relaxing)
 .debug_str     0x00000000000043f4       0x7f /usr/lib/arm-none-eabi/newlib/thumb/v7-m//libc_nano.a(lib_a-nano-vfprintf_i.o)
                                        0xbab (size before relaxing)
 .debug_str     0x0000000000004473       0x4e /usr/lib/arm-none-eabi/newlib/thumb/v7-m//libc_nano.a(lib_a-on_exit_args.o)
                                        0x5e6 (size before relaxing)
 .debug_str     0x00000000000044c1       0x3e /usr/lib/arm-none-eabi/newlib/thumb/v7-m//libc_nano.a(lib_a-strlen-stub.o)
                                        0x5da (size before relaxing)
 .debug_str     0x00000000000044ff      0x167 /usr/lib/arm-none-eabi/newlib/thumb/v7-m//libc_nano.a(lib_a-dtoa.o)
                                        0xad1 (size before relaxing)
 .debug_str     0x0000000000004666       0xe4 /usr/lib/arm-none-eabi/newlib/thumb/v7-m//libc_nano.a(lib_a-localeconv.o)
                                        0x956 (size before relaxing)
 .debug_str     0x000000000000474a       0x51 /usr/lib/arm-none-eabi/newlib/thumb/v7-m//libc_nano.a(lib_a-memchr-stub.o)
                                        0x5f4 (size before relaxing)
 .debug_str     0x000000000000479b       0x8a /usr/lib/arm-none-eabi/newlib/thumb/v7-m//libc_nano.a(lib_a-mprec.o)
                                        0xa7a (size before relaxing)
 .debug_str     0x0000000000004825       0xea /usr/lib/arm-none-eabi/newlib/thumb/v7-m//libc_nano.a(lib_a-nano-callocr.o)
                                        0x6ca (size before relaxing)
 .debug_str     0x000000000000490f       0x50 /usr/lib/arm-none-eabi/newlib/thumb/v7-m//libc_nano.a(lib_a-nano-mallocr.o)
                                        0x70b (size before relaxing)
 .debug_str     0x000000000000495f       0x39 /usr/lib/arm-none-eabi/newlib/thumb/v7-m//libc_nano.a(lib_a-sbrkr.o)
                                        0x607 (size before relaxing)
 .debug_str     0x0000000000004998       0x80 /usr/lib/arm-none-eabi/newlib/thumb/v7-m//libc_nano.a(lib_a-locale.o)
                                        0x996 (size before relaxing)
 .debug_str     0x0000000000004a18       0x4c /usr/lib/arm-none-eabi/newlib/thumb/v7-m//libc_nano.a(lib_a-mbtowc_r.o)
                                        0x967 (size before relaxing)
 .debug_str     0x0000000000004a64       0x49 /usr/lib/arm-none-eabi/newlib/thumb/v7-m//libc_nano.a(lib_a-mlock.o)
                                        0x5f0 (size before relaxing)
 .debug_str     0x0000000000004aad       0x63 /usr/lib/arm-none-eabi/newlib/thumb/v7-m//libc_nano.a(lib_a-reent.o)
                                        0x600 (size before relaxing)
 .debug_str     0x0000000000004b10       0x40 /usr/lib/arm-none-eabi/newlib/thumb/v7-m//libc_nano.a(lib_a-strcmp.o)
                                         0xa0 (size before relaxing)
 .debug_str     0x0000000000004b50       0x53 /usr/lib/arm-none-eabi/newlib/thumb/v7-m//libc_nano.a(lib_a-wctomb_r.o)
                                        0x96e (size before relaxing)
 .debug_str     0x0000000000004ba3       0x7c /usr/lib/arm-none-eabi/newlib/thumb/v7-m//libc_nano.a(lib_a-ctype_.o)
                                        0x8dc (size before relaxing)
 .debug_str     0x0000000000004c1f       0x24 /usr/lib/arm-none-eabi/newlib/thumb/v7-m//libc_nano.a(lib_a-nano-freer.o)
                                        0x6f4 (size before relaxing)
 .debug_str     0x0000000000004c43       0x6a /usr/lib/gcc/arm-none-eabi/7.3.1/thumb/v7-m/libgcc.a(_arm_addsubdf3.o)
                                         0x78 (size before relaxing)
 .debug_str     0x0000000000004cad       0x78 /usr/lib/gcc/arm-none-eabi/7.3.1/thumb/v7-m/libgcc.a(_arm_muldivdf3.o)
 .debug_str     0x0000000000004cad       0x78 /usr/lib/gcc/arm-none-eabi/7.3.1/thumb/v7-m/libgcc.a(_arm_cmpdf2.o)
 .debug_str     0x0000000000004cad       0x78 /usr/lib/gcc/arm-none-eabi/7.3.1/thumb/v7-m/libgcc.a(_arm_unorddf2.o)
 .debug_str     0x0000000000004cad       0x78 /usr/lib/gcc/arm-none-eabi/7.3.1/thumb/v7-m/libgcc.a(_arm_fixdfsi.o)

.comment        0x0000000000000000       0xae
 .comment       0x0000000000000000       0x57 startup.o
                                         0x58 (size before relaxing)
 .comment       0x0000000000000057       0x58 malloc.o
 .comment       0x0000000000000057       0x58 tasks.o
 .comment       0x0000000000000057       0x58 heap_2.o
 .comment       0x0000000000000057       0x58 timers.o
 .comment       0x0000000000000057       0x58 list.o
 .comment       0x0000000000000057       0x58 port.o
 .comment       0x0000000000000057       0x58 queue.o
 .comment       0x0000000000000057       0x58 main.o
 .comment       0x0000000000000057       0x57 /usr/lib/arm-none-eabi/newlib/thumb/v7-m//libc_nano.a(lib_a-aeabi_atexit.o)
                                         0x58 (size before relaxing)
 .comment       0x00000000000000ae       0x58 /usr/lib/arm-none-eabi/newlib/thumb/v7-m//libc_nano.a(lib_a-cxa_atexit.o)
 .comment       0x00000000000000ae       0x58 /usr/lib/arm-none-eabi/newlib/thumb/v7-m//libc_nano.a(lib_a-errno.o)
 .comment       0x00000000000000ae       0x58 /usr/lib/arm-none-eabi/newlib/thumb/v7-m//libc_nano.a(lib_a-impure.o)
 .comment       0x00000000000000ae       0x58 /usr/lib/arm-none-eabi/newlib/thumb/v7-m//libc_nano.a(lib_a-memset.o)
 .comment       0x00000000000000ae       0x58 /usr/lib/arm-none-eabi/newlib/thumb/v7-m//libc_nano.a(lib_a-nano-vfprintf_float.o)
 .comment       0x00000000000000ae       0x58 /usr/lib/arm-none-eabi/newlib/thumb/v7-m//libc_nano.a(lib_a-nano-vfprintf_i.o)
 .comment       0x00000000000000ae       0x58 /usr/lib/arm-none-eabi/newlib/thumb/v7-m//libc_nano.a(lib_a-on_exit_args.o)
 .comment       0x00000000000000ae       0x58 /usr/lib/arm-none-eabi/newlib/thumb/v7-m//libc_nano.a(lib_a-strlen-stub.o)
 .comment       0x00000000000000ae       0x58 /usr/lib/arm-none-eabi/newlib/thumb/v7-m//libc_nano.a(lib_a-dtoa.o)
 .comment       0x00000000000000ae       0x58 /usr/lib/arm-none-eabi/newlib/thumb/v7-m//libc_nano.a(lib_a-localeconv.o)
 .comment       0x00000000000000ae       0x58 /usr/lib/arm-none-eabi/newlib/thumb/v7-m//libc_nano.a(lib_a-memchr-stub.o)
 .comment       0x00000000000000ae       0x58 /usr/lib/arm-none-eabi/newlib/thumb/v7-m//libc_nano.a(lib_a-mprec.o)
 .comment       0x00000000000000ae       0x58 /usr/lib/arm-none-eabi/newlib/thumb/v7-m//libc_nano.a(lib_a-nano-callocr.o)
 .comment       0x00000000000000ae       0x58 /usr/lib/arm-none-eabi/newlib/thumb/v7-m//libc_nano.a(lib_a-nano-mallocr.o)
 .comment       0x00000000000000ae       0x58 /usr/lib/arm-none-eabi/newlib/thumb/v7-m//libc_nano.a(lib_a-sbrkr.o)
 .comment       0x00000000000000ae       0x58 /usr/lib/arm-none-eabi/newlib/thumb/v7-m//libc_nano.a(lib_a-locale.o)
 .comment       0x00000000000000ae       0x58 /usr/lib/arm-none-eabi/newlib/thumb/v7-m//libc_nano.a(lib_a-mbtowc_r.o)
 .comment       0x00000000000000ae       0x58 /usr/lib/arm-none-eabi/newlib/thumb/v7-m//libc_nano.a(lib_a-mlock.o)
 .comment       0x00000000000000ae       0x58 /usr/lib/arm-none-eabi/newlib/thumb/v7-m//libc_nano.a(lib_a-reent.o)
 .comment       0x00000000000000ae       0x58 /usr/lib/arm-none-eabi/newlib/thumb/v7-m//libc_nano.a(lib_a-wctomb_r.o)
 .comment       0x00000000000000ae       0x58 /usr/lib/arm-none-eabi/newlib/thumb/v7-m//libc_nano.a(lib_a-ctype_.o)
 .comment       0x00000000000000ae       0x58 /usr/lib/arm-none-eabi/newlib/thumb/v7-m//libc_nano.a(lib_a-nano-freer.o)

.ARM.attributes
                0x0000000000000000       0x31
 .ARM.attributes
                0x0000000000000000       0x2f startup.o
 .ARM.attributes
                0x000000000000002f       0x2f malloc.o
 .ARM.attributes
                0x000000000000005e       0x33 tasks.o
 .ARM.attributes
                0x0000000000000091       0x33 heap_2.o
 .ARM.attributes
                0x00000000000000c4       0x33 timers.o
 .ARM.attributes
                0x00000000000000f7       0x33 list.o
 .ARM.attributes
                0x000000000000012a       0x33 port.o
 .ARM.attributes
                0x000000000000015d       0x33 queue.o
 .ARM.attributes
                0x0000000000000190       0x2f main.o
 .ARM.attributes
                0x00000000000001bf       0x2d /usr/lib/arm-none-eabi/newlib/thumb/v7-m//libc_nano.a(lib_a-aeabi_atexit.o)
 .ARM.attributes
                0x00000000000001ec       0x2d /usr/lib/arm-none-eabi/newlib/thumb/v7-m//libc_nano.a(lib_a-cxa_atexit.o)
 .ARM.attributes
                0x0000000000000219       0x2d /usr/lib/arm-none-eabi/newlib/thumb/v7-m//libc_nano.a(lib_a-errno.o)
 .ARM.attributes
                0x0000000000000246       0x2d /usr/lib/arm-none-eabi/newlib/thumb/v7-m//libc_nano.a(lib_a-impure.o)
 .ARM.attributes
                0x0000000000000273       0x1b /usr/lib/arm-none-eabi/newlib/thumb/v7-m//libc_nano.a(lib_a-memcpy.o)
 .ARM.attributes
                0x000000000000028e       0x2d /usr/lib/arm-none-eabi/newlib/thumb/v7-m//libc_nano.a(lib_a-memset.o)
 .ARM.attributes
                0x00000000000002bb       0x2d /usr/lib/arm-none-eabi/newlib/thumb/v7-m//libc_nano.a(lib_a-nano-vfprintf_float.o)
 .ARM.attributes
                0x00000000000002e8       0x2d /usr/lib/arm-none-eabi/newlib/thumb/v7-m//libc_nano.a(lib_a-nano-vfprintf_i.o)
 .ARM.attributes
                0x0000000000000315       0x2d /usr/lib/arm-none-eabi/newlib/thumb/v7-m//libc_nano.a(lib_a-on_exit_args.o)
 .ARM.attributes
                0x0000000000000342       0x2d /usr/lib/arm-none-eabi/newlib/thumb/v7-m//libc_nano.a(lib_a-strlen-stub.o)
 .ARM.attributes
                0x000000000000036f       0x2d /usr/lib/arm-none-eabi/newlib/thumb/v7-m//libc_nano.a(lib_a-dtoa.o)
 .ARM.attributes
                0x000000000000039c       0x2d /usr/lib/arm-none-eabi/newlib/thumb/v7-m//libc_nano.a(lib_a-localeconv.o)
 .ARM.attributes
                0x00000000000003c9       0x2d /usr/lib/arm-none-eabi/newlib/thumb/v7-m//libc_nano.a(lib_a-memchr-stub.o)
 .ARM.attributes
                0x00000000000003f6       0x2d /usr/lib/arm-none-eabi/newlib/thumb/v7-m//libc_nano.a(lib_a-mprec.o)
 .ARM.attributes
                0x0000000000000423       0x2d /usr/lib/arm-none-eabi/newlib/thumb/v7-m//libc_nano.a(lib_a-nano-callocr.o)
 .ARM.attributes
                0x0000000000000450       0x2d /usr/lib/arm-none-eabi/newlib/thumb/v7-m//libc_nano.a(lib_a-nano-mallocr.o)
 .ARM.attributes
                0x000000000000047d       0x2d /usr/lib/arm-none-eabi/newlib/thumb/v7-m//libc_nano.a(lib_a-sbrkr.o)
 .ARM.attributes
                0x00000000000004aa       0x2d /usr/lib/arm-none-eabi/newlib/thumb/v7-m//libc_nano.a(lib_a-locale.o)
 .ARM.attributes
                0x00000000000004d7       0x2d /usr/lib/arm-none-eabi/newlib/thumb/v7-m//libc_nano.a(lib_a-mbtowc_r.o)
 .ARM.attributes
                0x0000000000000504       0x2d /usr/lib/arm-none-eabi/newlib/thumb/v7-m//libc_nano.a(lib_a-mlock.o)
 .ARM.attributes
                0x0000000000000531       0x2d /usr/lib/arm-none-eabi/newlib/thumb/v7-m//libc_nano.a(lib_a-reent.o)
 .ARM.attributes
                0x000000000000055e       0x1b /usr/lib/arm-none-eabi/newlib/thumb/v7-m//libc_nano.a(lib_a-strcmp.o)
 .ARM.attributes
                0x0000000000000579       0x2d /usr/lib/arm-none-eabi/newlib/thumb/v7-m//libc_nano.a(lib_a-wctomb_r.o)
 .ARM.attributes
                0x00000000000005a6       0x2d /usr/lib/arm-none-eabi/newlib/thumb/v7-m//libc_nano.a(lib_a-ctype_.o)
 .ARM.attributes
                0x00000000000005d3       0x2d /usr/lib/arm-none-eabi/newlib/thumb/v7-m//libc_nano.a(lib_a-nano-freer.o)
 .ARM.attributes
                0x0000000000000600       0x1d /usr/lib/gcc/arm-none-eabi/7.3.1/thumb/v7-m/libgcc.a(_arm_addsubdf3.o)
 .ARM.attributes
                0x000000000000061d       0x1d /usr/lib/gcc/arm-none-eabi/7.3.1/thumb/v7-m/libgcc.a(_arm_muldivdf3.o)
 .ARM.attributes
                0x000000000000063a       0x1d /usr/lib/gcc/arm-none-eabi/7.3.1/thumb/v7-m/libgcc.a(_arm_cmpdf2.o)
 .ARM.attributes
                0x0000000000000657       0x1d /usr/lib/gcc/arm-none-eabi/7.3.1/thumb/v7-m/libgcc.a(_arm_unorddf2.o)
 .ARM.attributes
                0x0000000000000674       0x1d /usr/lib/gcc/arm-none-eabi/7.3.1/thumb/v7-m/libgcc.a(_arm_fixdfsi.o)

.debug_frame    0x0000000000000000     0x209c
 .debug_frame   0x0000000000000000       0xb8 startup.o
 .debug_frame   0x00000000000000b8      0x1f4 malloc.o
 .debug_frame   0x00000000000002ac      0x4dc tasks.o
 .debug_frame   0x0000000000000788       0x70 heap_2.o
 .debug_frame   0x00000000000007f8      0x1b8 timers.o
 .debug_frame   0x00000000000009b0       0x6c list.o
 .debug_frame   0x0000000000000a1c       0xd8 port.o
 .debug_frame   0x0000000000000af4      0x310 queue.o
 .debug_frame   0x0000000000000e04      0x8c0 main.o
 .debug_frame   0x00000000000016c4       0x20 /usr/lib/arm-none-eabi/newlib/thumb/v7-m//libc_nano.a(lib_a-aeabi_atexit.o)
 .debug_frame   0x00000000000016e4       0x28 /usr/lib/arm-none-eabi/newlib/thumb/v7-m//libc_nano.a(lib_a-cxa_atexit.o)
 .debug_frame   0x000000000000170c       0x20 /usr/lib/arm-none-eabi/newlib/thumb/v7-m//libc_nano.a(lib_a-errno.o)
 .debug_frame   0x000000000000172c       0x38 /usr/lib/arm-none-eabi/newlib/thumb/v7-m//libc_nano.a(lib_a-memset.o)
 .debug_frame   0x0000000000001764       0xb0 /usr/lib/arm-none-eabi/newlib/thumb/v7-m//libc_nano.a(lib_a-nano-vfprintf_float.o)
 .debug_frame   0x0000000000001814       0x68 /usr/lib/arm-none-eabi/newlib/thumb/v7-m//libc_nano.a(lib_a-nano-vfprintf_i.o)
 .debug_frame   0x000000000000187c       0x20 /usr/lib/arm-none-eabi/newlib/thumb/v7-m//libc_nano.a(lib_a-strlen-stub.o)
 .debug_frame   0x000000000000189c       0x88 /usr/lib/arm-none-eabi/newlib/thumb/v7-m//libc_nano.a(lib_a-dtoa.o)
 .debug_frame   0x0000000000001924       0x40 /usr/lib/arm-none-eabi/newlib/thumb/v7-m//libc_nano.a(lib_a-localeconv.o)
 .debug_frame   0x0000000000001964       0x34 /usr/lib/arm-none-eabi/newlib/thumb/v7-m//libc_nano.a(lib_a-memchr-stub.o)
 .debug_frame   0x0000000000001998      0x280 /usr/lib/arm-none-eabi/newlib/thumb/v7-m//libc_nano.a(lib_a-mprec.o)
 .debug_frame   0x0000000000001c18       0x2c /usr/lib/arm-none-eabi/newlib/thumb/v7-m//libc_nano.a(lib_a-nano-callocr.o)
 .debug_frame   0x0000000000001c44       0x30 /usr/lib/arm-none-eabi/newlib/thumb/v7-m//libc_nano.a(lib_a-nano-mallocr.o)
 .debug_frame   0x0000000000001c74       0x2c /usr/lib/arm-none-eabi/newlib/thumb/v7-m//libc_nano.a(lib_a-sbrkr.o)
 .debug_frame   0x0000000000001ca0       0x4c /usr/lib/arm-none-eabi/newlib/thumb/v7-m//libc_nano.a(lib_a-locale.o)
 .debug_frame   0x0000000000001cec       0x4c /usr/lib/arm-none-eabi/newlib/thumb/v7-m//libc_nano.a(lib_a-mbtowc_r.o)
 .debug_frame   0x0000000000001d38       0x30 /usr/lib/arm-none-eabi/newlib/thumb/v7-m//libc_nano.a(lib_a-mlock.o)
 .debug_frame   0x0000000000001d68       0x6c /usr/lib/arm-none-eabi/newlib/thumb/v7-m//libc_nano.a(lib_a-reent.o)
 .debug_frame   0x0000000000001dd4       0x34 /usr/lib/arm-none-eabi/newlib/thumb/v7-m//libc_nano.a(lib_a-strcmp.o)
 .debug_frame   0x0000000000001e08       0x3c /usr/lib/arm-none-eabi/newlib/thumb/v7-m//libc_nano.a(lib_a-wctomb_r.o)
 .debug_frame   0x0000000000001e44       0x54 /usr/lib/arm-none-eabi/newlib/thumb/v7-m//libc_nano.a(lib_a-nano-freer.o)
 .debug_frame   0x0000000000001e98       0xac /usr/lib/gcc/arm-none-eabi/7.3.1/thumb/v7-m/libgcc.a(_arm_addsubdf3.o)
 .debug_frame   0x0000000000001f44       0x50 /usr/lib/gcc/arm-none-eabi/7.3.1/thumb/v7-m/libgcc.a(_arm_muldivdf3.o)
 .debug_frame   0x0000000000001f94       0xc4 /usr/lib/gcc/arm-none-eabi/7.3.1/thumb/v7-m/libgcc.a(_arm_cmpdf2.o)
 .debug_frame   0x0000000000002058       0x20 /usr/lib/gcc/arm-none-eabi/7.3.1/thumb/v7-m/libgcc.a(_arm_unorddf2.o)
 .debug_frame   0x0000000000002078       0x24 /usr/lib/gcc/arm-none-eabi/7.3.1/thumb/v7-m/libgcc.a(_arm_fixdfsi.o)

.debug_loc      0x0000000000000000     0x9d18
 .debug_loc     0x0000000000000000     0x1ac2 tasks.o
 .debug_loc     0x0000000000001ac2      0x255 heap_2.o
 .debug_loc     0x0000000000001d17      0x962 timers.o
 .debug_loc     0x0000000000002679       0x65 list.o
 .debug_loc     0x00000000000026de       0xa8 port.o
 .debug_loc     0x0000000000002786     0x1236 queue.o
 .debug_loc     0x00000000000039bc       0x79 /usr/lib/arm-none-eabi/newlib/thumb/v7-m//libc_nano.a(lib_a-aeabi_atexit.o)
 .debug_loc     0x0000000000003a35       0xb3 /usr/lib/arm-none-eabi/newlib/thumb/v7-m//libc_nano.a(lib_a-cxa_atexit.o)
 .debug_loc     0x0000000000003ae8      0x175 /usr/lib/arm-none-eabi/newlib/thumb/v7-m//libc_nano.a(lib_a-memset.o)
 .debug_loc     0x0000000000003c5d      0x988 /usr/lib/arm-none-eabi/newlib/thumb/v7-m//libc_nano.a(lib_a-nano-vfprintf_float.o)
 .debug_loc     0x00000000000045e5      0x709 /usr/lib/arm-none-eabi/newlib/thumb/v7-m//libc_nano.a(lib_a-nano-vfprintf_i.o)
 .debug_loc     0x0000000000004cee       0x21 /usr/lib/arm-none-eabi/newlib/thumb/v7-m//libc_nano.a(lib_a-strlen-stub.o)
 .debug_loc     0x0000000000004d0f     0x2653 /usr/lib/arm-none-eabi/newlib/thumb/v7-m//libc_nano.a(lib_a-dtoa.o)
 .debug_loc     0x0000000000007362       0x63 /usr/lib/arm-none-eabi/newlib/thumb/v7-m//libc_nano.a(lib_a-localeconv.o)
 .debug_loc     0x00000000000073c5      0x1e0 /usr/lib/arm-none-eabi/newlib/thumb/v7-m//libc_nano.a(lib_a-memchr-stub.o)
 .debug_loc     0x00000000000075a5     0x1c5e /usr/lib/arm-none-eabi/newlib/thumb/v7-m//libc_nano.a(lib_a-mprec.o)
 .debug_loc     0x0000000000009203       0x81 /usr/lib/arm-none-eabi/newlib/thumb/v7-m//libc_nano.a(lib_a-nano-callocr.o)
 .debug_loc     0x0000000000009284      0x355 /usr/lib/arm-none-eabi/newlib/thumb/v7-m//libc_nano.a(lib_a-nano-mallocr.o)
 .debug_loc     0x00000000000095d9       0x4d /usr/lib/arm-none-eabi/newlib/thumb/v7-m//libc_nano.a(lib_a-sbrkr.o)
 .debug_loc     0x0000000000009626      0x126 /usr/lib/arm-none-eabi/newlib/thumb/v7-m//libc_nano.a(lib_a-locale.o)
 .debug_loc     0x000000000000974c      0x1dd /usr/lib/arm-none-eabi/newlib/thumb/v7-m//libc_nano.a(lib_a-mbtowc_r.o)
 .debug_loc     0x0000000000009929      0x14a /usr/lib/arm-none-eabi/newlib/thumb/v7-m//libc_nano.a(lib_a-reent.o)
 .debug_loc     0x0000000000009a73      0x124 /usr/lib/arm-none-eabi/newlib/thumb/v7-m//libc_nano.a(lib_a-wctomb_r.o)
 .debug_loc     0x0000000000009b97      0x181 /usr/lib/arm-none-eabi/newlib/thumb/v7-m//libc_nano.a(lib_a-nano-freer.o)
